Archive member included to satisfy reference by file (symbol)

/usr/lib/gcc/arm-none-eabi/4.9.3/armv6-m/libgcc.a(_udivsi3.o)
                              ./system/src/stm32f0xx/stm32f0xx_hal.o (__aeabi_uidiv)
/usr/lib/gcc/arm-none-eabi/4.9.3/armv6-m/libgcc.a(_divsi3.o)
                              ./src/dimmer.o (__aeabi_idiv)
/usr/lib/gcc/arm-none-eabi/4.9.3/armv6-m/libgcc.a(_dvmd_tls.o)
                              /usr/lib/gcc/arm-none-eabi/4.9.3/armv6-m/libgcc.a(_udivsi3.o) (__aeabi_idiv0)
/usr/lib/gcc/arm-none-eabi/4.9.3/armv6-m/libgcc.a(_aeabi_uldivmod.o)
                              ./src/dimmer.o (__aeabi_uldivmod)
/usr/lib/gcc/arm-none-eabi/4.9.3/armv6-m/libgcc.a(bpabi.o)
                              /usr/lib/gcc/arm-none-eabi/4.9.3/armv6-m/libgcc.a(_aeabi_uldivmod.o) (__gnu_uldivmod_helper)
/usr/lib/gcc/arm-none-eabi/4.9.3/armv6-m/libgcc.a(unwind-arm.o)
                              ./system/src/newlib/_cxx.o (__aeabi_unwind_cpp_pr1)
/usr/lib/gcc/arm-none-eabi/4.9.3/armv6-m/libgcc.a(libunwind.o)
                              /usr/lib/gcc/arm-none-eabi/4.9.3/armv6-m/libgcc.a(unwind-arm.o) (restore_core_regs)
/usr/lib/gcc/arm-none-eabi/4.9.3/armv6-m/libgcc.a(pr-support.o)
                              /usr/lib/gcc/arm-none-eabi/4.9.3/armv6-m/libgcc.a(unwind-arm.o) (__gnu_unwind_execute)
/usr/lib/gcc/arm-none-eabi/4.9.3/armv6-m/libgcc.a(_muldi3.o)
                              /usr/lib/gcc/arm-none-eabi/4.9.3/armv6-m/libgcc.a(bpabi.o) (__aeabi_lmul)
/usr/lib/gcc/arm-none-eabi/4.9.3/armv6-m/libgcc.a(_divdi3.o)
                              /usr/lib/gcc/arm-none-eabi/4.9.3/armv6-m/libgcc.a(bpabi.o) (__divdi3)
/usr/lib/gcc/arm-none-eabi/4.9.3/armv6-m/libgcc.a(_udivdi3.o)
                              /usr/lib/gcc/arm-none-eabi/4.9.3/armv6-m/libgcc.a(bpabi.o) (__udivdi3)
/usr/lib/gcc/arm-none-eabi/4.9.3/armv6-m/libgcc.a(_clzdi2.o)
                              /usr/lib/gcc/arm-none-eabi/4.9.3/armv6-m/libgcc.a(_divdi3.o) (__clzdi2)
/usr/lib/gcc/arm-none-eabi/4.9.3/armv6-m/libgcc.a(_clzsi2.o)
                              /usr/lib/gcc/arm-none-eabi/4.9.3/armv6-m/libgcc.a(_clzdi2.o) (__clzsi2)
/usr/lib/gcc/arm-none-eabi/4.9.3/../../../arm-none-eabi/lib/armv6-m/libg_nano.a(lib_a-atoi.o)
                              ./src/dimmer.o (atoi)
/usr/lib/gcc/arm-none-eabi/4.9.3/../../../arm-none-eabi/lib/armv6-m/libg_nano.a(lib_a-errno.o)
                              ./system/src/newlib/_sbrk.o (__errno)
/usr/lib/gcc/arm-none-eabi/4.9.3/../../../arm-none-eabi/lib/armv6-m/libg_nano.a(lib_a-impure.o)
                              /usr/lib/gcc/arm-none-eabi/4.9.3/../../../arm-none-eabi/lib/armv6-m/libg_nano.a(lib_a-errno.o) (_impure_ptr)
/usr/lib/gcc/arm-none-eabi/4.9.3/../../../arm-none-eabi/lib/armv6-m/libg_nano.a(lib_a-init.o)
                              ./system/src/cmsis/startup_stm32f030x6.o (__libc_init_array)
/usr/lib/gcc/arm-none-eabi/4.9.3/../../../arm-none-eabi/lib/armv6-m/libg_nano.a(lib_a-memchr.o)
                              ./src/dimmer.o (memchr)
/usr/lib/gcc/arm-none-eabi/4.9.3/../../../arm-none-eabi/lib/armv6-m/libg_nano.a(lib_a-memcpy.o)
                              ./system/src/stm32f0xx/stm32f0xx_hal_rcc.o (memcpy)
/usr/lib/gcc/arm-none-eabi/4.9.3/../../../arm-none-eabi/lib/armv6-m/libg_nano.a(lib_a-strlen.o)
                              ./system/src/diag/Trace.o (strlen)
/usr/lib/gcc/arm-none-eabi/4.9.3/../../../arm-none-eabi/lib/armv6-m/libg_nano.a(lib_a-strtol.o)
                              /usr/lib/gcc/arm-none-eabi/4.9.3/../../../arm-none-eabi/lib/armv6-m/libg_nano.a(lib_a-atoi.o) (_strtol_r)
/usr/lib/gcc/arm-none-eabi/4.9.3/../../../arm-none-eabi/lib/armv6-m/libg_nano.a(lib_a-vsnprintf.o)
                              ./system/src/diag/Trace.o (vsnprintf)
/usr/lib/gcc/arm-none-eabi/4.9.3/../../../arm-none-eabi/lib/armv6-m/libg_nano.a(lib_a-ctype_.o)
                              /usr/lib/gcc/arm-none-eabi/4.9.3/../../../arm-none-eabi/lib/armv6-m/libg_nano.a(lib_a-strtol.o) (__ctype_ptr__)
/usr/lib/gcc/arm-none-eabi/4.9.3/../../../arm-none-eabi/lib/armv6-m/libg_nano.a(lib_a-nano-svfprintf.o)
                              /usr/lib/gcc/arm-none-eabi/4.9.3/../../../arm-none-eabi/lib/armv6-m/libg_nano.a(lib_a-vsnprintf.o) (_svfprintf_r)
/usr/lib/gcc/arm-none-eabi/4.9.3/../../../arm-none-eabi/lib/armv6-m/libg_nano.a(lib_a-nano-vfprintf_i.o)
                              /usr/lib/gcc/arm-none-eabi/4.9.3/../../../arm-none-eabi/lib/armv6-m/libg_nano.a(lib_a-nano-svfprintf.o) (_printf_i)
/usr/lib/gcc/arm-none-eabi/4.9.3/../../../arm-none-eabi/lib/armv6-m/libg_nano.a(lib_a-memmove.o)
                              /usr/lib/gcc/arm-none-eabi/4.9.3/../../../arm-none-eabi/lib/armv6-m/libg_nano.a(lib_a-nano-svfprintf.o) (memmove)
/usr/lib/gcc/arm-none-eabi/4.9.3/../../../arm-none-eabi/lib/armv6-m/libg_nano.a(lib_a-nano-freer.o)
                              /usr/lib/gcc/arm-none-eabi/4.9.3/../../../arm-none-eabi/lib/armv6-m/libg_nano.a(lib_a-nano-svfprintf.o) (_free_r)
[...]
Memory Configuration

Name             Origin             Length             Attributes
FLASH            0x0000000008000000 0x0000000000004000 xr
RAM              0x0000000020000000 0x0000000000001000 xrw
CCMRAM           0x0000000010000000 0x0000000000000000 xrw
FLASHB1          0x0000000000000000 0x0000000000000000 xr
EXTMEMB0         0x0000000000000000 0x0000000000000000 xr
EXTMEMB1         0x0000000000000000 0x0000000000000000 xr
EXTMEMB2         0x0000000000000000 0x0000000000000000 xr
EXTMEMB3         0x0000000000000000 0x0000000000000000 xr
*default*        0x0000000000000000 0xffffffffffffffff

Linker script and memory map

LOAD ./system/src/stm32f0xx/stm32f0xx_hal.o
LOAD ./system/src/stm32f0xx/stm32f0xx_hal_adc.o
LOAD ./system/src/stm32f0xx/stm32f0xx_hal_adc_ex.o
LOAD ./system/src/stm32f0xx/stm32f0xx_hal_cortex.o
LOAD ./system/src/stm32f0xx/stm32f0xx_hal_dma.o
LOAD ./system/src/stm32f0xx/stm32f0xx_hal_flash.o
LOAD ./system/src/stm32f0xx/stm32f0xx_hal_flash_ex.o
LOAD ./system/src/stm32f0xx/stm32f0xx_hal_gpio.o
LOAD ./system/src/stm32f0xx/stm32f0xx_hal_i2c.o
LOAD ./system/src/stm32f0xx/stm32f0xx_hal_i2c_ex.o
LOAD ./system/src/stm32f0xx/stm32f0xx_hal_iwdg.o
LOAD ./system/src/stm32f0xx/stm32f0xx_hal_pwr.o
LOAD ./system/src/stm32f0xx/stm32f0xx_hal_pwr_ex.o
LOAD ./system/src/stm32f0xx/stm32f0xx_hal_rcc.o
LOAD ./system/src/stm32f0xx/stm32f0xx_hal_rcc_ex.o
LOAD ./system/src/stm32f0xx/stm32f0xx_hal_tim.o
LOAD ./system/src/stm32f0xx/stm32f0xx_hal_tim_ex.o
LOAD ./system/src/stm32f0xx/stm32f0xx_hal_uart.o
LOAD ./system/src/stm32f0xx/stm32f0xx_hal_uart_ex.o
LOAD ./system/src/newlib/_cxx.o
LOAD ./system/src/newlib/_exit.o
LOAD ./system/src/newlib/_sbrk.o
LOAD ./system/src/newlib/_startup.o
LOAD ./system/src/newlib/_syscalls.o
LOAD ./system/src/newlib/assert.o
LOAD ./system/src/diag/Trace.o
LOAD ./system/src/diag/trace_impl.o
LOAD ./system/src/cortexm/_initialize_hardware.o
LOAD ./system/src/cortexm/_reset_hardware.o
LOAD ./system/src/cortexm/exception_handlers.o
LOAD ./system/src/cmsis/startup_stm32f030x6.o
LOAD ./system/src/cmsis/system_stm32f0xx.o
LOAD ./src/dimmer.o
LOAD ./src/main.o
LOAD ./src/stm32f0xx_hal_msp.o
LOAD ./src/stm32f0xx_it.o
LOAD /usr/lib/gcc/arm-none-eabi/4.9.3/../../../arm-none-eabi/lib/armv6-m/libstdc++_nano.a
LOAD /usr/lib/gcc/arm-none-eabi/4.9.3/../../../arm-none-eabi/lib/armv6-m/libm.a
START GROUP
LOAD /usr/lib/gcc/arm-none-eabi/4.9.3/armv6-m/libgcc.a
LOAD /usr/lib/gcc/arm-none-eabi/4.9.3/../../../arm-none-eabi/lib/armv6-m/libg_nano.a
LOAD /usr/lib/gcc/arm-none-eabi/4.9.3/../../../arm-none-eabi/lib/armv6-m/libc_nano.a
END GROUP
START GROUP
LOAD /usr/lib/gcc/arm-none-eabi/4.9.3/armv6-m/libgcc.a
LOAD /usr/lib/gcc/arm-none-eabi/4.9.3/../../../arm-none-eabi/lib/armv6-m/libc_nano.a
END GROUP
                0x0000000020001000                __stack = (ORIGIN (RAM) + LENGTH (RAM))
                0x0000000020001000                _estack = __stack
                0x0000000000000800                __Main_Stack_Size = 0x800
                [!provide]                        PROVIDE (_Main_Stack_Size, __Main_Stack_Size)
                0x0000000020000800                __Main_Stack_Limit = (__stack - __Main_Stack_Size)
                [!provide]                        PROVIDE (_Main_Stack_Limit, __Main_Stack_Limit)
                0x0000000000000100                _Minimum_Stack_Size = 0x100
                0x0000000020000608                PROVIDE (_Heap_Begin, _end_noinit)
                0x0000000020000800                PROVIDE (_Heap_Limit, (__stack - __Main_Stack_Size))

.isr_vector     0x0000000008000000      0x228
 FILL mask 0xff
                0x0000000008000000                __vectors_start = ABSOLUTE (.)
                0x0000000008000000                __vectors_start__ = ABSOLUTE (.)
 *(.isr_vector)
 .isr_vector    0x0000000008000000       0xc0 ./system/src/cmsis/startup_stm32f030x6.o
                0x0000000008000000                g_pfnVectors
 *(.cfmconfig)
 *(.after_vectors .after_vectors.*)
 .after_vectors
                0x00000000080000c0      0x118 ./system/src/newlib/_startup.o
                0x00000000080000c0                _start
 .after_vectors
                0x00000000080001d8       0x50 ./system/src/cortexm/exception_handlers.o
                0x00000000080001d8                Reset_Handler
                0x00000000080001e0                NMI_Handler
                0x00000000080001e4                HardFault_Handler
                0x00000000080001fc                HardFault_Handler_C
                0x0000000008000218                SVC_Handler
                0x000000000800021c                PendSV_Handler

.inits          0x0000000008000228       0x28
                0x0000000008000228                __data_regions_array_start = .
                0x0000000008000228        0x4 LONG 0x800424c LOADADDR (.data)
                0x000000000800022c        0x4 LONG 0x20000000 ADDR (.data)
                0x0000000008000230        0x4 LONG 0x2000008c (ADDR (.data) + SIZEOF (.data))
                0x0000000008000234        0x4 LONG 0x800424c LOADADDR (.data_CCMRAM)
                0x0000000008000238        0x4 LONG 0x10000000 ADDR (.data_CCMRAM)
                0x000000000800023c        0x4 LONG 0x10000000 (ADDR (.data_CCMRAM) + SIZEOF (.data_CCMRAM))
                0x0000000008000240                __data_regions_array_end = .
                0x0000000008000240                __bss_regions_array_start = .
                0x0000000008000240        0x4 LONG 0x20000090 ADDR (.bss)
                0x0000000008000244        0x4 LONG 0x20000608 (ADDR (.bss) + SIZEOF (.bss))
                0x0000000008000248        0x4 LONG 0x10000000 ADDR (.bss_CCMRAM)
                0x000000000800024c        0x4 LONG 0x10000000 (ADDR (.bss_CCMRAM) + SIZEOF (.bss_CCMRAM))
                0x0000000008000250                __bss_regions_array_end = .
 *(.init)
 *(.fini)
                0x0000000008000250                . = ALIGN (0x4)
                0x0000000008000250                PROVIDE (__preinit_array_start, .)
 *(.preinit_array_sysinit .preinit_array_sysinit.*)
 *(.preinit_array_platform .preinit_array_platform.*)
 *(.preinit_array .preinit_array.*)
                0x0000000008000250                PROVIDE (__preinit_array_end, .)
                0x0000000008000250                . = ALIGN (0x4)
                0x0000000008000250                PROVIDE (__init_array_start, .)
 *(SORT(.init_array.*))
 *(.init_array)
                0x0000000008000250                PROVIDE (__init_array_end, .)
                0x0000000008000250                . = ALIGN (0x4)
                0x0000000008000250                PROVIDE (__fini_array_start, .)
 *(SORT(.fini_array.*))
 *(.fini_array)
                0x0000000008000250                PROVIDE (__fini_array_end, .)

.flashtext
 *(.flashtext .flashtext.*)

.text           0x0000000008000250     0x3ff2
 *(.text .text.*)
 .text.HAL_InitTick
                0x0000000008000250       0x24 ./system/src/stm32f0xx/stm32f0xx_hal.o
                0x0000000008000250                HAL_InitTick
 .text.HAL_Init
                0x0000000008000274       0x20 ./system/src/stm32f0xx/stm32f0xx_hal.o
                0x0000000008000274                HAL_Init
 .text.HAL_IncTick
                0x0000000008000294       0x10 ./system/src/stm32f0xx/stm32f0xx_hal.o
                0x0000000008000294                HAL_IncTick
 .text.HAL_GetTick
                0x00000000080002a4        0xc ./system/src/stm32f0xx/stm32f0xx_hal.o
                0x00000000080002a4                HAL_GetTick
 .text.ADC_Enable
                0x00000000080002b0       0xb8 ./system/src/stm32f0xx/stm32f0xx_hal_adc.o
 .text.HAL_ADC_Init
                0x0000000008000368      0x184 ./system/src/stm32f0xx/stm32f0xx_hal_adc.o
                0x0000000008000368                HAL_ADC_Init
 .text.HAL_ADC_Start_DMA
                0x00000000080004ec       0xa8 ./system/src/stm32f0xx/stm32f0xx_hal_adc.o
                0x00000000080004ec                HAL_ADC_Start_DMA
 .text.ADC_DMAConvCplt
                0x0000000008000594       0x70 ./system/src/stm32f0xx/stm32f0xx_hal_adc.o
 .text.HAL_ADC_ConvHalfCpltCallback
                0x0000000008000604        0x4 ./system/src/stm32f0xx/stm32f0xx_hal_adc.o
                0x0000000008000604                HAL_ADC_ConvHalfCpltCallback
 .text.ADC_DMAHalfConvCplt
                0x0000000008000608        0xc ./system/src/stm32f0xx/stm32f0xx_hal_adc.o
 .text.HAL_ADC_ErrorCallback
                0x0000000008000614        0x4 ./system/src/stm32f0xx/stm32f0xx_hal_adc.o
                0x0000000008000614                HAL_ADC_ErrorCallback
 .text.ADC_DMAError
                0x0000000008000618       0x1c ./system/src/stm32f0xx/stm32f0xx_hal_adc.o
 .text.HAL_ADC_ConfigChannel
                0x0000000008000634      0x138 ./system/src/stm32f0xx/stm32f0xx_hal_adc.o
                0x0000000008000634                HAL_ADC_ConfigChannel
 .text.HAL_NVIC_SetPriority
                0x000000000800076c       0x64 ./system/src/stm32f0xx/stm32f0xx_hal_cortex.o
                0x000000000800076c                HAL_NVIC_SetPriority
 .text.HAL_NVIC_EnableIRQ
                0x00000000080007d0       0x14 ./system/src/stm32f0xx/stm32f0xx_hal_cortex.o
                0x00000000080007d0                HAL_NVIC_EnableIRQ
 .text.HAL_SYSTICK_Config
                0x00000000080007e4       0x38 ./system/src/stm32f0xx/stm32f0xx_hal_cortex.o
                0x00000000080007e4                HAL_SYSTICK_Config
 .text.HAL_SYSTICK_CLKSourceConfig
                0x000000000800081c       0x20 ./system/src/stm32f0xx/stm32f0xx_hal_cortex.o
                0x000000000800081c                HAL_SYSTICK_CLKSourceConfig
 .text.HAL_SYSTICK_Callback
                0x000000000800083c        0x4 ./system/src/stm32f0xx/stm32f0xx_hal_cortex.o
                0x000000000800083c                HAL_SYSTICK_Callback
 .text.HAL_SYSTICK_IRQHandler
                0x0000000008000840        0x8 ./system/src/stm32f0xx/stm32f0xx_hal_cortex.o
                0x0000000008000840                HAL_SYSTICK_IRQHandler
 .text.DMA_SetConfig
                0x0000000008000848       0x2c ./system/src/stm32f0xx/stm32f0xx_hal_dma.o
 .text.DMA_CalcBaseAndBitshift
                0x0000000008000874       0x28 ./system/src/stm32f0xx/stm32f0xx_hal_dma.o
 .text.HAL_DMA_Init
                0x000000000800089c       0x5c ./system/src/stm32f0xx/stm32f0xx_hal_dma.o
                0x000000000800089c                HAL_DMA_Init
 .text.HAL_DMA_Start_IT
                0x00000000080008f8       0x78 ./system/src/stm32f0xx/stm32f0xx_hal_dma.o
                0x00000000080008f8                HAL_DMA_Start_IT
 .text.HAL_DMA_Abort_IT
                0x0000000008000970       0x4c ./system/src/stm32f0xx/stm32f0xx_hal_dma.o
                0x0000000008000970                HAL_DMA_Abort_IT
 .text.HAL_DMA_IRQHandler
                0x00000000080009bc       0xac ./system/src/stm32f0xx/stm32f0xx_hal_dma.o
                0x00000000080009bc                HAL_DMA_IRQHandler
 .text.HAL_GPIO_Init
                0x0000000008000a68      0x18c ./system/src/stm32f0xx/stm32f0xx_hal_gpio.o
                0x0000000008000a68                HAL_GPIO_Init
 .text.HAL_IWDG_MspInit
                0x0000000008000bf4        0x4 ./system/src/stm32f0xx/stm32f0xx_hal_iwdg.o
                0x0000000008000bf4                HAL_IWDG_MspInit
 .text.HAL_IWDG_Init
                0x0000000008000bf8       0xac ./system/src/stm32f0xx/stm32f0xx_hal_iwdg.o
                0x0000000008000bf8                HAL_IWDG_Init
 .text.HAL_RCC_OscConfig
                0x0000000008000ca4      0x480 ./system/src/stm32f0xx/stm32f0xx_hal_rcc.o
                0x0000000008000ca4                HAL_RCC_OscConfig
 .text.HAL_RCC_GetSysClockFreq
                0x0000000008001124       0x68 ./system/src/stm32f0xx/stm32f0xx_hal_rcc.o
                0x0000000008001124                HAL_RCC_GetSysClockFreq
 .text.HAL_RCC_ClockConfig
                0x000000000800118c      0x160 ./system/src/stm32f0xx/stm32f0xx_hal_rcc.o
                0x000000000800118c                HAL_RCC_ClockConfig
 .text.HAL_RCC_GetHCLKFreq
                0x00000000080012ec        0xc ./system/src/stm32f0xx/stm32f0xx_hal_rcc.o
                0x00000000080012ec                HAL_RCC_GetHCLKFreq
 .text.HAL_RCC_GetPCLK1Freq
                0x00000000080012f8       0x20 ./system/src/stm32f0xx/stm32f0xx_hal_rcc.o
                0x00000000080012f8                HAL_RCC_GetPCLK1Freq
 .text.HAL_RCCEx_PeriphCLKConfig
                0x0000000008001318      0x11c ./system/src/stm32f0xx/stm32f0xx_hal_rcc_ex.o
                0x0000000008001318                HAL_RCCEx_PeriphCLKConfig
 .text.TIM_OC1_SetConfig
                0x0000000008001434       0x78 ./system/src/stm32f0xx/stm32f0xx_hal_tim.o
 .text.TIM_OC3_SetConfig
                0x00000000080014ac       0x84 ./system/src/stm32f0xx/stm32f0xx_hal_tim.o
 .text.TIM_OC4_SetConfig
                0x0000000008001530       0x68 ./system/src/stm32f0xx/stm32f0xx_hal_tim.o
 .text.TIM_TI1_ConfigInputStage
                0x0000000008001598       0x24 ./system/src/stm32f0xx/stm32f0xx_hal_tim.o
 .text.TIM_TI2_ConfigInputStage
                0x00000000080015bc       0x28 ./system/src/stm32f0xx/stm32f0xx_hal_tim.o
 .text.TIM_ITRx_SetConfig
                0x00000000080015e4       0x10 ./system/src/stm32f0xx/stm32f0xx_hal_tim.o
 .text.HAL_TIM_Base_Start
                0x00000000080015f4       0x18 ./system/src/stm32f0xx/stm32f0xx_hal_tim.o
                0x00000000080015f4                HAL_TIM_Base_Start
 .text.HAL_TIM_PWM_MspInit
                0x000000000800160c        0x4 ./system/src/stm32f0xx/stm32f0xx_hal_tim.o
                0x000000000800160c                HAL_TIM_PWM_MspInit
 .text.TIM_Base_SetConfig
                0x0000000008001610       0x84 ./system/src/stm32f0xx/stm32f0xx_hal_tim.o
                0x0000000008001610                TIM_Base_SetConfig
 .text.HAL_TIM_Base_Init
                0x0000000008001694       0x34 ./system/src/stm32f0xx/stm32f0xx_hal_tim.o
                0x0000000008001694                HAL_TIM_Base_Init
 .text.HAL_TIM_PWM_Init
                0x00000000080016c8       0x34 ./system/src/stm32f0xx/stm32f0xx_hal_tim.o
                0x00000000080016c8                HAL_TIM_PWM_Init
 .text.TIM_OC2_SetConfig
                0x00000000080016fc       0x7c ./system/src/stm32f0xx/stm32f0xx_hal_tim.o
                0x00000000080016fc                TIM_OC2_SetConfig
 .text.HAL_TIM_PWM_ConfigChannel
                0x0000000008001778       0xf0 ./system/src/stm32f0xx/stm32f0xx_hal_tim.o
                0x0000000008001778                HAL_TIM_PWM_ConfigChannel
 .text.TIM_ETR_SetConfig
                0x0000000008001868       0x18 ./system/src/stm32f0xx/stm32f0xx_hal_tim.o
                0x0000000008001868                TIM_ETR_SetConfig
 .text.HAL_TIM_ConfigClockSource
                0x0000000008001880      0x120 ./system/src/stm32f0xx/stm32f0xx_hal_tim.o
                0x0000000008001880                HAL_TIM_ConfigClockSource
 .text.TIM_CCxChannelCmd
                0x00000000080019a0       0x18 ./system/src/stm32f0xx/stm32f0xx_hal_tim.o
                0x00000000080019a0                TIM_CCxChannelCmd
 .text.HAL_TIM_PWM_Start
                0x00000000080019b8       0x58 ./system/src/stm32f0xx/stm32f0xx_hal_tim.o
                0x00000000080019b8                HAL_TIM_PWM_Start
 .text.HAL_TIMEx_MasterConfigSynchronization
                0x0000000008001a10       0x4c ./system/src/stm32f0xx/stm32f0xx_hal_tim_ex.o
                0x0000000008001a10                HAL_TIMEx_MasterConfigSynchronization
 .text.UART_EndTxTransfer
                0x0000000008001a5c       0x14 ./system/src/stm32f0xx/stm32f0xx_hal_uart.o
 .text.UART_EndRxTransfer
                0x0000000008001a70       0x20 ./system/src/stm32f0xx/stm32f0xx_hal_uart.o
 .text.HAL_UART_Transmit_DMA
                0x0000000008001a90       0xa4 ./system/src/stm32f0xx/stm32f0xx_hal_uart.o
                0x0000000008001a90                HAL_UART_Transmit_DMA
 .text.HAL_UART_Receive_DMA
                0x0000000008001b34       0xb0 ./system/src/stm32f0xx/stm32f0xx_hal_uart.o
                0x0000000008001b34                HAL_UART_Receive_DMA
 .text.UART_DMATransmitCplt
                0x0000000008001be4       0x30 ./system/src/stm32f0xx/stm32f0xx_hal_uart.o
 .text.HAL_UART_TxHalfCpltCallback
                0x0000000008001c14        0x4 ./system/src/stm32f0xx/stm32f0xx_hal_uart.o
                0x0000000008001c14                HAL_UART_TxHalfCpltCallback
 .text.UART_DMATxHalfCplt
                0x0000000008001c18        0xc ./system/src/stm32f0xx/stm32f0xx_hal_uart.o
 .text.UART_DMAReceiveCplt
                0x0000000008001c24       0x44 ./system/src/stm32f0xx/stm32f0xx_hal_uart.o
 .text.HAL_UART_RxHalfCpltCallback
                0x0000000008001c68        0x4 ./system/src/stm32f0xx/stm32f0xx_hal_uart.o
                0x0000000008001c68                HAL_UART_RxHalfCpltCallback
 .text.UART_DMARxHalfCplt
                0x0000000008001c6c        0xc ./system/src/stm32f0xx/stm32f0xx_hal_uart.o
 .text.HAL_UART_ErrorCallback
                0x0000000008001c78        0x4 ./system/src/stm32f0xx/stm32f0xx_hal_uart.o
                0x0000000008001c78                HAL_UART_ErrorCallback
 .text.UART_DMAError
                0x0000000008001c7c       0x4c ./system/src/stm32f0xx/stm32f0xx_hal_uart.o
 .text.UART_DMAAbortOnError
                0x0000000008001cc8       0x14 ./system/src/stm32f0xx/stm32f0xx_hal_uart.o
 .text.HAL_UART_GetState
                0x0000000008001cdc        0xc ./system/src/stm32f0xx/stm32f0xx_hal_uart.o
                0x0000000008001cdc                HAL_UART_GetState
 .text.UART_SetConfig
                0x0000000008001ce8      0x19c ./system/src/stm32f0xx/stm32f0xx_hal_uart.o
                0x0000000008001ce8                UART_SetConfig
 .text.UART_AdvFeatureConfig
                0x0000000008001e84       0xe0 ./system/src/stm32f0xx/stm32f0xx_hal_uart.o
                0x0000000008001e84                UART_AdvFeatureConfig
 .text.UART_CheckIdleState
                0x0000000008001f64       0x18 ./system/src/stm32f0xx/stm32f0xx_hal_uart.o
                0x0000000008001f64                UART_CheckIdleState
 .text.HAL_UART_Init
                0x0000000008001f7c       0x70 ./system/src/stm32f0xx/stm32f0xx_hal_uart.o
                0x0000000008001f7c                HAL_UART_Init
 .text.UART_Transmit_IT
                0x0000000008001fec       0x6c ./system/src/stm32f0xx/stm32f0xx_hal_uart.o
                0x0000000008001fec                UART_Transmit_IT
 .text.UART_EndTransmit_IT
                0x0000000008002058       0x1c ./system/src/stm32f0xx/stm32f0xx_hal_uart.o
                0x0000000008002058                UART_EndTransmit_IT
 .text.UART_Receive_IT
                0x0000000008002074       0x84 ./system/src/stm32f0xx/stm32f0xx_hal_uart.o
                0x0000000008002074                UART_Receive_IT
 .text.HAL_UART_IRQHandler
                0x00000000080020f8      0x120 ./system/src/stm32f0xx/stm32f0xx_hal_uart.o
                0x00000000080020f8                HAL_UART_IRQHandler
 .text._exit    0x0000000008002218        0x4 ./system/src/newlib/_exit.o
                0x0000000008002218                _exit
 .text._sbrk    0x000000000800221c       0x44 ./system/src/newlib/_sbrk.o
                0x000000000800221c                _sbrk
 .text.__initialize_args
                0x0000000008002260       0x10 ./system/src/newlib/_syscalls.o
                0x0000000008002260                __initialize_args
 .text.trace_printf
                0x0000000008002270       0x30 ./system/src/diag/Trace.o
                0x0000000008002270                trace_printf
 .text.trace_write
                0x00000000080022a0        0x8 ./system/src/diag/trace_impl.o
                0x00000000080022a0                trace_write
 .text.__initialize_hardware_early
                0x00000000080022a8        0x8 ./system/src/cortexm/_initialize_hardware.o
                0x00000000080022a8                __initialize_hardware_early
 .text.__initialize_hardware
                0x00000000080022b0        0x8 ./system/src/cortexm/_initialize_hardware.o
                0x00000000080022b0                __initialize_hardware
 .text.dumpExceptionStack
                0x00000000080022b8       0x88 ./system/src/cortexm/exception_handlers.o
                0x00000000080022b8                dumpExceptionStack
 .text.Default_Handler
                0x0000000008002340        0x2 ./system/src/cmsis/startup_stm32f030x6.o
                0x0000000008002340                TIM1_CC_IRQHandler
                0x0000000008002340                I2C1_IRQHandler
                0x0000000008002340                SPI1_IRQHandler
                0x0000000008002340                EXTI2_3_IRQHandler
                0x0000000008002340                ADC1_IRQHandler
                0x0000000008002340                TIM17_IRQHandler
                0x0000000008002340                RTC_IRQHandler
                0x0000000008002340                TIM16_IRQHandler
                0x0000000008002340                TIM3_IRQHandler
                0x0000000008002340                EXTI4_15_IRQHandler
                0x0000000008002340                RCC_IRQHandler
                0x0000000008002340                Default_Handler
                0x0000000008002340                TIM14_IRQHandler
                0x0000000008002340                DMA1_Channel4_5_IRQHandler
                0x0000000008002340                EXTI0_1_IRQHandler
                0x0000000008002340                WWDG_IRQHandler
                0x0000000008002340                FLASH_IRQHandler
                0x0000000008002340                TIM1_BRK_UP_TRG_COM_IRQHandler
 *fill*         0x0000000008002342        0x2 
 .text.SystemInit
                0x0000000008002344       0x60 ./system/src/cmsis/system_stm32f0xx.o
                0x0000000008002344                SystemInit
 .text.SystemCoreClockUpdate
                0x00000000080023a4       0x88 ./system/src/cmsis/system_stm32f0xx.o
                0x00000000080023a4                SystemCoreClockUpdate
 .text.HAL_UART_TxCpltCallback
                0x000000000800242c        0xc ./src/dimmer.o
                0x000000000800242c                HAL_UART_TxCpltCallback
 .text.SerialPrint
                0x0000000008002438       0x84 ./src/dimmer.o
                0x0000000008002438                SerialPrint
 .text.HAL_UART_RxCpltCallback
                0x00000000080024bc       0xb0 ./src/dimmer.o
                0x00000000080024bc                HAL_UART_RxCpltCallback
 .text.UpdateThings
                0x000000000800256c      0x17c ./src/dimmer.o
                0x000000000800256c                UpdateThings
 .text.StartAdc
                0x00000000080026e8       0x18 ./src/dimmer.o
                0x00000000080026e8                StartAdc
 .text.HAL_ADC_ConvCpltCallback
                0x0000000008002700       0x44 ./src/dimmer.o
                0x0000000008002700                HAL_ADC_ConvCpltCallback
 .text.StartSerial
                0x0000000008002744       0x20 ./src/dimmer.o
                0x0000000008002744                StartSerial
 .text.PWM_Timer_Set
                0x0000000008002764       0x28 ./src/dimmer.o
                0x0000000008002764                PWM_Timer_Set
 .text.StartTimers
                0x000000000800278c       0x18 ./src/dimmer.o
                0x000000000800278c                StartTimers
 .text.Setup    0x00000000080027a4       0x1c ./src/dimmer.o
                0x00000000080027a4                Setup
 .text.ProcessCmd
                0x00000000080027c0       0x88 ./src/dimmer.o
                0x00000000080027c0                ProcessCmd
 .text.loop     0x0000000008002848       0xa4 ./src/dimmer.o
                0x0000000008002848                loop
 .text.MX_GPIO_Init
                0x00000000080028ec       0x44 ./src/main.o
 .text.MX_DMA_Init
                0x0000000008002930       0x40 ./src/main.o
 .text.MX_ADC_Init
                0x0000000008002970       0x94 ./src/main.o
 .text.MX_TIM3_Init
                0x0000000008002a04       0x80 ./src/main.o
 .text.MX_TIM14_Init
                0x0000000008002a84       0x50 ./src/main.o
 .text.MX_USART1_UART_Init
                0x0000000008002ad4       0x30 ./src/main.o
 .text.MX_IWDG_Init
                0x0000000008002b04       0x24 ./src/main.o
 .text.SystemClock_Config
                0x0000000008002b28       0x70 ./src/main.o
                0x0000000008002b28                SystemClock_Config
 .text.main     0x0000000008002b98       0x34 ./src/main.o
                0x0000000008002b98                main
 .text.Error_Handler
                0x0000000008002bcc        0x4 ./src/main.o
                0x0000000008002bcc                Error_Handler
 .text.HAL_MspInit
                0x0000000008002bd0       0x40 ./src/stm32f0xx_hal_msp.o
                0x0000000008002bd0                HAL_MspInit
 .text.HAL_ADC_MspInit
                0x0000000008002c10       0x7c ./src/stm32f0xx_hal_msp.o
                0x0000000008002c10                HAL_ADC_MspInit
 .text.HAL_TIM_Base_MspInit
                0x0000000008002c8c       0x48 ./src/stm32f0xx_hal_msp.o
                0x0000000008002c8c                HAL_TIM_Base_MspInit
 .text.HAL_TIM_MspPostInit
                0x0000000008002cd4       0x70 ./src/stm32f0xx_hal_msp.o
                0x0000000008002cd4                HAL_TIM_MspPostInit
 .text.HAL_UART_MspInit
                0x0000000008002d44       0xc4 ./src/stm32f0xx_hal_msp.o
                0x0000000008002d44                HAL_UART_MspInit
 .text.SysTick_Handler
                0x0000000008002e08        0xc ./src/stm32f0xx_it.o
                0x0000000008002e08                SysTick_Handler
 .text.DMA1_Channel1_IRQHandler
                0x0000000008002e14       0x10 ./src/stm32f0xx_it.o
                0x0000000008002e14                DMA1_Channel1_IRQHandler
 .text.DMA1_Channel2_3_IRQHandler
                0x0000000008002e24       0x18 ./src/stm32f0xx_it.o
                0x0000000008002e24                DMA1_Channel2_3_IRQHandler
 .text.USART1_IRQHandler
                0x0000000008002e3c       0x10 ./src/stm32f0xx_it.o
                0x0000000008002e3c                USART1_IRQHandler
 .text          0x0000000008002e4c      0x120 /usr/lib/gcc/arm-none-eabi/4.9.3/armv6-m/libgcc.a(_udivsi3.o)
                0x0000000008002e4c                __udivsi3
                0x0000000008002e4c                __aeabi_uidiv
                0x0000000008002f58                __aeabi_uidivmod
 .text          0x0000000008002f6c      0x1e0 /usr/lib/gcc/arm-none-eabi/4.9.3/armv6-m/libgcc.a(_divsi3.o)
                0x0000000008002f6c                __aeabi_idiv
                0x0000000008002f6c                __divsi3
                0x0000000008003138                __aeabi_idivmod
 .text          0x000000000800314c        0x4 /usr/lib/gcc/arm-none-eabi/4.9.3/armv6-m/libgcc.a(_dvmd_tls.o)
                0x000000000800314c                __aeabi_ldiv0
                0x000000000800314c                __aeabi_idiv0
 .text          0x0000000008003150       0x40 /usr/lib/gcc/arm-none-eabi/4.9.3/armv6-m/libgcc.a(_aeabi_uldivmod.o)
                0x0000000008003150                __aeabi_uldivmod
 .text          0x0000000008003190       0x6c /usr/lib/gcc/arm-none-eabi/4.9.3/armv6-m/libgcc.a(bpabi.o)
                0x0000000008003190                __gnu_ldivmod_helper
                0x00000000080031c8                __gnu_uldivmod_helper
 .text          0x00000000080031fc       0x54 /usr/lib/gcc/arm-none-eabi/4.9.3/armv6-m/libgcc.a(_muldi3.o)
                0x00000000080031fc                __aeabi_lmul
                0x00000000080031fc                __muldi3
 .text          0x0000000008003250      0x1f0 /usr/lib/gcc/arm-none-eabi/4.9.3/armv6-m/libgcc.a(_divdi3.o)
                0x0000000008003250                __divdi3
 .text          0x0000000008003440      0x158 /usr/lib/gcc/arm-none-eabi/4.9.3/armv6-m/libgcc.a(_udivdi3.o)
                0x0000000008003440                __udivdi3
 .text          0x0000000008003598       0x18 /usr/lib/gcc/arm-none-eabi/4.9.3/armv6-m/libgcc.a(_clzdi2.o)
                0x0000000008003598                __clzdi2
 .text          0x00000000080035b0       0x3c /usr/lib/gcc/arm-none-eabi/4.9.3/armv6-m/libgcc.a(_clzsi2.o)
                0x00000000080035b0                __clzsi2
 .text.atoi     0x00000000080035ec        0xc /usr/lib/gcc/arm-none-eabi/4.9.3/../../../arm-none-eabi/lib/armv6-m/libg_nano.a(lib_a-atoi.o)
                0x00000000080035ec                atoi
 .text.__errno  0x00000000080035f8        0xc /usr/lib/gcc/arm-none-eabi/4.9.3/../../../arm-none-eabi/lib/armv6-m/libg_nano.a(lib_a-errno.o)
                0x00000000080035f8                __errno
 .text.memchr   0x0000000008003604       0x16 /usr/lib/gcc/arm-none-eabi/4.9.3/../../../arm-none-eabi/lib/armv6-m/libg_nano.a(lib_a-memchr.o)
                0x0000000008003604                memchr
 .text.memcpy   0x000000000800361a       0x12 /usr/lib/gcc/arm-none-eabi/4.9.3/../../../arm-none-eabi/lib/armv6-m/libg_nano.a(lib_a-memcpy.o)
                0x000000000800361a                memcpy
 .text._strtol_r
                0x000000000800362c      0x120 /usr/lib/gcc/arm-none-eabi/4.9.3/../../../arm-none-eabi/lib/armv6-m/libg_nano.a(lib_a-strtol.o)
                0x000000000800362c                _strtol_r
 .text.strtol   0x000000000800374c       0x1c /usr/lib/gcc/arm-none-eabi/4.9.3/../../../arm-none-eabi/lib/armv6-m/libg_nano.a(lib_a-strtol.o)
                0x000000000800374c                strtol
 .text._vsnprintf_r
                0x0000000008003768       0x54 /usr/lib/gcc/arm-none-eabi/4.9.3/../../../arm-none-eabi/lib/armv6-m/libg_nano.a(lib_a-vsnprintf.o)
                0x0000000008003768                _vsnprintf_r
                0x0000000008003768                _vsniprintf_r
 .text.vsnprintf
                0x00000000080037bc       0x20 /usr/lib/gcc/arm-none-eabi/4.9.3/../../../arm-none-eabi/lib/armv6-m/libg_nano.a(lib_a-vsnprintf.o)
                0x00000000080037bc                vsnprintf
                0x00000000080037bc                vsniprintf
 .text.__ssputs_r
                0x00000000080037dc       0xc0 /usr/lib/gcc/arm-none-eabi/4.9.3/../../../arm-none-eabi/lib/armv6-m/libg_nano.a(lib_a-nano-svfprintf.o)
                0x00000000080037dc                __ssputs_r
 .text._svfprintf_r
                0x000000000800389c      0x1ec /usr/lib/gcc/arm-none-eabi/4.9.3/../../../arm-none-eabi/lib/armv6-m/libg_nano.a(lib_a-nano-svfprintf.o)
                0x000000000800389c                _svfprintf_r
                0x000000000800389c                _svfiprintf_r
 .text._printf_common
                0x0000000008003a88       0xdc /usr/lib/gcc/arm-none-eabi/4.9.3/../../../arm-none-eabi/lib/armv6-m/libg_nano.a(lib_a-nano-vfprintf_i.o)
                0x0000000008003a88                _printf_common
 .text._printf_i
                0x0000000008003b64      0x230 /usr/lib/gcc/arm-none-eabi/4.9.3/../../../arm-none-eabi/lib/armv6-m/libg_nano.a(lib_a-nano-vfprintf_i.o)
                0x0000000008003b64                _printf_i
 .text.memmove  0x0000000008003d94       0x28 /usr/lib/gcc/arm-none-eabi/4.9.3/../../../arm-none-eabi/lib/armv6-m/libg_nano.a(lib_a-memmove.o)
                0x0000000008003d94                memmove
 .text._free_r  0x0000000008003dbc       0x8c /usr/lib/gcc/arm-none-eabi/4.9.3/../../../arm-none-eabi/lib/armv6-m/libg_nano.a(lib_a-nano-freer.o)
                0x0000000008003dbc                _free_r
 .text._malloc_r
                0x0000000008003e48       0xb0 /usr/lib/gcc/arm-none-eabi/4.9.3/../../../arm-none-eabi/lib/armv6-m/libg_nano.a(lib_a-nano-mallocr.o)
                0x0000000008003e48                _malloc_r
 .text._realloc_r
                0x0000000008003ef8       0x4c /usr/lib/gcc/arm-none-eabi/4.9.3/../../../arm-none-eabi/lib/armv6-m/libg_nano.a(lib_a-nano-reallocr.o)
                0x0000000008003ef8                _realloc_r
 .text._sbrk_r  0x0000000008003f44       0x24 /usr/lib/gcc/arm-none-eabi/4.9.3/../../../arm-none-eabi/lib/armv6-m/libg_nano.a(lib_a-sbrkr.o)
                0x0000000008003f44                _sbrk_r
 .text._malloc_usable_size_r
                0x0000000008003f68       0x16 /usr/lib/gcc/arm-none-eabi/4.9.3/../../../arm-none-eabi/lib/armv6-m/libg_nano.a(lib_a-nano-msizer.o)
                0x0000000008003f68                _malloc_usable_size_r
 *(.rodata .rodata.* .constdata .constdata.*)
 *fill*         0x0000000008003f7e        0x2 
 .rodata        0x0000000008003f80       0x20 ./system/src/stm32f0xx/stm32f0xx_hal_rcc.o
 .rodata.str1.4
                0x0000000008003fa0       0xbd ./system/src/cortexm/exception_handlers.o
 *fill*         0x000000000800405d        0x3 
 .rodata.AHBPrescTable
                0x0000000008004060       0x10 ./system/src/cmsis/system_stm32f0xx.o
                0x0000000008004060                AHBPrescTable
 .rodata.APBPrescTable
                0x0000000008004070        0x8 ./system/src/cmsis/system_stm32f0xx.o
                0x0000000008004070                APBPrescTable
 .rodata.str1.4
                0x0000000008004078       0x94 ./src/dimmer.o
 .rodata.str1.1
                0x000000000800410c        0x2 /usr/lib/gcc/arm-none-eabi/4.9.3/../../../arm-none-eabi/lib/armv6-m/libg_nano.a(lib_a-impure.o)
 .rodata._ctype_
                0x000000000800410e      0x101 /usr/lib/gcc/arm-none-eabi/4.9.3/../../../arm-none-eabi/lib/armv6-m/libg_nano.a(lib_a-ctype_.o)
                0x000000000800410e                _ctype_
 .rodata.str1.1
                0x000000000800420f       0x11 /usr/lib/gcc/arm-none-eabi/4.9.3/../../../arm-none-eabi/lib/armv6-m/libg_nano.a(lib_a-nano-svfprintf.o)
 .rodata.str1.1
                0x0000000008004220       0x22 /usr/lib/gcc/arm-none-eabi/4.9.3/../../../arm-none-eabi/lib/armv6-m/libg_nano.a(lib_a-nano-vfprintf_i.o)
 *(vtable)
 *(.eh_frame*)
 *(.glue_7)
 .glue_7        0x0000000008004242        0x0 linker stubs
 *(.glue_7t)
 .glue_7t       0x0000000008004242        0x0 linker stubs

.vfp11_veneer   0x0000000008004244        0x0
 .vfp11_veneer  0x0000000008004244        0x0 linker stubs

.v4_bx          0x0000000008004244        0x0
 .v4_bx         0x0000000008004244        0x0 linker stubs

.iplt           0x0000000008004244        0x0
 .iplt          0x0000000008004244        0x0 ./system/src/stm32f0xx/stm32f0xx_hal.o

.ARM.extab
 *(.ARM.extab* .gnu.linkonce.armextab.*)
                0x0000000008004244                . = ALIGN (0x4)
                0x0000000008004244                __exidx_start = .

.ARM.exidx      0x0000000008004244        0x8
 *(.ARM.exidx* .gnu.linkonce.armexidx.*)
 .ARM.exidx     0x0000000008004244        0x8 /usr/lib/gcc/arm-none-eabi/4.9.3/armv6-m/libgcc.a(_divdi3.o)
 .ARM.exidx     0x000000000800424c        0x0 /usr/lib/gcc/arm-none-eabi/4.9.3/armv6-m/libgcc.a(_udivdi3.o)
                                          0x8 (size before relaxing)
                0x000000000800424c                __exidx_end = .

.rel.dyn        0x000000000800424c        0x0
 .rel.iplt      0x000000000800424c        0x0 ./system/src/stm32f0xx/stm32f0xx_hal.o
                0x000000000800424c                . = ALIGN (0x4)
                0x000000000800424c                _etext = .
                0x000000000800424c                __etext = .

.data_CCMRAM    0x0000000010000000        0x0 load address 0x000000000800424c
 FILL mask 0xff
 *(.data.CCMRAM .data.CCMRAM.*)
                0x0000000010000000                . = ALIGN (0x4)
                0x000000000800424c                _sidata = LOADADDR (.data)

.data           0x0000000020000000       0x8c load address 0x000000000800424c
 FILL mask 0xff
                0x0000000020000000                _sdata = .
                0x0000000020000000                __data_start__ = .
 *(.data_begin .data_begin.*)
 .data_begin    0x0000000020000000        0x4 ./system/src/newlib/_startup.o
 *(.data .data.*)
 .data.argv.4161
                0x0000000020000004        0x8 ./system/src/newlib/_syscalls.o
 .data.SystemCoreClock
                0x000000002000000c        0x4 ./system/src/cmsis/system_stm32f0xx.o
                0x000000002000000c                SystemCoreClock
 .data.txDoneFlag
                0x0000000020000010        0x1 ./src/dimmer.o
                0x0000000020000010                txDoneFlag
 *fill*         0x0000000020000011        0x7 ff
 .data.LastUpdate
                0x0000000020000018        0x8 ./src/dimmer.o
                0x0000000020000018                LastUpdate
 .data.impure_data
                0x0000000020000020       0x60 /usr/lib/gcc/arm-none-eabi/4.9.3/../../../arm-none-eabi/lib/armv6-m/libg_nano.a(lib_a-impure.o)
 .data._impure_ptr
                0x0000000020000080        0x4 /usr/lib/gcc/arm-none-eabi/4.9.3/../../../arm-none-eabi/lib/armv6-m/libg_nano.a(lib_a-impure.o)
                0x0000000020000080                _impure_ptr
 .data.__ctype_ptr__
                0x0000000020000084        0x4 /usr/lib/gcc/arm-none-eabi/4.9.3/../../../arm-none-eabi/lib/armv6-m/libg_nano.a(lib_a-ctype_.o)
                0x0000000020000084                __ctype_ptr__
 *(.data_end .data_end.*)
 .data_end      0x0000000020000088        0x4 ./system/src/newlib/_startup.o
                0x000000002000008c                . = ALIGN (0x4)
                0x000000002000008c                _edata = .
                0x000000002000008c                __data_end__ = .

.igot.plt       0x000000002000008c        0x0 load address 0x00000000080042d8
 .igot.plt      0x000000002000008c        0x0 ./system/src/stm32f0xx/stm32f0xx_hal.o

.bss_CCMRAM     0x0000000010000000        0x0
 *(.bss.CCMRAM .bss.CCMRAM.*)

.bss            0x0000000020000090      0x578
                0x0000000020000090                __bss_start__ = .
                0x0000000020000090                _sbss = .
 *(.bss_begin .bss_begin.*)
 .bss_begin     0x0000000020000090        0x4 ./system/src/newlib/_startup.o
 *(.bss .bss.*)
 .bss.current_heap_end.3862
                0x0000000020000094        0x4 ./system/src/newlib/_sbrk.o
 .bss.name.4160
                0x0000000020000098        0x1 ./system/src/newlib/_syscalls.o
 *fill*         0x0000000020000099        0x3 
 .bss.buf.4998  0x000000002000009c       0x80 ./system/src/diag/Trace.o
 .bss.Tchip     0x000000002000011c        0x4 ./src/dimmer.o
                0x000000002000011c                Tchip
 .bss.FlagProcessCmd
                0x0000000020000120        0x1 ./src/dimmer.o
                0x0000000020000120                FlagProcessCmd
 *fill*         0x0000000020000121        0x3 
 .bss.Vin       0x0000000020000124        0x4 ./src/dimmer.o
                0x0000000020000124                Vin
 .bss.AdcCount  0x0000000020000128        0x4 ./src/dimmer.o
                0x0000000020000128                AdcCount
 .bss.Vphr1     0x000000002000012c        0x4 ./src/dimmer.o
                0x000000002000012c                Vphr1
 .bss.Vphr2     0x0000000020000130        0x4 ./src/dimmer.o
                0x0000000020000130                Vphr2
 .bss.Vdd       0x0000000020000134        0x4 ./src/dimmer.o
                0x0000000020000134                Vdd
 .bss.CmdBufLength
                0x0000000020000138        0x4 ./src/dimmer.o
                0x0000000020000138                CmdBufLength
 .bss.Vadc3     0x000000002000013c        0x4 ./src/dimmer.o
                0x000000002000013c                Vadc3
 .bss.Vadc5     0x0000000020000140        0x4 ./src/dimmer.o
                0x0000000020000140                Vadc5
 .bss.Pwm       0x0000000020000144        0x8 ./src/dimmer.o
                0x0000000020000144                Pwm
 .bss.__malloc_sbrk_start
                0x000000002000014c        0x4 /usr/lib/gcc/arm-none-eabi/4.9.3/../../../arm-none-eabi/lib/armv6-m/libg_nano.a(lib_a-nano-mallocr.o)
                0x000000002000014c                __malloc_sbrk_start
 .bss.__malloc_free_list
                0x0000000020000150        0x4 /usr/lib/gcc/arm-none-eabi/4.9.3/../../../arm-none-eabi/lib/armv6-m/libg_nano.a(lib_a-nano-mallocr.o)
                0x0000000020000150                __malloc_free_list
 *(COMMON)
 COMMON         0x0000000020000154        0x4 ./system/src/stm32f0xx/stm32f0xx_hal.o
                0x0000000020000154                uwTick
 COMMON         0x0000000020000158        0x4 ./system/src/newlib/_syscalls.o
                0x0000000020000158                errno
 *fill*         0x000000002000015c        0x4 
 COMMON         0x0000000020000160      0x288 ./src/dimmer.o
                0x0000000020000160                AdcAvgData
                0x0000000020000170                args
                0x0000000020000174                seroutbuf
                0x0000000020000278                AdcSumData
                0x00000000200002b0                CmdBuf
                0x00000000200003b0                AdcData
                0x00000000200003c0                RecvBuf
                0x00000000200003c4                nlen
                0x00000000200003c8                CmdNext
 COMMON         0x00000000200003e8      0x21c ./src/main.o
                0x00000000200003e8                hiwdg
                0x00000000200003fc                htim3
                0x000000002000043c                hdma_usart1_tx
                0x0000000020000480                hdma_usart1_rx
                0x00000000200004c4                huart1
                0x0000000020000534                htim14
                0x0000000020000574                hdma_adc
                0x00000000200005b8                hadc
 *(.bss_end .bss_end.*)
 .bss_end       0x0000000020000604        0x4 ./system/src/newlib/_startup.o
                0x0000000020000608                . = ALIGN (0x4)
                0x0000000020000608                __bss_end__ = .
                0x0000000020000608                _ebss = .

.noinit_CCMRAM
 *(.noinit.CCMRAM .noinit.CCMRAM.*)

.noinit         0x0000000020000608        0x0
                0x0000000020000608                _noinit = .
 *(.noinit .noinit.*)
                0x0000000020000608                . = ALIGN (0x4)
                0x0000000020000608                _end_noinit = .
                [!provide]                        PROVIDE (end, _end_noinit)
                [!provide]                        PROVIDE (_end, _end_noinit)
                [!provide]                        PROVIDE (__end, _end_noinit)
                [!provide]                        PROVIDE (__end__, _end_noinit)

._check_stack   0x0000000020000608      0x100
                0x0000000020000708                . = (. + _Minimum_Stack_Size)
 *fill*         0x0000000020000608      0x100 

.b1text
 *(.b1text)
 *(.b1rodata)
 *(.b1rodata.*)

.eb0text
 *(.eb0text)
 *(.eb0rodata)
 *(.eb0rodata.*)

.eb1text
 *(.eb1text)
 *(.eb1rodata)
 *(.eb1rodata.*)

.eb2text
 *(.eb2text)
 *(.eb2rodata)
 *(.eb2rodata.*)

.eb3text
 *(.eb3text)
 *(.eb3rodata)
 *(.eb3rodata.*)

.stab
 *(.stab)

.stabstr
 *(.stabstr)

.stab.excl
 *(.stab.excl)

.stab.exclstr
 *(.stab.exclstr)

.stab.index
 *(.stab.index)

.stab.indexstr
 *(.stab.indexstr)

.comment        0x0000000000000000       0x70
 *(.comment)
 .comment       0x0000000000000000       0x38 ./system/src/stm32f0xx/stm32f0xx_hal.o
                                         0x39 (size before relaxing)
 .comment       0x0000000000000038       0x39 ./system/src/stm32f0xx/stm32f0xx_hal_adc.o
 .comment       0x0000000000000038       0x39 ./system/src/stm32f0xx/stm32f0xx_hal_cortex.o
 .comment       0x0000000000000038       0x39 ./system/src/stm32f0xx/stm32f0xx_hal_dma.o
 .comment       0x0000000000000038       0x39 ./system/src/stm32f0xx/stm32f0xx_hal_gpio.o
 .comment       0x0000000000000038       0x39 ./system/src/stm32f0xx/stm32f0xx_hal_iwdg.o
 .comment       0x0000000000000038       0x39 ./system/src/stm32f0xx/stm32f0xx_hal_rcc.o
 .comment       0x0000000000000038       0x39 ./system/src/stm32f0xx/stm32f0xx_hal_rcc_ex.o
 .comment       0x0000000000000038       0x39 ./system/src/stm32f0xx/stm32f0xx_hal_tim.o
 .comment       0x0000000000000038       0x39 ./system/src/stm32f0xx/stm32f0xx_hal_tim_ex.o
 .comment       0x0000000000000038       0x39 ./system/src/stm32f0xx/stm32f0xx_hal_uart.o
 .comment       0x0000000000000038       0x39 ./system/src/newlib/_exit.o
 .comment       0x0000000000000038       0x39 ./system/src/newlib/_sbrk.o
 .comment       0x0000000000000038       0x39 ./system/src/newlib/_startup.o
 .comment       0x0000000000000038       0x39 ./system/src/newlib/_syscalls.o
 .comment       0x0000000000000038       0x39 ./system/src/diag/Trace.o
 .comment       0x0000000000000038       0x39 ./system/src/diag/trace_impl.o
 .comment       0x0000000000000038       0x39 ./system/src/cortexm/_initialize_hardware.o
 .comment       0x0000000000000038       0x39 ./system/src/cortexm/exception_handlers.o
 .comment       0x0000000000000038       0x39 ./system/src/cmsis/system_stm32f0xx.o
 .comment       0x0000000000000038       0x39 ./src/dimmer.o
 .comment       0x0000000000000038       0x39 ./src/main.o
 .comment       0x0000000000000038       0x39 ./src/stm32f0xx_hal_msp.o
 .comment       0x0000000000000038       0x39 ./src/stm32f0xx_it.o
 .comment       0x0000000000000038       0x39 /usr/lib/gcc/arm-none-eabi/4.9.3/armv6-m/libgcc.a(bpabi.o)
 .comment       0x0000000000000038       0x39 /usr/lib/gcc/arm-none-eabi/4.9.3/armv6-m/libgcc.a(_muldi3.o)
 .comment       0x0000000000000038       0x39 /usr/lib/gcc/arm-none-eabi/4.9.3/armv6-m/libgcc.a(_divdi3.o)
 .comment       0x0000000000000038       0x39 /usr/lib/gcc/arm-none-eabi/4.9.3/armv6-m/libgcc.a(_udivdi3.o)
 .comment       0x0000000000000038       0x38 /usr/lib/gcc/arm-none-eabi/4.9.3/../../../arm-none-eabi/lib/armv6-m/libg_nano.a(lib_a-atoi.o)
                                         0x39 (size before relaxing)
 .comment       0x0000000000000070       0x39 /usr/lib/gcc/arm-none-eabi/4.9.3/../../../arm-none-eabi/lib/armv6-m/libg_nano.a(lib_a-errno.o)
 .comment       0x0000000000000070       0x39 /usr/lib/gcc/arm-none-eabi/4.9.3/../../../arm-none-eabi/lib/armv6-m/libg_nano.a(lib_a-impure.o)
 .comment       0x0000000000000070       0x39 /usr/lib/gcc/arm-none-eabi/4.9.3/../../../arm-none-eabi/lib/armv6-m/libg_nano.a(lib_a-memchr.o)
 .comment       0x0000000000000070       0x39 /usr/lib/gcc/arm-none-eabi/4.9.3/../../../arm-none-eabi/lib/armv6-m/libg_nano.a(lib_a-memcpy.o)
 .comment       0x0000000000000070       0x39 /usr/lib/gcc/arm-none-eabi/4.9.3/../../../arm-none-eabi/lib/armv6-m/libg_nano.a(lib_a-strtol.o)
 .comment       0x0000000000000070       0x39 /usr/lib/gcc/arm-none-eabi/4.9.3/../../../arm-none-eabi/lib/armv6-m/libg_nano.a(lib_a-vsnprintf.o)
 .comment       0x0000000000000070       0x39 /usr/lib/gcc/arm-none-eabi/4.9.3/../../../arm-none-eabi/lib/armv6-m/libg_nano.a(lib_a-ctype_.o)
 .comment       0x0000000000000070       0x39 /usr/lib/gcc/arm-none-eabi/4.9.3/../../../arm-none-eabi/lib/armv6-m/libg_nano.a(lib_a-nano-svfprintf.o)
 .comment       0x0000000000000070       0x39 /usr/lib/gcc/arm-none-eabi/4.9.3/../../../arm-none-eabi/lib/armv6-m/libg_nano.a(lib_a-nano-vfprintf_i.o)
 .comment       0x0000000000000070       0x39 /usr/lib/gcc/arm-none-eabi/4.9.3/../../../arm-none-eabi/lib/armv6-m/libg_nano.a(lib_a-memmove.o)
 .comment       0x0000000000000070       0x39 /usr/lib/gcc/arm-none-eabi/4.9.3/../../../arm-none-eabi/lib/armv6-m/libg_nano.a(lib_a-nano-freer.o)
 .comment       0x0000000000000070       0x39 /usr/lib/gcc/arm-none-eabi/4.9.3/../../../arm-none-eabi/lib/armv6-m/libg_nano.a(lib_a-nano-mallocr.o)
 .comment       0x0000000000000070       0x39 /usr/lib/gcc/arm-none-eabi/4.9.3/../../../arm-none-eabi/lib/armv6-m/libg_nano.a(lib_a-nano-reallocr.o)
 .comment       0x0000000000000070       0x39 /usr/lib/gcc/arm-none-eabi/4.9.3/../../../arm-none-eabi/lib/armv6-m/libg_nano.a(lib_a-sbrkr.o)
 .comment       0x0000000000000070       0x39 /usr/lib/gcc/arm-none-eabi/4.9.3/../../../arm-none-eabi/lib/armv6-m/libg_nano.a(lib_a-nano-msizer.o)

.ARM.attributes
                0x0000000000000000       0x2f
 .ARM.attributes
                0x0000000000000000       0x31 ./system/src/stm32f0xx/stm32f0xx_hal.o
 .ARM.attributes
                0x0000000000000031       0x31 ./system/src/stm32f0xx/stm32f0xx_hal_adc.o
 .ARM.attributes
                0x0000000000000062       0x31 ./system/src/stm32f0xx/stm32f0xx_hal_cortex.o
 .ARM.attributes
                0x0000000000000093       0x31 ./system/src/stm32f0xx/stm32f0xx_hal_dma.o
 .ARM.attributes
                0x00000000000000c4       0x31 ./system/src/stm32f0xx/stm32f0xx_hal_gpio.o
 .ARM.attributes
                0x00000000000000f5       0x31 ./system/src/stm32f0xx/stm32f0xx_hal_iwdg.o
 .ARM.attributes
                0x0000000000000126       0x31 ./system/src/stm32f0xx/stm32f0xx_hal_rcc.o
 .ARM.attributes
                0x0000000000000157       0x31 ./system/src/stm32f0xx/stm32f0xx_hal_rcc_ex.o
 .ARM.attributes
                0x0000000000000188       0x31 ./system/src/stm32f0xx/stm32f0xx_hal_tim.o
 .ARM.attributes
                0x00000000000001b9       0x31 ./system/src/stm32f0xx/stm32f0xx_hal_tim_ex.o
 .ARM.attributes
                0x00000000000001ea       0x31 ./system/src/stm32f0xx/stm32f0xx_hal_uart.o
 .ARM.attributes
                0x000000000000021b       0x31 ./system/src/newlib/_exit.o
 .ARM.attributes
                0x000000000000024c       0x31 ./system/src/newlib/_sbrk.o
 .ARM.attributes
                0x000000000000027d       0x31 ./system/src/newlib/_startup.o
 .ARM.attributes
                0x00000000000002ae       0x31 ./system/src/newlib/_syscalls.o
 .ARM.attributes
                0x00000000000002df       0x31 ./system/src/diag/Trace.o
 .ARM.attributes
                0x0000000000000310       0x31 ./system/src/diag/trace_impl.o
 .ARM.attributes
                0x0000000000000341       0x31 ./system/src/cortexm/_initialize_hardware.o
 .ARM.attributes
                0x0000000000000372       0x31 ./system/src/cortexm/exception_handlers.o
 .ARM.attributes
                0x00000000000003a3       0x21 ./system/src/cmsis/startup_stm32f030x6.o
 .ARM.attributes
                0x00000000000003c4       0x31 ./system/src/cmsis/system_stm32f0xx.o
 .ARM.attributes
                0x00000000000003f5       0x31 ./src/dimmer.o
 .ARM.attributes
                0x0000000000000426       0x31 ./src/main.o
 .ARM.attributes
                0x0000000000000457       0x31 ./src/stm32f0xx_hal_msp.o
 .ARM.attributes
                0x0000000000000488       0x31 ./src/stm32f0xx_it.o
 .ARM.attributes
                0x00000000000004b9       0x1e /usr/lib/gcc/arm-none-eabi/4.9.3/armv6-m/libgcc.a(_udivsi3.o)
 .ARM.attributes
                0x00000000000004d7       0x1e /usr/lib/gcc/arm-none-eabi/4.9.3/armv6-m/libgcc.a(_divsi3.o)
 .ARM.attributes
                0x00000000000004f5       0x1e /usr/lib/gcc/arm-none-eabi/4.9.3/armv6-m/libgcc.a(_dvmd_tls.o)
 .ARM.attributes
                0x0000000000000513       0x1e /usr/lib/gcc/arm-none-eabi/4.9.3/armv6-m/libgcc.a(_aeabi_uldivmod.o)
 .ARM.attributes
                0x0000000000000531       0x2c /usr/lib/gcc/arm-none-eabi/4.9.3/armv6-m/libgcc.a(bpabi.o)
 .ARM.attributes
                0x000000000000055d       0x2c /usr/lib/gcc/arm-none-eabi/4.9.3/armv6-m/libgcc.a(_muldi3.o)
 .ARM.attributes
                0x0000000000000589       0x2c /usr/lib/gcc/arm-none-eabi/4.9.3/armv6-m/libgcc.a(_divdi3.o)
 .ARM.attributes
                0x00000000000005b5       0x2c /usr/lib/gcc/arm-none-eabi/4.9.3/armv6-m/libgcc.a(_udivdi3.o)
 .ARM.attributes
                0x00000000000005e1       0x1e /usr/lib/gcc/arm-none-eabi/4.9.3/armv6-m/libgcc.a(_clzdi2.o)
 .ARM.attributes
                0x00000000000005ff       0x1e /usr/lib/gcc/arm-none-eabi/4.9.3/armv6-m/libgcc.a(_clzsi2.o)
 .ARM.attributes
                0x000000000000061d       0x2c /usr/lib/gcc/arm-none-eabi/4.9.3/../../../arm-none-eabi/lib/armv6-m/libg_nano.a(lib_a-atoi.o)
 .ARM.attributes
                0x0000000000000649       0x2c /usr/lib/gcc/arm-none-eabi/4.9.3/../../../arm-none-eabi/lib/armv6-m/libg_nano.a(lib_a-errno.o)
 .ARM.attributes
                0x0000000000000675       0x2c /usr/lib/gcc/arm-none-eabi/4.9.3/../../../arm-none-eabi/lib/armv6-m/libg_nano.a(lib_a-impure.o)
 .ARM.attributes
                0x00000000000006a1       0x2c /usr/lib/gcc/arm-none-eabi/4.9.3/../../../arm-none-eabi/lib/armv6-m/libg_nano.a(lib_a-memchr.o)
 .ARM.attributes
                0x00000000000006cd       0x2c /usr/lib/gcc/arm-none-eabi/4.9.3/../../../arm-none-eabi/lib/armv6-m/libg_nano.a(lib_a-memcpy.o)
 .ARM.attributes
                0x00000000000006f9       0x2c /usr/lib/gcc/arm-none-eabi/4.9.3/../../../arm-none-eabi/lib/armv6-m/libg_nano.a(lib_a-strtol.o)
 .ARM.attributes
                0x0000000000000725       0x2c /usr/lib/gcc/arm-none-eabi/4.9.3/../../../arm-none-eabi/lib/armv6-m/libg_nano.a(lib_a-vsnprintf.o)
 .ARM.attributes
                0x0000000000000751       0x2c /usr/lib/gcc/arm-none-eabi/4.9.3/../../../arm-none-eabi/lib/armv6-m/libg_nano.a(lib_a-ctype_.o)
 .ARM.attributes
                0x000000000000077d       0x2c /usr/lib/gcc/arm-none-eabi/4.9.3/../../../arm-none-eabi/lib/armv6-m/libg_nano.a(lib_a-nano-svfprintf.o)
 .ARM.attributes
                0x00000000000007a9       0x2c /usr/lib/gcc/arm-none-eabi/4.9.3/../../../arm-none-eabi/lib/armv6-m/libg_nano.a(lib_a-nano-vfprintf_i.o)
 .ARM.attributes
                0x00000000000007d5       0x2c /usr/lib/gcc/arm-none-eabi/4.9.3/../../../arm-none-eabi/lib/armv6-m/libg_nano.a(lib_a-memmove.o)
 .ARM.attributes
                0x0000000000000801       0x2c /usr/lib/gcc/arm-none-eabi/4.9.3/../../../arm-none-eabi/lib/armv6-m/libg_nano.a(lib_a-nano-freer.o)
 .ARM.attributes
                0x000000000000082d       0x2c /usr/lib/gcc/arm-none-eabi/4.9.3/../../../arm-none-eabi/lib/armv6-m/libg_nano.a(lib_a-nano-mallocr.o)
 .ARM.attributes
                0x0000000000000859       0x2c /usr/lib/gcc/arm-none-eabi/4.9.3/../../../arm-none-eabi/lib/armv6-m/libg_nano.a(lib_a-nano-reallocr.o)
 .ARM.attributes
                0x0000000000000885       0x2c /usr/lib/gcc/arm-none-eabi/4.9.3/../../../arm-none-eabi/lib/armv6-m/libg_nano.a(lib_a-sbrkr.o)
 .ARM.attributes
                0x00000000000008b1       0x2c /usr/lib/gcc/arm-none-eabi/4.9.3/../../../arm-none-eabi/lib/armv6-m/libg_nano.a(lib_a-nano-msizer.o)

.debug
 *(.debug)

.line
 *(.line)

.debug_srcinfo
 *(.debug_srcinfo)

.debug_sfnames
 *(.debug_sfnames)

.debug_aranges  0x0000000000000000     0x1118
 *(.debug_aranges)
 .debug_aranges
                0x0000000000000000       0xa0 ./system/src/stm32f0xx/stm32f0xx_hal.o
 .debug_aranges
                0x00000000000000a0       0xf8 ./system/src/stm32f0xx/stm32f0xx_hal_adc.o
 .debug_aranges
                0x0000000000000198       0x78 ./system/src/stm32f0xx/stm32f0xx_hal_cortex.o
 .debug_aranges
                0x0000000000000210       0x88 ./system/src/stm32f0xx/stm32f0xx_hal_dma.o
 .debug_aranges
                0x0000000000000298       0x58 ./system/src/stm32f0xx/stm32f0xx_hal_gpio.o
 .debug_aranges
                0x00000000000002f0       0x40 ./system/src/stm32f0xx/stm32f0xx_hal_iwdg.o
 .debug_aranges
                0x0000000000000330       0x80 ./system/src/stm32f0xx/stm32f0xx_hal_rcc.o
 .debug_aranges
                0x00000000000003b0       0x30 ./system/src/stm32f0xx/stm32f0xx_hal_rcc_ex.o
 .debug_aranges
                0x00000000000003e0      0x368 ./system/src/stm32f0xx/stm32f0xx_hal_tim.o
 .debug_aranges
                0x0000000000000748      0x140 ./system/src/stm32f0xx/stm32f0xx_hal_tim_ex.o
 .debug_aranges
                0x0000000000000888      0x1d8 ./system/src/stm32f0xx/stm32f0xx_hal_uart.o
 .debug_aranges
                0x0000000000000a60       0x28 ./system/src/newlib/_exit.o
 .debug_aranges
                0x0000000000000a88       0x20 ./system/src/newlib/_sbrk.o
 .debug_aranges
                0x0000000000000aa8       0x40 ./system/src/newlib/_startup.o
 .debug_aranges
                0x0000000000000ae8       0x30 ./system/src/newlib/_syscalls.o
 .debug_aranges
                0x0000000000000b18       0x38 ./system/src/diag/Trace.o
 .debug_aranges
                0x0000000000000b50       0x28 ./system/src/diag/trace_impl.o
 .debug_aranges
                0x0000000000000b78       0x28 ./system/src/cortexm/_initialize_hardware.o
 .debug_aranges
                0x0000000000000ba0       0x58 ./system/src/cortexm/exception_handlers.o
 .debug_aranges
                0x0000000000000bf8       0x28 ./system/src/cmsis/startup_stm32f030x6.o
 .debug_aranges
                0x0000000000000c20       0x28 ./system/src/cmsis/system_stm32f0xx.o
 .debug_aranges
                0x0000000000000c48       0x78 ./src/dimmer.o
 .debug_aranges
                0x0000000000000cc0       0x68 ./src/main.o
 .debug_aranges
                0x0000000000000d28       0x58 ./src/stm32f0xx_hal_msp.o
 .debug_aranges
                0x0000000000000d80       0x38 ./src/stm32f0xx_it.o
 .debug_aranges
                0x0000000000000db8       0x20 /usr/lib/gcc/arm-none-eabi/4.9.3/armv6-m/libgcc.a(_udivsi3.o)
 .debug_aranges
                0x0000000000000dd8       0x20 /usr/lib/gcc/arm-none-eabi/4.9.3/armv6-m/libgcc.a(_divsi3.o)
 .debug_aranges
                0x0000000000000df8       0x20 /usr/lib/gcc/arm-none-eabi/4.9.3/armv6-m/libgcc.a(_dvmd_tls.o)
 .debug_aranges
                0x0000000000000e18       0x20 /usr/lib/gcc/arm-none-eabi/4.9.3/armv6-m/libgcc.a(_aeabi_uldivmod.o)
 .debug_aranges
                0x0000000000000e38       0x20 /usr/lib/gcc/arm-none-eabi/4.9.3/armv6-m/libgcc.a(bpabi.o)
 .debug_aranges
                0x0000000000000e58       0x20 /usr/lib/gcc/arm-none-eabi/4.9.3/armv6-m/libgcc.a(_muldi3.o)
 .debug_aranges
                0x0000000000000e78       0x20 /usr/lib/gcc/arm-none-eabi/4.9.3/armv6-m/libgcc.a(_divdi3.o)
 .debug_aranges
                0x0000000000000e98       0x20 /usr/lib/gcc/arm-none-eabi/4.9.3/armv6-m/libgcc.a(_udivdi3.o)
 .debug_aranges
                0x0000000000000eb8       0x20 /usr/lib/gcc/arm-none-eabi/4.9.3/armv6-m/libgcc.a(_clzdi2.o)
 .debug_aranges
                0x0000000000000ed8       0x20 /usr/lib/gcc/arm-none-eabi/4.9.3/armv6-m/libgcc.a(_clzsi2.o)
 .debug_aranges
                0x0000000000000ef8       0x28 /usr/lib/gcc/arm-none-eabi/4.9.3/../../../arm-none-eabi/lib/armv6-m/libg_nano.a(lib_a-atoi.o)
 .debug_aranges
                0x0000000000000f20       0x20 /usr/lib/gcc/arm-none-eabi/4.9.3/../../../arm-none-eabi/lib/armv6-m/libg_nano.a(lib_a-errno.o)
 .debug_aranges
                0x0000000000000f40       0x18 /usr/lib/gcc/arm-none-eabi/4.9.3/../../../arm-none-eabi/lib/armv6-m/libg_nano.a(lib_a-impure.o)
 .debug_aranges
                0x0000000000000f58       0x20 /usr/lib/gcc/arm-none-eabi/4.9.3/../../../arm-none-eabi/lib/armv6-m/libg_nano.a(lib_a-memchr.o)
 .debug_aranges
                0x0000000000000f78       0x20 /usr/lib/gcc/arm-none-eabi/4.9.3/../../../arm-none-eabi/lib/armv6-m/libg_nano.a(lib_a-memcpy.o)
 .debug_aranges
                0x0000000000000f98       0x28 /usr/lib/gcc/arm-none-eabi/4.9.3/../../../arm-none-eabi/lib/armv6-m/libg_nano.a(lib_a-strtol.o)
 .debug_aranges
                0x0000000000000fc0       0x28 /usr/lib/gcc/arm-none-eabi/4.9.3/../../../arm-none-eabi/lib/armv6-m/libg_nano.a(lib_a-vsnprintf.o)
 .debug_aranges
                0x0000000000000fe8       0x18 /usr/lib/gcc/arm-none-eabi/4.9.3/../../../arm-none-eabi/lib/armv6-m/libg_nano.a(lib_a-ctype_.o)
 .debug_aranges
                0x0000000000001000       0x30 /usr/lib/gcc/arm-none-eabi/4.9.3/../../../arm-none-eabi/lib/armv6-m/libg_nano.a(lib_a-nano-svfprintf.o)
 .debug_aranges
                0x0000000000001030       0x28 /usr/lib/gcc/arm-none-eabi/4.9.3/../../../arm-none-eabi/lib/armv6-m/libg_nano.a(lib_a-nano-vfprintf_i.o)
 .debug_aranges
                0x0000000000001058       0x20 /usr/lib/gcc/arm-none-eabi/4.9.3/../../../arm-none-eabi/lib/armv6-m/libg_nano.a(lib_a-memmove.o)
 .debug_aranges
                0x0000000000001078       0x20 /usr/lib/gcc/arm-none-eabi/4.9.3/../../../arm-none-eabi/lib/armv6-m/libg_nano.a(lib_a-nano-freer.o)
 .debug_aranges
                0x0000000000001098       0x20 /usr/lib/gcc/arm-none-eabi/4.9.3/../../../arm-none-eabi/lib/armv6-m/libg_nano.a(lib_a-nano-mallocr.o)
 .debug_aranges
                0x00000000000010b8       0x20 /usr/lib/gcc/arm-none-eabi/4.9.3/../../../arm-none-eabi/lib/armv6-m/libg_nano.a(lib_a-nano-reallocr.o)
 .debug_aranges
                0x00000000000010d8       0x20 /usr/lib/gcc/arm-none-eabi/4.9.3/../../../arm-none-eabi/lib/armv6-m/libg_nano.a(lib_a-sbrkr.o)
 .debug_aranges
                0x00000000000010f8       0x20 /usr/lib/gcc/arm-none-eabi/4.9.3/../../../arm-none-eabi/lib/armv6-m/libg_nano.a(lib_a-nano-msizer.o)

.debug_pubnames
 *(.debug_pubnames)

.debug_info     0x0000000000000000    0x16066
 *(.debug_info .gnu.linkonce.wi.*)
 .debug_info    0x0000000000000000      0x58e ./system/src/stm32f0xx/stm32f0xx_hal.o
 .debug_info    0x000000000000058e      0xe16 ./system/src/stm32f0xx/stm32f0xx_hal_adc.o
 .debug_info    0x00000000000013a4      0x736 ./system/src/stm32f0xx/stm32f0xx_hal_cortex.o
 .debug_info    0x0000000000001ada      0x7c1 ./system/src/stm32f0xx/stm32f0xx_hal_dma.o
 .debug_info    0x000000000000229b      0x5c9 ./system/src/stm32f0xx/stm32f0xx_hal_gpio.o
 .debug_info    0x0000000000002864      0x366 ./system/src/stm32f0xx/stm32f0xx_hal_iwdg.o
 .debug_info    0x0000000000002bca      0x9a8 ./system/src/stm32f0xx/stm32f0xx_hal_rcc.o
 .debug_info    0x0000000000003572      0x391 ./system/src/stm32f0xx/stm32f0xx_hal_rcc_ex.o
 .debug_info    0x0000000000003903     0x2e0c ./system/src/stm32f0xx/stm32f0xx_hal_tim.o
 .debug_info    0x000000000000670f     0x129d ./system/src/stm32f0xx/stm32f0xx_hal_tim_ex.o
 .debug_info    0x00000000000079ac     0x17a4 ./system/src/stm32f0xx/stm32f0xx_hal_uart.o
 .debug_info    0x0000000000009150      0x100 ./system/src/newlib/_exit.o
 .debug_info    0x0000000000009250      0x125 ./system/src/newlib/_sbrk.o
 .debug_info    0x0000000000009375      0x474 ./system/src/newlib/_startup.o
 .debug_info    0x00000000000097e9      0x1bc ./system/src/newlib/_syscalls.o
 .debug_info    0x00000000000099a5      0x32b ./system/src/diag/Trace.o
 .debug_info    0x0000000000009cd0       0xf8 ./system/src/diag/trace_impl.o
 .debug_info    0x0000000000009dc8       0xc3 ./system/src/cortexm/_initialize_hardware.o
 .debug_info    0x0000000000009e8b      0x340 ./system/src/cortexm/exception_handlers.o
 .debug_info    0x000000000000a1cb       0x8a ./system/src/cmsis/startup_stm32f030x6.o
 .debug_info    0x000000000000a255      0x222 ./system/src/cmsis/system_stm32f0xx.o
 .debug_info    0x000000000000a477     0x13cb ./src/dimmer.o
 .debug_info    0x000000000000b842     0x16dc ./src/main.o
 .debug_info    0x000000000000cf1e     0x10db ./src/stm32f0xx_hal_msp.o
 .debug_info    0x000000000000dff9      0x6aa ./src/stm32f0xx_it.o
 .debug_info    0x000000000000e6a3       0xb9 /usr/lib/gcc/arm-none-eabi/4.9.3/armv6-m/libgcc.a(_udivsi3.o)
 .debug_info    0x000000000000e75c       0xb9 /usr/lib/gcc/arm-none-eabi/4.9.3/armv6-m/libgcc.a(_divsi3.o)
 .debug_info    0x000000000000e815       0xb9 /usr/lib/gcc/arm-none-eabi/4.9.3/armv6-m/libgcc.a(_dvmd_tls.o)
 .debug_info    0x000000000000e8ce       0xb9 /usr/lib/gcc/arm-none-eabi/4.9.3/armv6-m/libgcc.a(_aeabi_uldivmod.o)
 .debug_info    0x000000000000e987      0x15e /usr/lib/gcc/arm-none-eabi/4.9.3/armv6-m/libgcc.a(bpabi.o)
 .debug_info    0x000000000000eae5      0x1fa /usr/lib/gcc/arm-none-eabi/4.9.3/armv6-m/libgcc.a(_muldi3.o)
 .debug_info    0x000000000000ecdf      0x261 /usr/lib/gcc/arm-none-eabi/4.9.3/armv6-m/libgcc.a(_divdi3.o)
 .debug_info    0x000000000000ef40      0x1c7 /usr/lib/gcc/arm-none-eabi/4.9.3/armv6-m/libgcc.a(_udivdi3.o)
 .debug_info    0x000000000000f107       0xb9 /usr/lib/gcc/arm-none-eabi/4.9.3/armv6-m/libgcc.a(_clzdi2.o)
 .debug_info    0x000000000000f1c0       0xb9 /usr/lib/gcc/arm-none-eabi/4.9.3/armv6-m/libgcc.a(_clzsi2.o)
 .debug_info    0x000000000000f279      0x7ed /usr/lib/gcc/arm-none-eabi/4.9.3/../../../arm-none-eabi/lib/armv6-m/libg_nano.a(lib_a-atoi.o)
 .debug_info    0x000000000000fa66      0x735 /usr/lib/gcc/arm-none-eabi/4.9.3/../../../arm-none-eabi/lib/armv6-m/libg_nano.a(lib_a-errno.o)
 .debug_info    0x000000000001019b      0x7d3 /usr/lib/gcc/arm-none-eabi/4.9.3/../../../arm-none-eabi/lib/armv6-m/libg_nano.a(lib_a-impure.o)
 .debug_info    0x000000000001096e       0xf8 /usr/lib/gcc/arm-none-eabi/4.9.3/../../../arm-none-eabi/lib/armv6-m/libg_nano.a(lib_a-memchr.o)
 .debug_info    0x0000000000010a66      0x102 /usr/lib/gcc/arm-none-eabi/4.9.3/../../../arm-none-eabi/lib/armv6-m/libg_nano.a(lib_a-memcpy.o)
 .debug_info    0x0000000000010b68      0x853 /usr/lib/gcc/arm-none-eabi/4.9.3/../../../arm-none-eabi/lib/armv6-m/libg_nano.a(lib_a-strtol.o)
 .debug_info    0x00000000000113bb      0x89d /usr/lib/gcc/arm-none-eabi/4.9.3/../../../arm-none-eabi/lib/armv6-m/libg_nano.a(lib_a-vsnprintf.o)
 .debug_info    0x0000000000011c58       0x6f /usr/lib/gcc/arm-none-eabi/4.9.3/../../../arm-none-eabi/lib/armv6-m/libg_nano.a(lib_a-ctype_.o)
 .debug_info    0x0000000000011cc7      0xe05 /usr/lib/gcc/arm-none-eabi/4.9.3/../../../arm-none-eabi/lib/armv6-m/libg_nano.a(lib_a-nano-svfprintf.o)
 .debug_info    0x0000000000012acc      0xb77 /usr/lib/gcc/arm-none-eabi/4.9.3/../../../arm-none-eabi/lib/armv6-m/libg_nano.a(lib_a-nano-vfprintf_i.o)
 .debug_info    0x0000000000013643      0x102 /usr/lib/gcc/arm-none-eabi/4.9.3/../../../arm-none-eabi/lib/armv6-m/libg_nano.a(lib_a-memmove.o)
 .debug_info    0x0000000000013745      0x81e /usr/lib/gcc/arm-none-eabi/4.9.3/../../../arm-none-eabi/lib/armv6-m/libg_nano.a(lib_a-nano-freer.o)
 .debug_info    0x0000000000013f63      0x8f9 /usr/lib/gcc/arm-none-eabi/4.9.3/../../../arm-none-eabi/lib/armv6-m/libg_nano.a(lib_a-nano-mallocr.o)
 .debug_info    0x000000000001485c      0x8b3 /usr/lib/gcc/arm-none-eabi/4.9.3/../../../arm-none-eabi/lib/armv6-m/libg_nano.a(lib_a-nano-reallocr.o)
 .debug_info    0x000000000001510f      0x7a0 /usr/lib/gcc/arm-none-eabi/4.9.3/../../../arm-none-eabi/lib/armv6-m/libg_nano.a(lib_a-sbrkr.o)
 .debug_info    0x00000000000158af      0x7b7 /usr/lib/gcc/arm-none-eabi/4.9.3/../../../arm-none-eabi/lib/armv6-m/libg_nano.a(lib_a-nano-msizer.o)

.debug_abbrev   0x0000000000000000     0x4275
 *(.debug_abbrev)
 .debug_abbrev  0x0000000000000000      0x20a ./system/src/stm32f0xx/stm32f0xx_hal.o
 .debug_abbrev  0x000000000000020a      0x239 ./system/src/stm32f0xx/stm32f0xx_hal_adc.o
 .debug_abbrev  0x0000000000000443      0x21d ./system/src/stm32f0xx/stm32f0xx_hal_cortex.o
 .debug_abbrev  0x0000000000000660      0x1d0 ./system/src/stm32f0xx/stm32f0xx_hal_dma.o
 .debug_abbrev  0x0000000000000830      0x1d2 ./system/src/stm32f0xx/stm32f0xx_hal_gpio.o
 .debug_abbrev  0x0000000000000a02      0x191 ./system/src/stm32f0xx/stm32f0xx_hal_iwdg.o
 .debug_abbrev  0x0000000000000b93      0x270 ./system/src/stm32f0xx/stm32f0xx_hal_rcc.o
 .debug_abbrev  0x0000000000000e03      0x17d ./system/src/stm32f0xx/stm32f0xx_hal_rcc_ex.o
 .debug_abbrev  0x0000000000000f80      0x23d ./system/src/stm32f0xx/stm32f0xx_hal_tim.o
 .debug_abbrev  0x00000000000011bd      0x22a ./system/src/stm32f0xx/stm32f0xx_hal_tim_ex.o
 .debug_abbrev  0x00000000000013e7      0x209 ./system/src/stm32f0xx/stm32f0xx_hal_uart.o
 .debug_abbrev  0x00000000000015f0       0xa4 ./system/src/newlib/_exit.o
 .debug_abbrev  0x0000000000001694       0xbb ./system/src/newlib/_sbrk.o
 .debug_abbrev  0x000000000000174f      0x1e9 ./system/src/newlib/_startup.o
 .debug_abbrev  0x0000000000001938       0xee ./system/src/newlib/_syscalls.o
 .debug_abbrev  0x0000000000001a26      0x178 ./system/src/diag/Trace.o
 .debug_abbrev  0x0000000000001b9e       0x9c ./system/src/diag/trace_impl.o
 .debug_abbrev  0x0000000000001c3a       0x63 ./system/src/cortexm/_initialize_hardware.o
 .debug_abbrev  0x0000000000001c9d      0x165 ./system/src/cortexm/exception_handlers.o
 .debug_abbrev  0x0000000000001e02       0x12 ./system/src/cmsis/startup_stm32f030x6.o
 .debug_abbrev  0x0000000000001e14       0xf3 ./system/src/cmsis/system_stm32f0xx.o
 .debug_abbrev  0x0000000000001f07      0x283 ./src/dimmer.o
 .debug_abbrev  0x000000000000218a      0x28b ./src/main.o
 .debug_abbrev  0x0000000000002415      0x238 ./src/stm32f0xx_hal_msp.o
 .debug_abbrev  0x000000000000264d      0x154 ./src/stm32f0xx_it.o
 .debug_abbrev  0x00000000000027a1       0x14 /usr/lib/gcc/arm-none-eabi/4.9.3/armv6-m/libgcc.a(_udivsi3.o)
 .debug_abbrev  0x00000000000027b5       0x14 /usr/lib/gcc/arm-none-eabi/4.9.3/armv6-m/libgcc.a(_divsi3.o)
 .debug_abbrev  0x00000000000027c9       0x14 /usr/lib/gcc/arm-none-eabi/4.9.3/armv6-m/libgcc.a(_dvmd_tls.o)
 .debug_abbrev  0x00000000000027dd       0x14 /usr/lib/gcc/arm-none-eabi/4.9.3/armv6-m/libgcc.a(_aeabi_uldivmod.o)
 .debug_abbrev  0x00000000000027f1       0xb7 /usr/lib/gcc/arm-none-eabi/4.9.3/armv6-m/libgcc.a(bpabi.o)
 .debug_abbrev  0x00000000000028a8       0xef /usr/lib/gcc/arm-none-eabi/4.9.3/armv6-m/libgcc.a(_muldi3.o)
 .debug_abbrev  0x0000000000002997      0x128 /usr/lib/gcc/arm-none-eabi/4.9.3/armv6-m/libgcc.a(_divdi3.o)
 .debug_abbrev  0x0000000000002abf       0xc7 /usr/lib/gcc/arm-none-eabi/4.9.3/armv6-m/libgcc.a(_udivdi3.o)
 .debug_abbrev  0x0000000000002b86       0x14 /usr/lib/gcc/arm-none-eabi/4.9.3/armv6-m/libgcc.a(_clzdi2.o)
 .debug_abbrev  0x0000000000002b9a       0x14 /usr/lib/gcc/arm-none-eabi/4.9.3/armv6-m/libgcc.a(_clzsi2.o)
 .debug_abbrev  0x0000000000002bae      0x173 /usr/lib/gcc/arm-none-eabi/4.9.3/../../../arm-none-eabi/lib/armv6-m/libg_nano.a(lib_a-atoi.o)
 .debug_abbrev  0x0000000000002d21      0x134 /usr/lib/gcc/arm-none-eabi/4.9.3/../../../arm-none-eabi/lib/armv6-m/libg_nano.a(lib_a-errno.o)
 .debug_abbrev  0x0000000000002e55      0x136 /usr/lib/gcc/arm-none-eabi/4.9.3/../../../arm-none-eabi/lib/armv6-m/libg_nano.a(lib_a-impure.o)
 .debug_abbrev  0x0000000000002f8b       0xab /usr/lib/gcc/arm-none-eabi/4.9.3/../../../arm-none-eabi/lib/armv6-m/libg_nano.a(lib_a-memchr.o)
 .debug_abbrev  0x0000000000003036       0xa4 /usr/lib/gcc/arm-none-eabi/4.9.3/../../../arm-none-eabi/lib/armv6-m/libg_nano.a(lib_a-memcpy.o)
 .debug_abbrev  0x00000000000030da      0x1b6 /usr/lib/gcc/arm-none-eabi/4.9.3/../../../arm-none-eabi/lib/armv6-m/libg_nano.a(lib_a-strtol.o)
 .debug_abbrev  0x0000000000003290      0x1ba /usr/lib/gcc/arm-none-eabi/4.9.3/../../../arm-none-eabi/lib/armv6-m/libg_nano.a(lib_a-vsnprintf.o)
 .debug_abbrev  0x000000000000344a       0x4e /usr/lib/gcc/arm-none-eabi/4.9.3/../../../arm-none-eabi/lib/armv6-m/libg_nano.a(lib_a-ctype_.o)
 .debug_abbrev  0x0000000000003498      0x269 /usr/lib/gcc/arm-none-eabi/4.9.3/../../../arm-none-eabi/lib/armv6-m/libg_nano.a(lib_a-nano-svfprintf.o)
 .debug_abbrev  0x0000000000003701      0x21a /usr/lib/gcc/arm-none-eabi/4.9.3/../../../arm-none-eabi/lib/armv6-m/libg_nano.a(lib_a-nano-vfprintf_i.o)
 .debug_abbrev  0x000000000000391b       0x9c /usr/lib/gcc/arm-none-eabi/4.9.3/../../../arm-none-eabi/lib/armv6-m/libg_nano.a(lib_a-memmove.o)
 .debug_abbrev  0x00000000000039b7      0x1b8 /usr/lib/gcc/arm-none-eabi/4.9.3/../../../arm-none-eabi/lib/armv6-m/libg_nano.a(lib_a-nano-freer.o)
 .debug_abbrev  0x0000000000003b6f      0x248 /usr/lib/gcc/arm-none-eabi/4.9.3/../../../arm-none-eabi/lib/armv6-m/libg_nano.a(lib_a-nano-mallocr.o)
 .debug_abbrev  0x0000000000003db7      0x1bb /usr/lib/gcc/arm-none-eabi/4.9.3/../../../arm-none-eabi/lib/armv6-m/libg_nano.a(lib_a-nano-reallocr.o)
 .debug_abbrev  0x0000000000003f72      0x1a2 /usr/lib/gcc/arm-none-eabi/4.9.3/../../../arm-none-eabi/lib/armv6-m/libg_nano.a(lib_a-sbrkr.o)
 .debug_abbrev  0x0000000000004114      0x161 /usr/lib/gcc/arm-none-eabi/4.9.3/../../../arm-none-eabi/lib/armv6-m/libg_nano.a(lib_a-nano-msizer.o)

.debug_line     0x0000000000000000     0xad23
 *(.debug_line)
 .debug_line    0x0000000000000000      0x638 ./system/src/stm32f0xx/stm32f0xx_hal.o
 .debug_line    0x0000000000000638      0xa41 ./system/src/stm32f0xx/stm32f0xx_hal_adc.o
 .debug_line    0x0000000000001079      0x656 ./system/src/stm32f0xx/stm32f0xx_hal_cortex.o
 .debug_line    0x00000000000016cf      0x737 ./system/src/stm32f0xx/stm32f0xx_hal_dma.o
 .debug_line    0x0000000000001e06      0x63e ./system/src/stm32f0xx/stm32f0xx_hal_gpio.o
 .debug_line    0x0000000000002444      0x5d2 ./system/src/stm32f0xx/stm32f0xx_hal_iwdg.o
 .debug_line    0x0000000000002a16      0x78f ./system/src/stm32f0xx/stm32f0xx_hal_rcc.o
 .debug_line    0x00000000000031a5      0x5d7 ./system/src/stm32f0xx/stm32f0xx_hal_rcc_ex.o
 .debug_line    0x000000000000377c     0x14f8 ./system/src/stm32f0xx/stm32f0xx_hal_tim.o
 .debug_line    0x0000000000004c74      0xa94 ./system/src/stm32f0xx/stm32f0xx_hal_tim_ex.o
 .debug_line    0x0000000000005708      0xe54 ./system/src/stm32f0xx/stm32f0xx_hal_uart.o
 .debug_line    0x000000000000655c      0x1e9 ./system/src/newlib/_exit.o
 .debug_line    0x0000000000006745      0x196 ./system/src/newlib/_sbrk.o
 .debug_line    0x00000000000068db      0x255 ./system/src/newlib/_startup.o
 .debug_line    0x0000000000006b30      0x277 ./system/src/newlib/_syscalls.o
 .debug_line    0x0000000000006da7      0x245 ./system/src/diag/Trace.o
 .debug_line    0x0000000000006fec      0x296 ./system/src/diag/trace_impl.o
 .debug_line    0x0000000000007282      0x176 ./system/src/cortexm/_initialize_hardware.o
 .debug_line    0x00000000000073f8      0x354 ./system/src/cortexm/exception_handlers.o
 .debug_line    0x000000000000774c       0x8c ./system/src/cmsis/startup_stm32f030x6.o
 .debug_line    0x00000000000077d8      0x17a ./system/src/cmsis/system_stm32f0xx.o
 .debug_line    0x0000000000007952      0x69c ./src/dimmer.o
 .debug_line    0x0000000000007fee      0x623 ./src/main.o
 .debug_line    0x0000000000008611      0x5d8 ./src/stm32f0xx_hal_msp.o
 .debug_line    0x0000000000008be9      0x544 ./src/stm32f0xx_it.o
 .debug_line    0x000000000000912d       0x6c /usr/lib/gcc/arm-none-eabi/4.9.3/armv6-m/libgcc.a(_udivsi3.o)
 .debug_line    0x0000000000009199       0x73 /usr/lib/gcc/arm-none-eabi/4.9.3/armv6-m/libgcc.a(_divsi3.o)
 .debug_line    0x000000000000920c       0x5e /usr/lib/gcc/arm-none-eabi/4.9.3/armv6-m/libgcc.a(_dvmd_tls.o)
 .debug_line    0x000000000000926a       0x69 /usr/lib/gcc/arm-none-eabi/4.9.3/armv6-m/libgcc.a(_aeabi_uldivmod.o)
 .debug_line    0x00000000000092d3       0x68 /usr/lib/gcc/arm-none-eabi/4.9.3/armv6-m/libgcc.a(bpabi.o)
 .debug_line    0x000000000000933b       0x8d /usr/lib/gcc/arm-none-eabi/4.9.3/armv6-m/libgcc.a(_muldi3.o)
 .debug_line    0x00000000000093c8       0xab /usr/lib/gcc/arm-none-eabi/4.9.3/armv6-m/libgcc.a(_divdi3.o)
 .debug_line    0x0000000000009473       0x9a /usr/lib/gcc/arm-none-eabi/4.9.3/armv6-m/libgcc.a(_udivdi3.o)
 .debug_line    0x000000000000950d       0x68 /usr/lib/gcc/arm-none-eabi/4.9.3/armv6-m/libgcc.a(_clzdi2.o)
 .debug_line    0x0000000000009575       0x72 /usr/lib/gcc/arm-none-eabi/4.9.3/armv6-m/libgcc.a(_clzsi2.o)
 .debug_line    0x00000000000095e7      0x16a /usr/lib/gcc/arm-none-eabi/4.9.3/../../../arm-none-eabi/lib/armv6-m/libg_nano.a(lib_a-atoi.o)
 .debug_line    0x0000000000009751      0x10e /usr/lib/gcc/arm-none-eabi/4.9.3/../../../arm-none-eabi/lib/armv6-m/libg_nano.a(lib_a-errno.o)
 .debug_line    0x000000000000985f       0xf1 /usr/lib/gcc/arm-none-eabi/4.9.3/../../../arm-none-eabi/lib/armv6-m/libg_nano.a(lib_a-impure.o)
 .debug_line    0x0000000000009950       0xf1 /usr/lib/gcc/arm-none-eabi/4.9.3/../../../arm-none-eabi/lib/armv6-m/libg_nano.a(lib_a-memchr.o)
 .debug_line    0x0000000000009a41       0xf1 /usr/lib/gcc/arm-none-eabi/4.9.3/../../../arm-none-eabi/lib/armv6-m/libg_nano.a(lib_a-memcpy.o)
 .debug_line    0x0000000000009b32      0x20b /usr/lib/gcc/arm-none-eabi/4.9.3/../../../arm-none-eabi/lib/armv6-m/libg_nano.a(lib_a-strtol.o)
 .debug_line    0x0000000000009d3d      0x1bb /usr/lib/gcc/arm-none-eabi/4.9.3/../../../arm-none-eabi/lib/armv6-m/libg_nano.a(lib_a-vsnprintf.o)
 .debug_line    0x0000000000009ef8       0x72 /usr/lib/gcc/arm-none-eabi/4.9.3/../../../arm-none-eabi/lib/armv6-m/libg_nano.a(lib_a-ctype_.o)
 .debug_line    0x0000000000009f6a      0x309 /usr/lib/gcc/arm-none-eabi/4.9.3/../../../arm-none-eabi/lib/armv6-m/libg_nano.a(lib_a-nano-svfprintf.o)
 .debug_line    0x000000000000a273      0x2fd /usr/lib/gcc/arm-none-eabi/4.9.3/../../../arm-none-eabi/lib/armv6-m/libg_nano.a(lib_a-nano-vfprintf_i.o)
 .debug_line    0x000000000000a570       0xf8 /usr/lib/gcc/arm-none-eabi/4.9.3/../../../arm-none-eabi/lib/armv6-m/libg_nano.a(lib_a-memmove.o)
 .debug_line    0x000000000000a668      0x140 /usr/lib/gcc/arm-none-eabi/4.9.3/../../../arm-none-eabi/lib/armv6-m/libg_nano.a(lib_a-nano-freer.o)
 .debug_line    0x000000000000a7a8      0x19a /usr/lib/gcc/arm-none-eabi/4.9.3/../../../arm-none-eabi/lib/armv6-m/libg_nano.a(lib_a-nano-mallocr.o)
 .debug_line    0x000000000000a942      0x170 /usr/lib/gcc/arm-none-eabi/4.9.3/../../../arm-none-eabi/lib/armv6-m/libg_nano.a(lib_a-nano-reallocr.o)
 .debug_line    0x000000000000aab2      0x162 /usr/lib/gcc/arm-none-eabi/4.9.3/../../../arm-none-eabi/lib/armv6-m/libg_nano.a(lib_a-sbrkr.o)
 .debug_line    0x000000000000ac14      0x10f /usr/lib/gcc/arm-none-eabi/4.9.3/../../../arm-none-eabi/lib/armv6-m/libg_nano.a(lib_a-nano-msizer.o)

.debug_frame    0x0000000000000000     0x25fc
 *(.debug_frame)
 .debug_frame   0x0000000000000000      0x144 ./system/src/stm32f0xx/stm32f0xx_hal.o
 .debug_frame   0x0000000000000144      0x2a0 ./system/src/stm32f0xx/stm32f0xx_hal_adc.o
 .debug_frame   0x00000000000003e4       0xe4 ./system/src/stm32f0xx/stm32f0xx_hal_cortex.o
 .debug_frame   0x00000000000004c8      0x168 ./system/src/stm32f0xx/stm32f0xx_hal_dma.o
 .debug_frame   0x0000000000000630       0xcc ./system/src/stm32f0xx/stm32f0xx_hal_gpio.o
 .debug_frame   0x00000000000006fc       0x84 ./system/src/stm32f0xx/stm32f0xx_hal_iwdg.o
 .debug_frame   0x0000000000000780      0x130 ./system/src/stm32f0xx/stm32f0xx_hal_rcc.o
 .debug_frame   0x00000000000008b0       0x58 ./system/src/stm32f0xx/stm32f0xx_hal_rcc_ex.o
 .debug_frame   0x0000000000000908      0x998 ./system/src/stm32f0xx/stm32f0xx_hal_tim.o
 .debug_frame   0x00000000000012a0      0x384 ./system/src/stm32f0xx/stm32f0xx_hal_tim_ex.o
 .debug_frame   0x0000000000001624      0x4f4 ./system/src/stm32f0xx/stm32f0xx_hal_uart.o
 .debug_frame   0x0000000000001b18       0x38 ./system/src/newlib/_exit.o
 .debug_frame   0x0000000000001b50       0x28 ./system/src/newlib/_sbrk.o
 .debug_frame   0x0000000000001b78       0x80 ./system/src/newlib/_startup.o
 .debug_frame   0x0000000000001bf8       0x50 ./system/src/newlib/_syscalls.o
 .debug_frame   0x0000000000001c48       0x78 ./system/src/diag/Trace.o
 .debug_frame   0x0000000000001cc0       0x30 ./system/src/diag/trace_impl.o
 .debug_frame   0x0000000000001cf0       0x40 ./system/src/cortexm/_initialize_hardware.o
 .debug_frame   0x0000000000001d30       0xb0 ./system/src/cortexm/exception_handlers.o
 .debug_frame   0x0000000000001de0       0x38 ./system/src/cmsis/system_stm32f0xx.o
 .debug_frame   0x0000000000001e18      0x158 ./src/dimmer.o
 .debug_frame   0x0000000000001f70      0x108 ./src/main.o
 .debug_frame   0x0000000000002078       0xd4 ./src/stm32f0xx_hal_msp.o
 .debug_frame   0x000000000000214c       0x70 ./src/stm32f0xx_it.o
 .debug_frame   0x00000000000021bc       0x20 /usr/lib/gcc/arm-none-eabi/4.9.3/armv6-m/libgcc.a(_udivsi3.o)
 .debug_frame   0x00000000000021dc       0x20 /usr/lib/gcc/arm-none-eabi/4.9.3/armv6-m/libgcc.a(_divsi3.o)
 .debug_frame   0x00000000000021fc       0x50 /usr/lib/gcc/arm-none-eabi/4.9.3/armv6-m/libgcc.a(bpabi.o)
 .debug_frame   0x000000000000224c       0x34 /usr/lib/gcc/arm-none-eabi/4.9.3/armv6-m/libgcc.a(_muldi3.o)
 .debug_frame   0x0000000000002280       0x3c /usr/lib/gcc/arm-none-eabi/4.9.3/armv6-m/libgcc.a(_divdi3.o)
 .debug_frame   0x00000000000022bc       0x3c /usr/lib/gcc/arm-none-eabi/4.9.3/armv6-m/libgcc.a(_udivdi3.o)
 .debug_frame   0x00000000000022f8       0x40 /usr/lib/gcc/arm-none-eabi/4.9.3/../../../arm-none-eabi/lib/armv6-m/libg_nano.a(lib_a-atoi.o)
 .debug_frame   0x0000000000002338       0x20 /usr/lib/gcc/arm-none-eabi/4.9.3/../../../arm-none-eabi/lib/armv6-m/libg_nano.a(lib_a-errno.o)
 .debug_frame   0x0000000000002358       0x20 /usr/lib/gcc/arm-none-eabi/4.9.3/../../../arm-none-eabi/lib/armv6-m/libg_nano.a(lib_a-memchr.o)
 .debug_frame   0x0000000000002378       0x28 /usr/lib/gcc/arm-none-eabi/4.9.3/../../../arm-none-eabi/lib/armv6-m/libg_nano.a(lib_a-memcpy.o)
 .debug_frame   0x00000000000023a0       0x4c /usr/lib/gcc/arm-none-eabi/4.9.3/../../../arm-none-eabi/lib/armv6-m/libg_nano.a(lib_a-strtol.o)
 .debug_frame   0x00000000000023ec       0x4c /usr/lib/gcc/arm-none-eabi/4.9.3/../../../arm-none-eabi/lib/armv6-m/libg_nano.a(lib_a-vsnprintf.o)
 .debug_frame   0x0000000000002438       0x74 /usr/lib/gcc/arm-none-eabi/4.9.3/../../../arm-none-eabi/lib/armv6-m/libg_nano.a(lib_a-nano-svfprintf.o)
 .debug_frame   0x00000000000024ac       0x54 /usr/lib/gcc/arm-none-eabi/4.9.3/../../../arm-none-eabi/lib/armv6-m/libg_nano.a(lib_a-nano-vfprintf_i.o)
 .debug_frame   0x0000000000002500       0x28 /usr/lib/gcc/arm-none-eabi/4.9.3/../../../arm-none-eabi/lib/armv6-m/libg_nano.a(lib_a-memmove.o)
 .debug_frame   0x0000000000002528       0x2c /usr/lib/gcc/arm-none-eabi/4.9.3/../../../arm-none-eabi/lib/armv6-m/libg_nano.a(lib_a-nano-freer.o)
 .debug_frame   0x0000000000002554       0x2c /usr/lib/gcc/arm-none-eabi/4.9.3/../../../arm-none-eabi/lib/armv6-m/libg_nano.a(lib_a-nano-mallocr.o)
 .debug_frame   0x0000000000002580       0x30 /usr/lib/gcc/arm-none-eabi/4.9.3/../../../arm-none-eabi/lib/armv6-m/libg_nano.a(lib_a-nano-reallocr.o)
 .debug_frame   0x00000000000025b0       0x2c /usr/lib/gcc/arm-none-eabi/4.9.3/../../../arm-none-eabi/lib/armv6-m/libg_nano.a(lib_a-sbrkr.o)
 .debug_frame   0x00000000000025dc       0x20 /usr/lib/gcc/arm-none-eabi/4.9.3/../../../arm-none-eabi/lib/armv6-m/libg_nano.a(lib_a-nano-msizer.o)

.debug_str      0x0000000000000000    0x64542
 *(.debug_str)
 .debug_str     0x0000000000000000    0x5d67e ./system/src/stm32f0xx/stm32f0xx_hal.o
                                      0x5da42 (size before relaxing)
 .debug_str     0x000000000005d67e      0x6ea ./system/src/stm32f0xx/stm32f0xx_hal_adc.o
                                      0x5dcae (size before relaxing)
 .debug_str     0x000000000005dd68      0x194 ./system/src/stm32f0xx/stm32f0xx_hal_cortex.o
                                      0x5d908 (size before relaxing)
 .debug_str     0x000000000005defc      0x21d ./system/src/stm32f0xx/stm32f0xx_hal_dma.o
                                      0x5d97b (size before relaxing)
 .debug_str     0x000000000005e119      0x282 ./system/src/stm32f0xx/stm32f0xx_hal_gpio.o
                                      0x5d830 (size before relaxing)
 .debug_str     0x000000000005e39b      0x170 ./system/src/stm32f0xx/stm32f0xx_hal_iwdg.o
                                      0x5d700 (size before relaxing)
 .debug_str     0x000000000005e50b      0x33e ./system/src/stm32f0xx/stm32f0xx_hal_rcc.o
                                      0x5d9d9 (size before relaxing)
 .debug_str     0x000000000005e849      0x11b ./system/src/stm32f0xx/stm32f0xx_hal_rcc_ex.o
                                      0x5d716 (size before relaxing)
 .debug_str     0x000000000005e964      0xe76 ./system/src/stm32f0xx/stm32f0xx_hal_tim.o
                                      0x5e692 (size before relaxing)
 .debug_str     0x000000000005f7da      0x4e8 ./system/src/stm32f0xx/stm32f0xx_hal_tim_ex.o
                                      0x5df50 (size before relaxing)
 .debug_str     0x000000000005fcc2      0x8d5 ./system/src/stm32f0xx/stm32f0xx_hal_uart.o
                                      0x5e13d (size before relaxing)
 .debug_str     0x0000000000060597     0x1090 ./system/src/newlib/_exit.o
                                       0x5e38 (size before relaxing)
 .debug_str     0x0000000000061627      0x4de ./system/src/newlib/_sbrk.o
                                       0x5249 (size before relaxing)
 .debug_str     0x0000000000061b05      0x260 ./system/src/newlib/_startup.o
                                       0x4e21 (size before relaxing)
 .debug_str     0x0000000000061d65     0x111f ./system/src/newlib/_syscalls.o
                                       0x63b7 (size before relaxing)
 .debug_str     0x0000000000062e84      0x191 ./system/src/diag/Trace.o
                                       0x6759 (size before relaxing)
 .debug_str     0x0000000000063015       0x42 ./system/src/diag/trace_impl.o
                                      0x2c63c (size before relaxing)
 .debug_str     0x0000000000063057       0x4e ./system/src/cortexm/_initialize_hardware.o
                                      0x29922 (size before relaxing)
 .debug_str     0x00000000000630a5      0x166 ./system/src/cortexm/exception_handlers.o
                                      0x2d392 (size before relaxing)
 .debug_str     0x000000000006320b       0x46 ./system/src/cmsis/system_stm32f0xx.o
                                      0x299eb (size before relaxing)
 .debug_str     0x0000000000063251      0x260 ./src/dimmer.o
                                      0x5e2da (size before relaxing)
 .debug_str     0x00000000000634b1       0xd8 ./src/main.o
                                      0x5e56d (size before relaxing)
 .debug_str     0x0000000000063589       0x35 ./src/stm32f0xx_hal_msp.o
                                      0x5e047 (size before relaxing)
 .debug_str     0x00000000000635be       0x3a ./src/stm32f0xx_it.o
                                      0x5da5d (size before relaxing)
 .debug_str     0x00000000000635f8      0x1a8 /usr/lib/gcc/arm-none-eabi/4.9.3/armv6-m/libgcc.a(bpabi.o)
                                        0x1cd (size before relaxing)
 .debug_str     0x00000000000637a0       0x8d /usr/lib/gcc/arm-none-eabi/4.9.3/armv6-m/libgcc.a(_muldi3.o)
                                        0x25e (size before relaxing)
 .debug_str     0x000000000006382d       0xea /usr/lib/gcc/arm-none-eabi/4.9.3/armv6-m/libgcc.a(_divdi3.o)
                                        0x258 (size before relaxing)
 .debug_str     0x0000000000063917      0x235 /usr/lib/gcc/arm-none-eabi/4.9.3/armv6-m/libgcc.a(_udivdi3.o)
 .debug_str     0x0000000000063917      0x446 /usr/lib/gcc/arm-none-eabi/4.9.3/../../../arm-none-eabi/lib/armv6-m/libg_nano.a(lib_a-atoi.o)
                                        0x530 (size before relaxing)
 .debug_str     0x0000000000063d5d       0x95 /usr/lib/gcc/arm-none-eabi/4.9.3/../../../arm-none-eabi/lib/armv6-m/libg_nano.a(lib_a-errno.o)
                                        0x525 (size before relaxing)
 .debug_str     0x0000000000063df2       0xe1 /usr/lib/gcc/arm-none-eabi/4.9.3/../../../arm-none-eabi/lib/armv6-m/libg_nano.a(lib_a-impure.o)
                                        0x57c (size before relaxing)
 .debug_str     0x0000000000063ed3       0xa8 /usr/lib/gcc/arm-none-eabi/4.9.3/../../../arm-none-eabi/lib/armv6-m/libg_nano.a(lib_a-memchr.o)
                                        0x1e4 (size before relaxing)
 .debug_str     0x0000000000063f7b       0x42 /usr/lib/gcc/arm-none-eabi/4.9.3/../../../arm-none-eabi/lib/armv6-m/libg_nano.a(lib_a-memcpy.o)
                                        0x1e8 (size before relaxing)
 .debug_str     0x0000000000063fbd       0x5b /usr/lib/gcc/arm-none-eabi/4.9.3/../../../arm-none-eabi/lib/armv6-m/libg_nano.a(lib_a-strtol.o)
                                        0x563 (size before relaxing)
 .debug_str     0x0000000000064018       0xb3 /usr/lib/gcc/arm-none-eabi/4.9.3/../../../arm-none-eabi/lib/armv6-m/libg_nano.a(lib_a-vsnprintf.o)
                                        0x57c (size before relaxing)
 .debug_str     0x00000000000640cb       0x9e /usr/lib/gcc/arm-none-eabi/4.9.3/../../../arm-none-eabi/lib/armv6-m/libg_nano.a(lib_a-ctype_.o)
                                        0x156 (size before relaxing)
 .debug_str     0x0000000000064169      0x1df /usr/lib/gcc/arm-none-eabi/4.9.3/../../../arm-none-eabi/lib/armv6-m/libg_nano.a(lib_a-nano-svfprintf.o)
                                        0x6ae (size before relaxing)
 .debug_str     0x0000000000064348       0x8e /usr/lib/gcc/arm-none-eabi/4.9.3/../../../arm-none-eabi/lib/armv6-m/libg_nano.a(lib_a-nano-vfprintf_i.o)
                                        0x64d (size before relaxing)
 .debug_str     0x00000000000643d6       0x38 /usr/lib/gcc/arm-none-eabi/4.9.3/../../../arm-none-eabi/lib/armv6-m/libg_nano.a(lib_a-memmove.o)
                                        0x1ef (size before relaxing)
 .debug_str     0x000000000006440e       0x90 /usr/lib/gcc/arm-none-eabi/4.9.3/../../../arm-none-eabi/lib/armv6-m/libg_nano.a(lib_a-nano-freer.o)
                                        0x595 (size before relaxing)
 .debug_str     0x000000000006449e       0x46 /usr/lib/gcc/arm-none-eabi/4.9.3/../../../arm-none-eabi/lib/armv6-m/libg_nano.a(lib_a-nano-mallocr.o)
                                        0x5ca (size before relaxing)
 .debug_str     0x00000000000644e4       0x23 /usr/lib/gcc/arm-none-eabi/4.9.3/../../../arm-none-eabi/lib/armv6-m/libg_nano.a(lib_a-nano-reallocr.o)
                                        0x59d (size before relaxing)
 .debug_str     0x0000000000064507       0x2c /usr/lib/gcc/arm-none-eabi/4.9.3/../../../arm-none-eabi/lib/armv6-m/libg_nano.a(lib_a-sbrkr.o)
                                        0x534 (size before relaxing)
 .debug_str     0x0000000000064533        0xf /usr/lib/gcc/arm-none-eabi/4.9.3/../../../arm-none-eabi/lib/armv6-m/libg_nano.a(lib_a-nano-msizer.o)
                                        0x57b (size before relaxing)

.debug_loc      0x0000000000000000     0xad73
 *(.debug_loc)
 .debug_loc     0x0000000000000000       0x6a ./system/src/stm32f0xx/stm32f0xx_hal.o
 .debug_loc     0x000000000000006a      0xbc6 ./system/src/stm32f0xx/stm32f0xx_hal_adc.o
 .debug_loc     0x0000000000000c30      0x268 ./system/src/stm32f0xx/stm32f0xx_hal_cortex.o
 .debug_loc     0x0000000000000e98      0x815 ./system/src/stm32f0xx/stm32f0xx_hal_dma.o
 .debug_loc     0x00000000000016ad      0x276 ./system/src/stm32f0xx/stm32f0xx_hal_gpio.o
 .debug_loc     0x0000000000001923      0x181 ./system/src/stm32f0xx/stm32f0xx_hal_iwdg.o
 .debug_loc     0x0000000000001aa4      0x4ff ./system/src/stm32f0xx/stm32f0xx_hal_rcc.o
 .debug_loc     0x0000000000001fa3      0x362 ./system/src/stm32f0xx/stm32f0xx_hal_rcc_ex.o
 .debug_loc     0x0000000000002305     0x373d ./system/src/stm32f0xx/stm32f0xx_hal_tim.o
 .debug_loc     0x0000000000005a42     0x115c ./system/src/stm32f0xx/stm32f0xx_hal_tim_ex.o
 .debug_loc     0x0000000000006b9e     0x1400 ./system/src/stm32f0xx/stm32f0xx_hal_uart.o
 .debug_loc     0x0000000000007f9e       0x7b ./system/src/newlib/_sbrk.o
 .debug_loc     0x0000000000008019      0x265 ./system/src/newlib/_startup.o
 .debug_loc     0x000000000000827e       0x63 ./system/src/newlib/_syscalls.o
 .debug_loc     0x00000000000082e1       0xf7 ./system/src/diag/Trace.o
 .debug_loc     0x00000000000083d8       0x21 ./system/src/diag/trace_impl.o
 .debug_loc     0x00000000000083f9       0x94 ./system/src/cortexm/exception_handlers.o
 .debug_loc     0x000000000000848d       0xfe ./system/src/cmsis/system_stm32f0xx.o
 .debug_loc     0x000000000000858b      0x206 ./src/dimmer.o
 .debug_loc     0x0000000000008791      0x124 ./src/stm32f0xx_hal_msp.o
 .debug_loc     0x00000000000088b5       0xe0 /usr/lib/gcc/arm-none-eabi/4.9.3/armv6-m/libgcc.a(bpabi.o)
 .debug_loc     0x0000000000008995      0x191 /usr/lib/gcc/arm-none-eabi/4.9.3/armv6-m/libgcc.a(_muldi3.o)
 .debug_loc     0x0000000000008b26      0x541 /usr/lib/gcc/arm-none-eabi/4.9.3/armv6-m/libgcc.a(_divdi3.o)
 .debug_loc     0x0000000000009067      0x479 /usr/lib/gcc/arm-none-eabi/4.9.3/armv6-m/libgcc.a(_udivdi3.o)
 .debug_loc     0x00000000000094e0       0x63 /usr/lib/gcc/arm-none-eabi/4.9.3/../../../arm-none-eabi/lib/armv6-m/libg_nano.a(lib_a-atoi.o)
 .debug_loc     0x0000000000009543       0xa7 /usr/lib/gcc/arm-none-eabi/4.9.3/../../../arm-none-eabi/lib/armv6-m/libg_nano.a(lib_a-memchr.o)
 .debug_loc     0x00000000000095ea       0xcf /usr/lib/gcc/arm-none-eabi/4.9.3/../../../arm-none-eabi/lib/armv6-m/libg_nano.a(lib_a-memcpy.o)
 .debug_loc     0x00000000000096b9      0x350 /usr/lib/gcc/arm-none-eabi/4.9.3/../../../arm-none-eabi/lib/armv6-m/libg_nano.a(lib_a-strtol.o)
 .debug_loc     0x0000000000009a09      0x1a4 /usr/lib/gcc/arm-none-eabi/4.9.3/../../../arm-none-eabi/lib/armv6-m/libg_nano.a(lib_a-vsnprintf.o)
 .debug_loc     0x0000000000009bad      0x581 /usr/lib/gcc/arm-none-eabi/4.9.3/../../../arm-none-eabi/lib/armv6-m/libg_nano.a(lib_a-nano-svfprintf.o)
 .debug_loc     0x000000000000a12e      0x57d /usr/lib/gcc/arm-none-eabi/4.9.3/../../../arm-none-eabi/lib/armv6-m/libg_nano.a(lib_a-nano-vfprintf_i.o)
 .debug_loc     0x000000000000a6ab      0x152 /usr/lib/gcc/arm-none-eabi/4.9.3/../../../arm-none-eabi/lib/armv6-m/libg_nano.a(lib_a-memmove.o)
 .debug_loc     0x000000000000a7fd      0x137 /usr/lib/gcc/arm-none-eabi/4.9.3/../../../arm-none-eabi/lib/armv6-m/libg_nano.a(lib_a-nano-freer.o)
 .debug_loc     0x000000000000a934      0x214 /usr/lib/gcc/arm-none-eabi/4.9.3/../../../arm-none-eabi/lib/armv6-m/libg_nano.a(lib_a-nano-mallocr.o)
 .debug_loc     0x000000000000ab48      0x142 /usr/lib/gcc/arm-none-eabi/4.9.3/../../../arm-none-eabi/lib/armv6-m/libg_nano.a(lib_a-nano-reallocr.o)
 .debug_loc     0x000000000000ac8a       0x4d /usr/lib/gcc/arm-none-eabi/4.9.3/../../../arm-none-eabi/lib/armv6-m/libg_nano.a(lib_a-sbrkr.o)
 .debug_loc     0x000000000000acd7       0x9c /usr/lib/gcc/arm-none-eabi/4.9.3/../../../arm-none-eabi/lib/armv6-m/libg_nano.a(lib_a-nano-msizer.o)

.debug_macinfo
 *(.debug_macinfo)

.debug_weaknames
 *(.debug_weaknames)

.debug_funcnames
 *(.debug_funcnames)

.debug_typenames
 *(.debug_typenames)

.debug_varnames
 *(.debug_varnames)
OUTPUT(dimmer4ch-Eclipse.elf elf32-littlearm)

.debug_ranges   0x0000000000000000      0xe78
 .debug_ranges  0x0000000000000000       0x90 ./system/src/stm32f0xx/stm32f0xx_hal.o
 .debug_ranges  0x0000000000000090       0xe8 ./system/src/stm32f0xx/stm32f0xx_hal_adc.o
 .debug_ranges  0x0000000000000178       0x68 ./system/src/stm32f0xx/stm32f0xx_hal_cortex.o
 .debug_ranges  0x00000000000001e0       0x78 ./system/src/stm32f0xx/stm32f0xx_hal_dma.o
 .debug_ranges  0x0000000000000258       0x48 ./system/src/stm32f0xx/stm32f0xx_hal_gpio.o