Archive member included to satisfy reference by file (symbol)

/usr/lib/gcc/arm-none-eabi/4.9.3/armv6-m/libgcc.a(_thumb1_case_uqi.o)
                              ./system/src/stm32f0xx/stm32f0xx_hal_dma.o (__gnu_thumb1_case_uqi)
/usr/lib/gcc/arm-none-eabi/4.9.3/armv6-m/libgcc.a(_udivsi3.o)
                              ./system/src/stm32f0xx/stm32f0xx_hal.o (__aeabi_uidiv)
/usr/lib/gcc/arm-none-eabi/4.9.3/armv6-m/libgcc.a(_divsi3.o)
                              ./src/dimmer.o (__aeabi_idiv)
/usr/lib/gcc/arm-none-eabi/4.9.3/armv6-m/libgcc.a(_dvmd_tls.o)
                              /usr/lib/gcc/arm-none-eabi/4.9.3/armv6-m/libgcc.a(_udivsi3.o) (__aeabi_idiv0)
/usr/lib/gcc/arm-none-eabi/4.9.3/armv6-m/libgcc.a(_lshrdi3.o)
                              ./system/src/stm32f0xx/stm32f0xx_hal_flash.o (__aeabi_llsr)
/usr/lib/gcc/arm-none-eabi/4.9.3/armv6-m/libgcc.a(_aeabi_uldivmod.o)
                              ./src/dimmer.o (__aeabi_uldivmod)
/usr/lib/gcc/arm-none-eabi/4.9.3/armv6-m/libgcc.a(bpabi.o)
                              /usr/lib/gcc/arm-none-eabi/4.9.3/armv6-m/libgcc.a(_aeabi_uldivmod.o) (__gnu_uldivmod_helper)
/usr/lib/gcc/arm-none-eabi/4.9.3/armv6-m/libgcc.a(unwind-arm.o)
                              ./system/src/newlib/_cxx.o (__aeabi_unwind_cpp_pr1)
/usr/lib/gcc/arm-none-eabi/4.9.3/armv6-m/libgcc.a(libunwind.o)
                              /usr/lib/gcc/arm-none-eabi/4.9.3/armv6-m/libgcc.a(unwind-arm.o) (restore_core_regs)
/usr/lib/gcc/arm-none-eabi/4.9.3/armv6-m/libgcc.a(pr-support.o)
                              /usr/lib/gcc/arm-none-eabi/4.9.3/armv6-m/libgcc.a(unwind-arm.o) (__gnu_unwind_execute)
/usr/lib/gcc/arm-none-eabi/4.9.3/armv6-m/libgcc.a(_muldi3.o)
                              /usr/lib/gcc/arm-none-eabi/4.9.3/armv6-m/libgcc.a(bpabi.o) (__aeabi_lmul)
/usr/lib/gcc/arm-none-eabi/4.9.3/armv6-m/libgcc.a(_divdi3.o)
                              /usr/lib/gcc/arm-none-eabi/4.9.3/armv6-m/libgcc.a(bpabi.o) (__divdi3)
/usr/lib/gcc/arm-none-eabi/4.9.3/armv6-m/libgcc.a(_udivdi3.o)
                              /usr/lib/gcc/arm-none-eabi/4.9.3/armv6-m/libgcc.a(bpabi.o) (__udivdi3)
/usr/lib/gcc/arm-none-eabi/4.9.3/armv6-m/libgcc.a(_clzdi2.o)
                              /usr/lib/gcc/arm-none-eabi/4.9.3/armv6-m/libgcc.a(_divdi3.o) (__clzdi2)
/usr/lib/gcc/arm-none-eabi/4.9.3/armv6-m/libgcc.a(_clzsi2.o)
                              /usr/lib/gcc/arm-none-eabi/4.9.3/armv6-m/libgcc.a(_clzdi2.o) (__clzsi2)
/usr/lib/gcc/arm-none-eabi/4.9.3/../../../arm-none-eabi/lib/armv6-m/libg_nano.a(lib_a-atoi.o)
                              ./src/dimmer.o (atoi)
/usr/lib/gcc/arm-none-eabi/4.9.3/../../../arm-none-eabi/lib/armv6-m/libg_nano.a(lib_a-errno.o)
                              ./system/src/newlib/_sbrk.o (__errno)
/usr/lib/gcc/arm-none-eabi/4.9.3/../../../arm-none-eabi/lib/armv6-m/libg_nano.a(lib_a-impure.o)
                              /usr/lib/gcc/arm-none-eabi/4.9.3/../../../arm-none-eabi/lib/armv6-m/libg_nano.a(lib_a-errno.o) (_impure_ptr)
/usr/lib/gcc/arm-none-eabi/4.9.3/../../../arm-none-eabi/lib/armv6-m/libg_nano.a(lib_a-init.o)
                              ./system/src/cmsis/startup_stm32f030x6.o (__libc_init_array)
/usr/lib/gcc/arm-none-eabi/4.9.3/../../../arm-none-eabi/lib/armv6-m/libg_nano.a(lib_a-memchr.o)
                              ./src/dimmer.o (memchr)
/usr/lib/gcc/arm-none-eabi/4.9.3/../../../arm-none-eabi/lib/armv6-m/libg_nano.a(lib_a-memcpy.o)
                              ./system/src/stm32f0xx/stm32f0xx_hal_rcc.o (memcpy)
/usr/lib/gcc/arm-none-eabi/4.9.3/../../../arm-none-eabi/lib/armv6-m/libg_nano.a(lib_a-memset.o)
                              ./system/src/stm32f0xx/stm32f0xx_hal_rcc.o (memset)
/usr/lib/gcc/arm-none-eabi/4.9.3/../../../arm-none-eabi/lib/armv6-m/libg_nano.a(lib_a-strtol.o)
                              /usr/lib/gcc/arm-none-eabi/4.9.3/../../../arm-none-eabi/lib/armv6-m/libg_nano.a(lib_a-atoi.o) (_strtol_r)
/usr/lib/gcc/arm-none-eabi/4.9.3/../../../arm-none-eabi/lib/armv6-m/libg_nano.a(lib_a-vsnprintf.o)
                              ./src/dimmer.o (vsnprintf)
/usr/lib/gcc/arm-none-eabi/4.9.3/../../../arm-none-eabi/lib/armv6-m/libg_nano.a(lib_a-ctype_.o)
                              /usr/lib/gcc/arm-none-eabi/4.9.3/../../../arm-none-eabi/lib/armv6-m/libg_nano.a(lib_a-strtol.o) (__ctype_ptr__)
/usr/lib/gcc/arm-none-eabi/4.9.3/../../../arm-none-eabi/lib/armv6-m/libg_nano.a(lib_a-nano-svfprintf.o)
                              /usr/lib/gcc/arm-none-eabi/4.9.3/../../../arm-none-eabi/lib/armv6-m/libg_nano.a(lib_a-vsnprintf.o) (_svfprintf_r)
/usr/lib/gcc/arm-none-eabi/4.9.3/../../../arm-none-eabi/lib/armv6-m/libg_nano.a(lib_a-nano-vfprintf_i.o)
                              /usr/lib/gcc/arm-none-eabi/4.9.3/../../../arm-none-eabi/lib/armv6-m/libg_nano.a(lib_a-nano-svfprintf.o) (_printf_i)
/usr/lib/gcc/arm-none-eabi/4.9.3/../../../arm-none-eabi/lib/armv6-m/libg_nano.a(lib_a-memmove.o)
[...]
Memory Configuration

Name             Origin             Length             Attributes
FLASH            0x0000000008000000 0x0000000000004000 xr
RAM              0x0000000020000000 0x0000000000001000 xrw
CCMRAM           0x0000000010000000 0x0000000000000000 xrw
FLASHB1          0x0000000000000000 0x0000000000000000 xr
EXTMEMB0         0x0000000000000000 0x0000000000000000 xr
EXTMEMB1         0x0000000000000000 0x0000000000000000 xr
EXTMEMB2         0x0000000000000000 0x0000000000000000 xr
EXTMEMB3         0x0000000000000000 0x0000000000000000 xr
*default*        0x0000000000000000 0xffffffffffffffff

Linker script and memory map

LOAD ./system/src/stm32f0xx/stm32f0xx_hal.o
LOAD ./system/src/stm32f0xx/stm32f0xx_hal_adc.o
LOAD ./system/src/stm32f0xx/stm32f0xx_hal_adc_ex.o
LOAD ./system/src/stm32f0xx/stm32f0xx_hal_cortex.o
LOAD ./system/src/stm32f0xx/stm32f0xx_hal_dma.o
LOAD ./system/src/stm32f0xx/stm32f0xx_hal_flash.o
LOAD ./system/src/stm32f0xx/stm32f0xx_hal_flash_ex.o
LOAD ./system/src/stm32f0xx/stm32f0xx_hal_gpio.o
LOAD ./system/src/stm32f0xx/stm32f0xx_hal_i2c.o
LOAD ./system/src/stm32f0xx/stm32f0xx_hal_i2c_ex.o
LOAD ./system/src/stm32f0xx/stm32f0xx_hal_iwdg.o
LOAD ./system/src/stm32f0xx/stm32f0xx_hal_pwr.o
LOAD ./system/src/stm32f0xx/stm32f0xx_hal_pwr_ex.o
LOAD ./system/src/stm32f0xx/stm32f0xx_hal_rcc.o
LOAD ./system/src/stm32f0xx/stm32f0xx_hal_rcc_ex.o
LOAD ./system/src/stm32f0xx/stm32f0xx_hal_tim.o
LOAD ./system/src/stm32f0xx/stm32f0xx_hal_tim_ex.o
LOAD ./system/src/stm32f0xx/stm32f0xx_hal_uart.o
LOAD ./system/src/stm32f0xx/stm32f0xx_hal_uart_ex.o
LOAD ./system/src/newlib/_cxx.o
LOAD ./system/src/newlib/_exit.o
LOAD ./system/src/newlib/_sbrk.o
LOAD ./system/src/newlib/_startup.o
LOAD ./system/src/newlib/_syscalls.o
LOAD ./system/src/newlib/assert.o
LOAD ./system/src/diag/Trace.o
LOAD ./system/src/diag/trace_impl.o
LOAD ./system/src/cortexm/_initialize_hardware.o
LOAD ./system/src/cortexm/_reset_hardware.o
LOAD ./system/src/cortexm/exception_handlers.o
LOAD ./system/src/cmsis/startup_stm32f030x6.o
LOAD ./system/src/cmsis/system_stm32f0xx.o
LOAD ./src/dimmer.o
LOAD ./src/main.o
LOAD ./src/stm32f0xx_hal_msp.o
LOAD ./src/stm32f0xx_it.o
LOAD /usr/lib/gcc/arm-none-eabi/4.9.3/../../../arm-none-eabi/lib/armv6-m/libstdc++_nano.a
LOAD /usr/lib/gcc/arm-none-eabi/4.9.3/../../../arm-none-eabi/lib/armv6-m/libm.a
START GROUP
LOAD /usr/lib/gcc/arm-none-eabi/4.9.3/armv6-m/libgcc.a
LOAD /usr/lib/gcc/arm-none-eabi/4.9.3/../../../arm-none-eabi/lib/armv6-m/libg_nano.a
LOAD /usr/lib/gcc/arm-none-eabi/4.9.3/../../../arm-none-eabi/lib/armv6-m/libc_nano.a
END GROUP
START GROUP
LOAD /usr/lib/gcc/arm-none-eabi/4.9.3/armv6-m/libgcc.a
LOAD /usr/lib/gcc/arm-none-eabi/4.9.3/../../../arm-none-eabi/lib/armv6-m/libc_nano.a
END GROUP
                0x0000000020001000                __stack = (ORIGIN (RAM) + LENGTH (RAM))
                0x0000000020001000                _estack = __stack
                0x0000000000000800                __Main_Stack_Size = 0x800
                [!provide]                        PROVIDE (_Main_Stack_Size, __Main_Stack_Size)
                0x0000000020000800                __Main_Stack_Limit = (__stack - __Main_Stack_Size)
                [!provide]                        PROVIDE (_Main_Stack_Limit, __Main_Stack_Limit)
                0x0000000000000100                _Minimum_Stack_Size = 0x100
                0x0000000020000558                PROVIDE (_Heap_Begin, _end_noinit)
                0x0000000020000800                PROVIDE (_Heap_Limit, (__stack - __Main_Stack_Size))

.isr_vector     0x0000000008000000      0x1b0
 FILL mask 0xff
                0x0000000008000000                __vectors_start = ABSOLUTE (.)
                0x0000000008000000                __vectors_start__ = ABSOLUTE (.)
 *(.isr_vector)
 .isr_vector    0x0000000008000000       0xc0 ./system/src/cmsis/startup_stm32f030x6.o
                0x0000000008000000                g_pfnVectors
 *(.cfmconfig)
 *(.after_vectors .after_vectors.*)
 .after_vectors
                0x00000000080000c0       0xc0 ./system/src/newlib/_startup.o
                0x00000000080000c0                _start
 .after_vectors
                0x0000000008000180       0x30 ./system/src/cortexm/exception_handlers.o
                0x0000000008000180                Reset_Handler
                0x0000000008000184                NMI_Handler
                0x0000000008000186                HardFault_Handler
                0x000000000800019e                HardFault_Handler_C
                0x00000000080001a0                SVC_Handler
                0x00000000080001a2                PendSV_Handler

.inits          0x00000000080001b0       0x28
                0x00000000080001b0                __data_regions_array_start = .
                0x00000000080001b0        0x4 LONG 0x8003b94 LOADADDR (.data)
                0x00000000080001b4        0x4 LONG 0x20000000 ADDR (.data)
                0x00000000080001b8        0x4 LONG 0x20000080 (ADDR (.data) + SIZEOF (.data))
                0x00000000080001bc        0x4 LONG 0x8003b94 LOADADDR (.data_CCMRAM)
                0x00000000080001c0        0x4 LONG 0x10000000 ADDR (.data_CCMRAM)
                0x00000000080001c4        0x4 LONG 0x10000000 (ADDR (.data_CCMRAM) + SIZEOF (.data_CCMRAM))
                0x00000000080001c8                __data_regions_array_end = .
                0x00000000080001c8                __bss_regions_array_start = .
                0x00000000080001c8        0x4 LONG 0x20000080 ADDR (.bss)
                0x00000000080001cc        0x4 LONG 0x20000558 (ADDR (.bss) + SIZEOF (.bss))
                0x00000000080001d0        0x4 LONG 0x10000000 ADDR (.bss_CCMRAM)
                0x00000000080001d4        0x4 LONG 0x10000000 (ADDR (.bss_CCMRAM) + SIZEOF (.bss_CCMRAM))
                0x00000000080001d8                __bss_regions_array_end = .
 *(.init)
 *(.fini)
                0x00000000080001d8                . = ALIGN (0x4)
                0x00000000080001d8                PROVIDE (__preinit_array_start, .)
 *(.preinit_array_sysinit .preinit_array_sysinit.*)
 *(.preinit_array_platform .preinit_array_platform.*)
 *(.preinit_array .preinit_array.*)
                0x00000000080001d8                PROVIDE (__preinit_array_end, .)
                0x00000000080001d8                . = ALIGN (0x4)
                0x00000000080001d8                PROVIDE (__init_array_start, .)
 *(SORT(.init_array.*))
 *(.init_array)
                0x00000000080001d8                PROVIDE (__init_array_end, .)
                0x00000000080001d8                . = ALIGN (0x4)
                0x00000000080001d8                PROVIDE (__fini_array_start, .)
 *(SORT(.fini_array.*))
 *(.fini_array)
                0x00000000080001d8                PROVIDE (__fini_array_end, .)

.flashtext
 *(.flashtext .flashtext.*)

.text           0x00000000080001d8     0x39b4
 *(.text .text.*)
 .text.HAL_InitTick
                0x00000000080001d8       0x24 ./system/src/stm32f0xx/stm32f0xx_hal.o
                0x00000000080001d8                HAL_InitTick
 .text.HAL_Init
                0x00000000080001fc       0x20 ./system/src/stm32f0xx/stm32f0xx_hal.o
                0x00000000080001fc                HAL_Init
 .text.HAL_IncTick
                0x000000000800021c       0x10 ./system/src/stm32f0xx/stm32f0xx_hal.o
                0x000000000800021c                HAL_IncTick
 .text.HAL_GetTick
                0x000000000800022c        0xc ./system/src/stm32f0xx/stm32f0xx_hal.o
                0x000000000800022c                HAL_GetTick
 .text.ADC_Enable
                0x0000000008000238       0x98 ./system/src/stm32f0xx/stm32f0xx_hal_adc.o
 .text.HAL_ADC_Init
                0x00000000080002d0      0x148 ./system/src/stm32f0xx/stm32f0xx_hal_adc.o
                0x00000000080002d0                HAL_ADC_Init
 .text.HAL_ADC_Start_DMA
                0x0000000008000418       0x94 ./system/src/stm32f0xx/stm32f0xx_hal_adc.o
                0x0000000008000418                HAL_ADC_Start_DMA
 .text.ADC_DMAConvCplt
                0x00000000080004ac       0x70 ./system/src/stm32f0xx/stm32f0xx_hal_adc.o
 .text.HAL_ADC_ConvHalfCpltCallback
                0x000000000800051c        0x2 ./system/src/stm32f0xx/stm32f0xx_hal_adc.o
                0x000000000800051c                HAL_ADC_ConvHalfCpltCallback
 .text.ADC_DMAHalfConvCplt
                0x000000000800051e        0xa ./system/src/stm32f0xx/stm32f0xx_hal_adc.o
 .text.HAL_ADC_ErrorCallback
                0x0000000008000528        0x2 ./system/src/stm32f0xx/stm32f0xx_hal_adc.o
                0x0000000008000528                HAL_ADC_ErrorCallback
 .text.ADC_DMAError
                0x000000000800052a       0x1a ./system/src/stm32f0xx/stm32f0xx_hal_adc.o
 .text.HAL_ADC_ConfigChannel
                0x0000000008000544       0xe8 ./system/src/stm32f0xx/stm32f0xx_hal_adc.o
                0x0000000008000544                HAL_ADC_ConfigChannel
 .text.HAL_ADCEx_Calibration_Start
                0x000000000800062c       0x98 ./system/src/stm32f0xx/stm32f0xx_hal_adc_ex.o
                0x000000000800062c                HAL_ADCEx_Calibration_Start
 .text.HAL_NVIC_SetPriority
                0x00000000080006c4       0x64 ./system/src/stm32f0xx/stm32f0xx_hal_cortex.o
                0x00000000080006c4                HAL_NVIC_SetPriority
 .text.HAL_NVIC_EnableIRQ
                0x0000000008000728       0x14 ./system/src/stm32f0xx/stm32f0xx_hal_cortex.o
                0x0000000008000728                HAL_NVIC_EnableIRQ
 .text.HAL_SYSTICK_Config
                0x000000000800073c       0x34 ./system/src/stm32f0xx/stm32f0xx_hal_cortex.o
                0x000000000800073c                HAL_SYSTICK_Config
 .text.HAL_SYSTICK_CLKSourceConfig
                0x0000000008000770       0x1c ./system/src/stm32f0xx/stm32f0xx_hal_cortex.o
                0x0000000008000770                HAL_SYSTICK_CLKSourceConfig
 .text.HAL_SYSTICK_Callback
                0x000000000800078c        0x2 ./system/src/stm32f0xx/stm32f0xx_hal_cortex.o
                0x000000000800078c                HAL_SYSTICK_Callback
 .text.HAL_SYSTICK_IRQHandler
                0x000000000800078e        0x8 ./system/src/stm32f0xx/stm32f0xx_hal_cortex.o
                0x000000000800078e                HAL_SYSTICK_IRQHandler
 *fill*         0x0000000008000796        0x2 
 .text.HAL_DMA_Init
                0x0000000008000798       0x6c ./system/src/stm32f0xx/stm32f0xx_hal_dma.o
                0x0000000008000798                HAL_DMA_Init
 .text.HAL_DMA_Start_IT
                0x0000000008000804       0x78 ./system/src/stm32f0xx/stm32f0xx_hal_dma.o
                0x0000000008000804                HAL_DMA_Start_IT
 .text.HAL_DMA_Abort_IT
                0x000000000800087c       0x46 ./system/src/stm32f0xx/stm32f0xx_hal_dma.o
                0x000000000800087c                HAL_DMA_Abort_IT
 .text.HAL_DMA_IRQHandler
                0x00000000080008c2       0x92 ./system/src/stm32f0xx/stm32f0xx_hal_dma.o
                0x00000000080008c2                HAL_DMA_IRQHandler
 .text.HAL_GPIO_Init
                0x0000000008000954      0x160 ./system/src/stm32f0xx/stm32f0xx_hal_gpio.o
                0x0000000008000954                HAL_GPIO_Init
 .text.HAL_IWDG_MspInit
                0x0000000008000ab4        0x2 ./system/src/stm32f0xx/stm32f0xx_hal_iwdg.o
                0x0000000008000ab4                HAL_IWDG_MspInit
 *fill*         0x0000000008000ab6        0x2 
 .text.HAL_IWDG_Init
                0x0000000008000ab8       0xa0 ./system/src/stm32f0xx/stm32f0xx_hal_iwdg.o
                0x0000000008000ab8                HAL_IWDG_Init
 .text.HAL_RCC_OscConfig
                0x0000000008000b58      0x3ac ./system/src/stm32f0xx/stm32f0xx_hal_rcc.o
                0x0000000008000b58                HAL_RCC_OscConfig
 .text.HAL_RCC_GetSysClockFreq
                0x0000000008000f04       0x64 ./system/src/stm32f0xx/stm32f0xx_hal_rcc.o
                0x0000000008000f04                HAL_RCC_GetSysClockFreq
 .text.HAL_RCC_ClockConfig
                0x0000000008000f68      0x128 ./system/src/stm32f0xx/stm32f0xx_hal_rcc.o
                0x0000000008000f68                HAL_RCC_ClockConfig
 .text.HAL_RCC_GetHCLKFreq
                0x0000000008001090        0xc ./system/src/stm32f0xx/stm32f0xx_hal_rcc.o
                0x0000000008001090                HAL_RCC_GetHCLKFreq
 .text.HAL_RCC_GetPCLK1Freq
                0x000000000800109c       0x24 ./system/src/stm32f0xx/stm32f0xx_hal_rcc.o
                0x000000000800109c                HAL_RCC_GetPCLK1Freq
 .text.HAL_RCCEx_PeriphCLKConfig
                0x00000000080010c0      0x10c ./system/src/stm32f0xx/stm32f0xx_hal_rcc_ex.o
                0x00000000080010c0                HAL_RCCEx_PeriphCLKConfig
 .text.TIM_OC1_SetConfig
                0x00000000080011cc       0x78 ./system/src/stm32f0xx/stm32f0xx_hal_tim.o
 .text.TIM_OC3_SetConfig
                0x0000000008001244       0x80 ./system/src/stm32f0xx/stm32f0xx_hal_tim.o
 .text.TIM_OC4_SetConfig
                0x00000000080012c4       0x68 ./system/src/stm32f0xx/stm32f0xx_hal_tim.o
 .text.HAL_TIM_Base_Start
                0x000000000800132c       0x18 ./system/src/stm32f0xx/stm32f0xx_hal_tim.o
                0x000000000800132c                HAL_TIM_Base_Start
 .text.HAL_TIM_PWM_MspInit
                0x0000000008001344        0x2 ./system/src/stm32f0xx/stm32f0xx_hal_tim.o
                0x0000000008001344                HAL_TIM_PWM_MspInit
 *fill*         0x0000000008001346        0x2 
 .text.TIM_Base_SetConfig
                0x0000000008001348       0x80 ./system/src/stm32f0xx/stm32f0xx_hal_tim.o
                0x0000000008001348                TIM_Base_SetConfig
 .text.HAL_TIM_Base_Init
                0x00000000080013c8       0x36 ./system/src/stm32f0xx/stm32f0xx_hal_tim.o
                0x00000000080013c8                HAL_TIM_Base_Init
 .text.HAL_TIM_PWM_Init
                0x00000000080013fe       0x36 ./system/src/stm32f0xx/stm32f0xx_hal_tim.o
                0x00000000080013fe                HAL_TIM_PWM_Init
 .text.TIM_OC2_SetConfig
                0x0000000008001434       0x78 ./system/src/stm32f0xx/stm32f0xx_hal_tim.o
                0x0000000008001434                TIM_OC2_SetConfig
 .text.HAL_TIM_PWM_ConfigChannel
                0x00000000080014ac       0xcc ./system/src/stm32f0xx/stm32f0xx_hal_tim.o
                0x00000000080014ac                HAL_TIM_PWM_ConfigChannel
 .text.TIM_ETR_SetConfig
                0x0000000008001578       0x18 ./system/src/stm32f0xx/stm32f0xx_hal_tim.o
                0x0000000008001578                TIM_ETR_SetConfig
 .text.HAL_TIM_ConfigClockSource
                0x0000000008001590      0x15c ./system/src/stm32f0xx/stm32f0xx_hal_tim.o
                0x0000000008001590                HAL_TIM_ConfigClockSource
 .text.TIM_CCxChannelCmd
                0x00000000080016ec       0x16 ./system/src/stm32f0xx/stm32f0xx_hal_tim.o
                0x00000000080016ec                TIM_CCxChannelCmd
 *fill*         0x0000000008001702        0x2 
 .text.HAL_TIM_PWM_Start
                0x0000000008001704       0x44 ./system/src/stm32f0xx/stm32f0xx_hal_tim.o
                0x0000000008001704                HAL_TIM_PWM_Start
 .text.HAL_TIMEx_MasterConfigSynchronization
                0x0000000008001748       0x42 ./system/src/stm32f0xx/stm32f0xx_hal_tim_ex.o
                0x0000000008001748                HAL_TIMEx_MasterConfigSynchronization
 *fill*         0x000000000800178a        0x2 
 .text.UART_EndRxTransfer
                0x000000000800178c       0x20 ./system/src/stm32f0xx/stm32f0xx_hal_uart.o
 .text.HAL_UART_Transmit_DMA
                0x00000000080017ac       0x8c ./system/src/stm32f0xx/stm32f0xx_hal_uart.o
                0x00000000080017ac                HAL_UART_Transmit_DMA
 .text.HAL_UART_Receive_DMA
                0x0000000008001838       0xa0 ./system/src/stm32f0xx/stm32f0xx_hal_uart.o
                0x0000000008001838                HAL_UART_Receive_DMA
 .text.UART_DMATransmitCplt
                0x00000000080018d8       0x30 ./system/src/stm32f0xx/stm32f0xx_hal_uart.o
 .text.HAL_UART_TxHalfCpltCallback
                0x0000000008001908        0x2 ./system/src/stm32f0xx/stm32f0xx_hal_uart.o
                0x0000000008001908                HAL_UART_TxHalfCpltCallback
 .text.UART_DMATxHalfCplt
                0x000000000800190a        0xa ./system/src/stm32f0xx/stm32f0xx_hal_uart.o
 .text.UART_DMAReceiveCplt
                0x0000000008001914       0x40 ./system/src/stm32f0xx/stm32f0xx_hal_uart.o
 .text.HAL_UART_RxHalfCpltCallback
                0x0000000008001954        0x2 ./system/src/stm32f0xx/stm32f0xx_hal_uart.o
                0x0000000008001954                HAL_UART_RxHalfCpltCallback
 .text.UART_DMARxHalfCplt
                0x0000000008001956        0xa ./system/src/stm32f0xx/stm32f0xx_hal_uart.o
 .text.HAL_UART_ErrorCallback
                0x0000000008001960        0x2 ./system/src/stm32f0xx/stm32f0xx_hal_uart.o
                0x0000000008001960                HAL_UART_ErrorCallback
 .text.UART_DMAError
                0x0000000008001962       0x5a ./system/src/stm32f0xx/stm32f0xx_hal_uart.o
 .text.UART_DMAAbortOnError
                0x00000000080019bc       0x16 ./system/src/stm32f0xx/stm32f0xx_hal_uart.o
 .text.HAL_UART_GetState
                0x00000000080019d2        0xe ./system/src/stm32f0xx/stm32f0xx_hal_uart.o
                0x00000000080019d2                HAL_UART_GetState
 .text.UART_SetConfig
                0x00000000080019e0      0x108 ./system/src/stm32f0xx/stm32f0xx_hal_uart.o
                0x00000000080019e0                UART_SetConfig
 .text.UART_AdvFeatureConfig
                0x0000000008001ae8       0xd0 ./system/src/stm32f0xx/stm32f0xx_hal_uart.o
                0x0000000008001ae8                UART_AdvFeatureConfig
 .text.HAL_UART_Init
                0x0000000008001bb8       0x78 ./system/src/stm32f0xx/stm32f0xx_hal_uart.o
                0x0000000008001bb8                HAL_UART_Init
 .text.UART_Transmit_IT
                0x0000000008001c30       0x64 ./system/src/stm32f0xx/stm32f0xx_hal_uart.o
                0x0000000008001c30                UART_Transmit_IT
 .text.UART_EndTransmit_IT
                0x0000000008001c94       0x1c ./system/src/stm32f0xx/stm32f0xx_hal_uart.o
                0x0000000008001c94                UART_EndTransmit_IT
 .text.UART_Receive_IT
                0x0000000008001cb0       0x78 ./system/src/stm32f0xx/stm32f0xx_hal_uart.o
                0x0000000008001cb0                UART_Receive_IT
 .text.HAL_UART_IRQHandler
                0x0000000008001d28      0x114 ./system/src/stm32f0xx/stm32f0xx_hal_uart.o
                0x0000000008001d28                HAL_UART_IRQHandler
 .text._exit    0x0000000008001e3c        0x6 ./system/src/newlib/_exit.o
                0x0000000008001e3c                _exit
 *fill*         0x0000000008001e42        0x2 
 .text._sbrk    0x0000000008001e44       0x40 ./system/src/newlib/_sbrk.o
                0x0000000008001e44                _sbrk
 .text.__initialize_args
                0x0000000008001e84       0x10 ./system/src/newlib/_syscalls.o
                0x0000000008001e84                __initialize_args
 .text.__initialize_hardware_early
                0x0000000008001e94        0x8 ./system/src/cortexm/_initialize_hardware.o
                0x0000000008001e94                __initialize_hardware_early
 .text.__initialize_hardware
                0x0000000008001e9c        0x8 ./system/src/cortexm/_initialize_hardware.o
                0x0000000008001e9c                __initialize_hardware
 .text.__reset_hardware
                0x0000000008001ea4       0x1c ./system/src/cortexm/_reset_hardware.o
                0x0000000008001ea4                __reset_hardware
 .text.Default_Handler
                0x0000000008001ec0        0x2 ./system/src/cmsis/startup_stm32f030x6.o
                0x0000000008001ec0                TIM1_CC_IRQHandler
                0x0000000008001ec0                I2C1_IRQHandler
                0x0000000008001ec0                SPI1_IRQHandler
                0x0000000008001ec0                EXTI2_3_IRQHandler
                0x0000000008001ec0                ADC1_IRQHandler
                0x0000000008001ec0                TIM17_IRQHandler
                0x0000000008001ec0                RTC_IRQHandler
                0x0000000008001ec0                TIM16_IRQHandler
                0x0000000008001ec0                TIM3_IRQHandler
                0x0000000008001ec0                EXTI4_15_IRQHandler
                0x0000000008001ec0                RCC_IRQHandler
                0x0000000008001ec0                Default_Handler
                0x0000000008001ec0                TIM14_IRQHandler
                0x0000000008001ec0                DMA1_Channel4_5_IRQHandler
                0x0000000008001ec0                EXTI0_1_IRQHandler
                0x0000000008001ec0                WWDG_IRQHandler
                0x0000000008001ec0                FLASH_IRQHandler
                0x0000000008001ec0                TIM1_BRK_UP_TRG_COM_IRQHandler
 *fill*         0x0000000008001ec2        0x2 
 .text.SystemInit
                0x0000000008001ec4       0x60 ./system/src/cmsis/system_stm32f0xx.o
                0x0000000008001ec4                SystemInit
 .text.SystemCoreClockUpdate
                0x0000000008001f24       0x64 ./system/src/cmsis/system_stm32f0xx.o
                0x0000000008001f24                SystemCoreClockUpdate
 .text.HAL_UART_TxCpltCallback
                0x0000000008001f88        0xc ./src/dimmer.o
                0x0000000008001f88                HAL_UART_TxCpltCallback
 .text.SerialPrint
                0x0000000008001f94       0x88 ./src/dimmer.o
                0x0000000008001f94                SerialPrint
 .text.HAL_UART_RxCpltCallback
                0x000000000800201c       0x9c ./src/dimmer.o
                0x000000000800201c                HAL_UART_RxCpltCallback
 .text.UpdateThings
                0x00000000080020b8      0x118 ./src/dimmer.o
                0x00000000080020b8                UpdateThings
 .text.StartAdc
                0x00000000080021d0       0x18 ./src/dimmer.o
                0x00000000080021d0                StartAdc
 .text.HAL_ADC_ConvCpltCallback
                0x00000000080021e8       0x40 ./src/dimmer.o
                0x00000000080021e8                HAL_ADC_ConvCpltCallback
 .text.StartSerial
                0x0000000008002228       0x18 ./src/dimmer.o
                0x0000000008002228                StartSerial
 .text.PWM_Timer_Set
                0x0000000008002240       0x3c ./src/dimmer.o
                0x0000000008002240                PWM_Timer_Set
 .text.StartTimers
                0x000000000800227c       0x18 ./src/dimmer.o
                0x000000000800227c                StartTimers
 .text.Setup    0x0000000008002294       0x10 ./src/dimmer.o
                0x0000000008002294                Setup
 .text.ProcessCmd
                0x00000000080022a4       0x78 ./src/dimmer.o
                0x00000000080022a4                ProcessCmd
 .text.Loop     0x000000000800231c       0x9c ./src/dimmer.o
                0x000000000800231c                Loop
 .text.SystemClock_Config
                0x00000000080023b8       0x70 ./src/main.o
                0x00000000080023b8                SystemClock_Config
 .text.startup.main
                0x0000000008002428      0x210 ./src/main.o
                0x0000000008002428                main
 .text.Error_Handler
                0x0000000008002638        0x2 ./src/main.o
                0x0000000008002638                Error_Handler
 *fill*         0x000000000800263a        0x2 
 .text.HAL_MspInit
                0x000000000800263c       0x40 ./src/stm32f0xx_hal_msp.o
                0x000000000800263c                HAL_MspInit
 .text.HAL_ADC_MspInit
                0x000000000800267c       0x7c ./src/stm32f0xx_hal_msp.o
                0x000000000800267c                HAL_ADC_MspInit
 .text.HAL_TIM_Base_MspInit
                0x00000000080026f8       0x48 ./src/stm32f0xx_hal_msp.o
                0x00000000080026f8                HAL_TIM_Base_MspInit
 .text.HAL_TIM_MspPostInit
                0x0000000008002740       0x68 ./src/stm32f0xx_hal_msp.o
                0x0000000008002740                HAL_TIM_MspPostInit
 .text.HAL_UART_MspInit
                0x00000000080027a8       0xc4 ./src/stm32f0xx_hal_msp.o
                0x00000000080027a8                HAL_UART_MspInit
 .text.SysTick_Handler
                0x000000000800286c        0xc ./src/stm32f0xx_it.o
                0x000000000800286c                SysTick_Handler
 .text.DMA1_Channel1_IRQHandler
                0x0000000008002878       0x10 ./src/stm32f0xx_it.o
                0x0000000008002878                DMA1_Channel1_IRQHandler
 .text.DMA1_Channel2_3_IRQHandler
                0x0000000008002888       0x18 ./src/stm32f0xx_it.o
                0x0000000008002888                DMA1_Channel2_3_IRQHandler
 .text.USART1_IRQHandler
                0x00000000080028a0       0x10 ./src/stm32f0xx_it.o
                0x00000000080028a0                USART1_IRQHandler
 .text          0x00000000080028b0       0x14 /usr/lib/gcc/arm-none-eabi/4.9.3/armv6-m/libgcc.a(_thumb1_case_uqi.o)
                0x00000000080028b0                __gnu_thumb1_case_uqi
 .text          0x00000000080028c4      0x120 /usr/lib/gcc/arm-none-eabi/4.9.3/armv6-m/libgcc.a(_udivsi3.o)
                0x00000000080028c4                __udivsi3
                0x00000000080028c4                __aeabi_uidiv
                0x00000000080029d0                __aeabi_uidivmod
 .text          0x00000000080029e4      0x1e0 /usr/lib/gcc/arm-none-eabi/4.9.3/armv6-m/libgcc.a(_divsi3.o)
                0x00000000080029e4                __aeabi_idiv
                0x00000000080029e4                __divsi3
                0x0000000008002bb0                __aeabi_idivmod
 .text          0x0000000008002bc4        0x4 /usr/lib/gcc/arm-none-eabi/4.9.3/armv6-m/libgcc.a(_dvmd_tls.o)
                0x0000000008002bc4                __aeabi_ldiv0
                0x0000000008002bc4                __aeabi_idiv0
 .text          0x0000000008002bc8       0x40 /usr/lib/gcc/arm-none-eabi/4.9.3/armv6-m/libgcc.a(_aeabi_uldivmod.o)
                0x0000000008002bc8                __aeabi_uldivmod
 .text          0x0000000008002c08       0x6c /usr/lib/gcc/arm-none-eabi/4.9.3/armv6-m/libgcc.a(bpabi.o)
                0x0000000008002c08                __gnu_ldivmod_helper
                0x0000000008002c40                __gnu_uldivmod_helper
 .text          0x0000000008002c74       0x54 /usr/lib/gcc/arm-none-eabi/4.9.3/armv6-m/libgcc.a(_muldi3.o)
                0x0000000008002c74                __aeabi_lmul
                0x0000000008002c74                __muldi3
 .text          0x0000000008002cc8      0x1f0 /usr/lib/gcc/arm-none-eabi/4.9.3/armv6-m/libgcc.a(_divdi3.o)
                0x0000000008002cc8                __divdi3
 .text          0x0000000008002eb8      0x158 /usr/lib/gcc/arm-none-eabi/4.9.3/armv6-m/libgcc.a(_udivdi3.o)
                0x0000000008002eb8                __udivdi3
 .text          0x0000000008003010       0x18 /usr/lib/gcc/arm-none-eabi/4.9.3/armv6-m/libgcc.a(_clzdi2.o)
                0x0000000008003010                __clzdi2
 .text          0x0000000008003028       0x3c /usr/lib/gcc/arm-none-eabi/4.9.3/armv6-m/libgcc.a(_clzsi2.o)
                0x0000000008003028                __clzsi2
 .text.atoi     0x0000000008003064        0xc /usr/lib/gcc/arm-none-eabi/4.9.3/../../../arm-none-eabi/lib/armv6-m/libg_nano.a(lib_a-atoi.o)
                0x0000000008003064                atoi
 .text.__errno  0x0000000008003070        0xc /usr/lib/gcc/arm-none-eabi/4.9.3/../../../arm-none-eabi/lib/armv6-m/libg_nano.a(lib_a-errno.o)
                0x0000000008003070                __errno
 .text.memchr   0x000000000800307c       0x16 /usr/lib/gcc/arm-none-eabi/4.9.3/../../../arm-none-eabi/lib/armv6-m/libg_nano.a(lib_a-memchr.o)
                0x000000000800307c                memchr
 .text.memcpy   0x0000000008003092       0x12 /usr/lib/gcc/arm-none-eabi/4.9.3/../../../arm-none-eabi/lib/armv6-m/libg_nano.a(lib_a-memcpy.o)
                0x0000000008003092                memcpy
 .text._strtol_r
                0x00000000080030a4      0x120 /usr/lib/gcc/arm-none-eabi/4.9.3/../../../arm-none-eabi/lib/armv6-m/libg_nano.a(lib_a-strtol.o)
                0x00000000080030a4                _strtol_r
 .text.strtol   0x00000000080031c4       0x1c /usr/lib/gcc/arm-none-eabi/4.9.3/../../../arm-none-eabi/lib/armv6-m/libg_nano.a(lib_a-strtol.o)
                0x00000000080031c4                strtol
 .text._vsnprintf_r
                0x00000000080031e0       0x54 /usr/lib/gcc/arm-none-eabi/4.9.3/../../../arm-none-eabi/lib/armv6-m/libg_nano.a(lib_a-vsnprintf.o)
                0x00000000080031e0                _vsnprintf_r
                0x00000000080031e0                _vsniprintf_r
 .text.vsnprintf
                0x0000000008003234       0x20 /usr/lib/gcc/arm-none-eabi/4.9.3/../../../arm-none-eabi/lib/armv6-m/libg_nano.a(lib_a-vsnprintf.o)
                0x0000000008003234                vsnprintf
                0x0000000008003234                vsniprintf
 .text.__ssputs_r
                0x0000000008003254       0xc0 /usr/lib/gcc/arm-none-eabi/4.9.3/../../../arm-none-eabi/lib/armv6-m/libg_nano.a(lib_a-nano-svfprintf.o)
                0x0000000008003254                __ssputs_r
 .text._svfprintf_r
                0x0000000008003314      0x1ec /usr/lib/gcc/arm-none-eabi/4.9.3/../../../arm-none-eabi/lib/armv6-m/libg_nano.a(lib_a-nano-svfprintf.o)
                0x0000000008003314                _svfprintf_r
                0x0000000008003314                _svfiprintf_r
 .text._printf_common
                0x0000000008003500       0xdc /usr/lib/gcc/arm-none-eabi/4.9.3/../../../arm-none-eabi/lib/armv6-m/libg_nano.a(lib_a-nano-vfprintf_i.o)
                0x0000000008003500                _printf_common
 .text._printf_i
                0x00000000080035dc      0x230 /usr/lib/gcc/arm-none-eabi/4.9.3/../../../arm-none-eabi/lib/armv6-m/libg_nano.a(lib_a-nano-vfprintf_i.o)
                0x00000000080035dc                _printf_i
 .text.memmove  0x000000000800380c       0x28 /usr/lib/gcc/arm-none-eabi/4.9.3/../../../arm-none-eabi/lib/armv6-m/libg_nano.a(lib_a-memmove.o)
                0x000000000800380c                memmove
 .text._free_r  0x0000000008003834       0x8c /usr/lib/gcc/arm-none-eabi/4.9.3/../../../arm-none-eabi/lib/armv6-m/libg_nano.a(lib_a-nano-freer.o)
                0x0000000008003834                _free_r
 .text._malloc_r
                0x00000000080038c0       0xb0 /usr/lib/gcc/arm-none-eabi/4.9.3/../../../arm-none-eabi/lib/armv6-m/libg_nano.a(lib_a-nano-mallocr.o)
                0x00000000080038c0                _malloc_r
 .text._realloc_r
                0x0000000008003970       0x4c /usr/lib/gcc/arm-none-eabi/4.9.3/../../../arm-none-eabi/lib/armv6-m/libg_nano.a(lib_a-nano-reallocr.o)
                0x0000000008003970                _realloc_r
 .text._sbrk_r  0x00000000080039bc       0x24 /usr/lib/gcc/arm-none-eabi/4.9.3/../../../arm-none-eabi/lib/armv6-m/libg_nano.a(lib_a-sbrkr.o)
                0x00000000080039bc                _sbrk_r
 .text._malloc_usable_size_r
                0x00000000080039e0       0x16 /usr/lib/gcc/arm-none-eabi/4.9.3/../../../arm-none-eabi/lib/armv6-m/libg_nano.a(lib_a-nano-msizer.o)
                0x00000000080039e0                _malloc_usable_size_r
 *(.rodata .rodata.* .constdata .constdata.*)
 .rodata        0x00000000080039f6       0x20 ./system/src/stm32f0xx/stm32f0xx_hal_rcc.o
 .rodata.CSWTCH.50
                0x0000000008003a16        0x4 ./system/src/stm32f0xx/stm32f0xx_hal_uart.o
 .rodata.AHBPrescTable
                0x0000000008003a1a       0x10 ./system/src/cmsis/system_stm32f0xx.o
                0x0000000008003a1a                AHBPrescTable
 .rodata.APBPrescTable
                0x0000000008003a2a        0x8 ./system/src/cmsis/system_stm32f0xx.o
                0x0000000008003a2a                APBPrescTable
 .rodata.str1.1
                0x0000000008003a32       0x24 ./src/dimmer.o
 .rodata.str1.1
                0x0000000008003a56        0x2 /usr/lib/gcc/arm-none-eabi/4.9.3/../../../arm-none-eabi/lib/armv6-m/libg_nano.a(lib_a-impure.o)
 .rodata._ctype_
                0x0000000008003a58      0x101 /usr/lib/gcc/arm-none-eabi/4.9.3/../../../arm-none-eabi/lib/armv6-m/libg_nano.a(lib_a-ctype_.o)
                0x0000000008003a58                _ctype_
 .rodata.str1.1
                0x0000000008003b59       0x11 /usr/lib/gcc/arm-none-eabi/4.9.3/../../../arm-none-eabi/lib/armv6-m/libg_nano.a(lib_a-nano-svfprintf.o)
 .rodata.str1.1
                0x0000000008003b6a       0x22 /usr/lib/gcc/arm-none-eabi/4.9.3/../../../arm-none-eabi/lib/armv6-m/libg_nano.a(lib_a-nano-vfprintf_i.o)
 *(vtable)
 *(.eh_frame*)
 *(.glue_7)
 .glue_7        0x0000000008003b8c        0x0 linker stubs
 *(.glue_7t)
 .glue_7t       0x0000000008003b8c        0x0 linker stubs

.vfp11_veneer   0x0000000008003b8c        0x0
 .vfp11_veneer  0x0000000008003b8c        0x0 linker stubs

.v4_bx          0x0000000008003b8c        0x0
 .v4_bx         0x0000000008003b8c        0x0 linker stubs

.iplt           0x0000000008003b8c        0x0
 .iplt          0x0000000008003b8c        0x0 ./system/src/stm32f0xx/stm32f0xx_hal.o

.ARM.extab
 *(.ARM.extab* .gnu.linkonce.armextab.*)
                0x0000000008003b8c                . = ALIGN (0x4)
                0x0000000008003b8c                __exidx_start = .

.ARM.exidx      0x0000000008003b8c        0x8
 *(.ARM.exidx* .gnu.linkonce.armexidx.*)
 .ARM.exidx     0x0000000008003b8c        0x8 /usr/lib/gcc/arm-none-eabi/4.9.3/armv6-m/libgcc.a(_divdi3.o)
 .ARM.exidx     0x0000000008003b94        0x0 /usr/lib/gcc/arm-none-eabi/4.9.3/armv6-m/libgcc.a(_udivdi3.o)
                                          0x8 (size before relaxing)
                0x0000000008003b94                __exidx_end = .

.rel.dyn        0x0000000008003b94        0x0
 .rel.iplt      0x0000000008003b94        0x0 ./system/src/stm32f0xx/stm32f0xx_hal.o
                0x0000000008003b94                . = ALIGN (0x4)
                0x0000000008003b94                _etext = .
                0x0000000008003b94                __etext = .

.data_CCMRAM    0x0000000010000000        0x0 load address 0x0000000008003b94
 FILL mask 0xff
 *(.data.CCMRAM .data.CCMRAM.*)
                0x0000000010000000                . = ALIGN (0x4)
                0x0000000008003b94                _sidata = LOADADDR (.data)

.data           0x0000000020000000       0x80 load address 0x0000000008003b94
 FILL mask 0xff
                0x0000000020000000                _sdata = .
                0x0000000020000000                __data_start__ = .
 *(.data_begin .data_begin.*)
 *(.data .data.*)
 .data.argv.4161
                0x0000000020000000        0x8 ./system/src/newlib/_syscalls.o
 .data.SystemCoreClock
                0x0000000020000008        0x4 ./system/src/cmsis/system_stm32f0xx.o
                0x0000000020000008                SystemCoreClock
 .data.txDoneFlag
                0x000000002000000c        0x1 ./src/dimmer.o
                0x000000002000000c                txDoneFlag
 *fill*         0x000000002000000d        0x3 ff
 .data.LastUpdate
                0x0000000020000010        0x8 ./src/dimmer.o
                0x0000000020000010                LastUpdate
 .data.impure_data
                0x0000000020000018       0x60 /usr/lib/gcc/arm-none-eabi/4.9.3/../../../arm-none-eabi/lib/armv6-m/libg_nano.a(lib_a-impure.o)
 .data._impure_ptr
                0x0000000020000078        0x4 /usr/lib/gcc/arm-none-eabi/4.9.3/../../../arm-none-eabi/lib/armv6-m/libg_nano.a(lib_a-impure.o)
                0x0000000020000078                _impure_ptr
 .data.__ctype_ptr__
                0x000000002000007c        0x4 /usr/lib/gcc/arm-none-eabi/4.9.3/../../../arm-none-eabi/lib/armv6-m/libg_nano.a(lib_a-ctype_.o)
                0x000000002000007c                __ctype_ptr__
 *(.data_end .data_end.*)
                0x0000000020000080                . = ALIGN (0x4)
                0x0000000020000080                _edata = .
                0x0000000020000080                __data_end__ = .

.igot.plt       0x0000000020000080        0x0 load address 0x0000000008003c14
 .igot.plt      0x0000000020000080        0x0 ./system/src/stm32f0xx/stm32f0xx_hal.o

.bss_CCMRAM     0x0000000010000000        0x0
 *(.bss.CCMRAM .bss.CCMRAM.*)

.bss            0x0000000020000080      0x4d8
                0x0000000020000080                __bss_start__ = .
                0x0000000020000080                _sbss = .
 *(.bss_begin .bss_begin.*)
 *(.bss .bss.*)
 .bss.current_heap_end.3862
                0x0000000020000080        0x4 ./system/src/newlib/_sbrk.o
 .bss.name.4160
                0x0000000020000084        0x1 ./system/src/newlib/_syscalls.o
 *fill*         0x0000000020000085        0x3 
 .bss.Tchip     0x0000000020000088        0x4 ./src/dimmer.o
                0x0000000020000088                Tchip
 .bss.FlagProcessCmd
                0x000000002000008c        0x1 ./src/dimmer.o
                0x000000002000008c                FlagProcessCmd
 *fill*         0x000000002000008d        0x3 
 .bss.Vin       0x0000000020000090        0x4 ./src/dimmer.o
                0x0000000020000090                Vin
 .bss.AdcCount  0x0000000020000094        0x4 ./src/dimmer.o
                0x0000000020000094                AdcCount
 .bss.Vphr1     0x0000000020000098        0x4 ./src/dimmer.o
                0x0000000020000098                Vphr1
 .bss.Vphr2     0x000000002000009c        0x4 ./src/dimmer.o
                0x000000002000009c                Vphr2
 .bss.Vdd       0x00000000200000a0        0x4 ./src/dimmer.o
                0x00000000200000a0                Vdd
 .bss.CmdBufLength
                0x00000000200000a4        0x4 ./src/dimmer.o
                0x00000000200000a4                CmdBufLength
 .bss.Vadc3     0x00000000200000a8        0x4 ./src/dimmer.o
                0x00000000200000a8                Vadc3
 .bss.Vadc5     0x00000000200000ac        0x4 ./src/dimmer.o
                0x00000000200000ac                Vadc5
 .bss.Pwm       0x00000000200000b0        0x8 ./src/dimmer.o
                0x00000000200000b0                Pwm
 .bss.__malloc_sbrk_start
                0x00000000200000b8        0x4 /usr/lib/gcc/arm-none-eabi/4.9.3/../../../arm-none-eabi/lib/armv6-m/libg_nano.a(lib_a-nano-mallocr.o)
                0x00000000200000b8                __malloc_sbrk_start
 .bss.__malloc_free_list
                0x00000000200000bc        0x4 /usr/lib/gcc/arm-none-eabi/4.9.3/../../../arm-none-eabi/lib/armv6-m/libg_nano.a(lib_a-nano-mallocr.o)
                0x00000000200000bc                __malloc_free_list
 *(COMMON)
 COMMON         0x00000000200000c0        0x4 ./system/src/stm32f0xx/stm32f0xx_hal.o
                0x00000000200000c0                uwTick
 COMMON         0x00000000200000c4        0x4 ./system/src/newlib/_syscalls.o
                0x00000000200000c4                errno
 COMMON         0x00000000200000c8      0x274 ./src/dimmer.o
                0x00000000200000c8                AdcAvgData
                0x00000000200000d8                args
                0x00000000200000dc                seroutbuf
                0x00000000200001e0                AdcSumData
                0x0000000020000218                CmdBuf
                0x0000000020000318                AdcData
                0x0000000020000326                RecvBuf
                0x0000000020000328                nlen
                0x000000002000032c                CmdNext
 COMMON         0x000000002000033c      0x21c ./src/main.o
                0x000000002000033c                hiwdg
                0x0000000020000350                htim3
                0x0000000020000390                hdma_usart1_tx
                0x00000000200003d4                hdma_usart1_rx
                0x0000000020000418                huart1
                0x0000000020000488                htim14
                0x00000000200004c8                hdma_adc
                0x000000002000050c                hadc
 *(.bss_end .bss_end.*)
                0x0000000020000558                . = ALIGN (0x4)
                0x0000000020000558                __bss_end__ = .
                0x0000000020000558                _ebss = .

.noinit_CCMRAM
 *(.noinit.CCMRAM .noinit.CCMRAM.*)

.noinit         0x0000000020000558        0x0
                0x0000000020000558                _noinit = .
 *(.noinit .noinit.*)
                0x0000000020000558                . = ALIGN (0x4)
                0x0000000020000558                _end_noinit = .
                [!provide]                        PROVIDE (end, _end_noinit)
                [!provide]                        PROVIDE (_end, _end_noinit)
                [!provide]                        PROVIDE (__end, _end_noinit)
                [!provide]                        PROVIDE (__end__, _end_noinit)

._check_stack   0x0000000020000558      0x100
                0x0000000020000658                . = (. + _Minimum_Stack_Size)
 *fill*         0x0000000020000558      0x100 

.b1text
 *(.b1text)
 *(.b1rodata)
 *(.b1rodata.*)

.eb0text
 *(.eb0text)
 *(.eb0rodata)
 *(.eb0rodata.*)

.eb1text
 *(.eb1text)
 *(.eb1rodata)
 *(.eb1rodata.*)

.eb2text
 *(.eb2text)
 *(.eb2rodata)
 *(.eb2rodata.*)

.eb3text
 *(.eb3text)
 *(.eb3rodata)
 *(.eb3rodata.*)

.stab
 *(.stab)

.stabstr
 *(.stabstr)

.stab.excl
 *(.stab.excl)

.stab.exclstr
 *(.stab.exclstr)

.stab.index
 *(.stab.index)

.stab.indexstr
 *(.stab.indexstr)

.comment        0x0000000000000000       0x70
 *(.comment)
 .comment       0x0000000000000000       0x38 ./system/src/stm32f0xx/stm32f0xx_hal.o
                                         0x39 (size before relaxing)
 .comment       0x0000000000000038       0x39 ./system/src/stm32f0xx/stm32f0xx_hal_adc.o
 .comment       0x0000000000000038       0x39 ./system/src/stm32f0xx/stm32f0xx_hal_adc_ex.o
 .comment       0x0000000000000038       0x39 ./system/src/stm32f0xx/stm32f0xx_hal_cortex.o
 .comment       0x0000000000000038       0x39 ./system/src/stm32f0xx/stm32f0xx_hal_dma.o
 .comment       0x0000000000000038       0x39 ./system/src/stm32f0xx/stm32f0xx_hal_gpio.o
 .comment       0x0000000000000038       0x39 ./system/src/stm32f0xx/stm32f0xx_hal_iwdg.o
 .comment       0x0000000000000038       0x39 ./system/src/stm32f0xx/stm32f0xx_hal_rcc.o
 .comment       0x0000000000000038       0x39 ./system/src/stm32f0xx/stm32f0xx_hal_rcc_ex.o
 .comment       0x0000000000000038       0x39 ./system/src/stm32f0xx/stm32f0xx_hal_tim.o
 .comment       0x0000000000000038       0x39 ./system/src/stm32f0xx/stm32f0xx_hal_tim_ex.o
 .comment       0x0000000000000038       0x39 ./system/src/stm32f0xx/stm32f0xx_hal_uart.o
 .comment       0x0000000000000038       0x39 ./system/src/newlib/_exit.o
 .comment       0x0000000000000038       0x39 ./system/src/newlib/_sbrk.o
 .comment       0x0000000000000038       0x39 ./system/src/newlib/_startup.o
 .comment       0x0000000000000038       0x39 ./system/src/newlib/_syscalls.o
 .comment       0x0000000000000038       0x39 ./system/src/cortexm/_initialize_hardware.o
 .comment       0x0000000000000038       0x39 ./system/src/cortexm/_reset_hardware.o
 .comment       0x0000000000000038       0x39 ./system/src/cortexm/exception_handlers.o
 .comment       0x0000000000000038       0x39 ./system/src/cmsis/system_stm32f0xx.o
 .comment       0x0000000000000038       0x39 ./src/dimmer.o
 .comment       0x0000000000000038       0x39 ./src/main.o
 .comment       0x0000000000000038       0x39 ./src/stm32f0xx_hal_msp.o
 .comment       0x0000000000000038       0x39 ./src/stm32f0xx_it.o
 .comment       0x0000000000000038       0x39 /usr/lib/gcc/arm-none-eabi/4.9.3/armv6-m/libgcc.a(bpabi.o)
 .comment       0x0000000000000038       0x39 /usr/lib/gcc/arm-none-eabi/4.9.3/armv6-m/libgcc.a(_muldi3.o)
 .comment       0x0000000000000038       0x39 /usr/lib/gcc/arm-none-eabi/4.9.3/armv6-m/libgcc.a(_divdi3.o)
 .comment       0x0000000000000038       0x39 /usr/lib/gcc/arm-none-eabi/4.9.3/armv6-m/libgcc.a(_udivdi3.o)
 .comment       0x0000000000000038       0x38 /usr/lib/gcc/arm-none-eabi/4.9.3/../../../arm-none-eabi/lib/armv6-m/libg_nano.a(lib_a-atoi.o)
                                         0x39 (size before relaxing)
 .comment       0x0000000000000070       0x39 /usr/lib/gcc/arm-none-eabi/4.9.3/../../../arm-none-eabi/lib/armv6-m/libg_nano.a(lib_a-errno.o)
 .comment       0x0000000000000070       0x39 /usr/lib/gcc/arm-none-eabi/4.9.3/../../../arm-none-eabi/lib/armv6-m/libg_nano.a(lib_a-impure.o)
 .comment       0x0000000000000070       0x39 /usr/lib/gcc/arm-none-eabi/4.9.3/../../../arm-none-eabi/lib/armv6-m/libg_nano.a(lib_a-memchr.o)
 .comment       0x0000000000000070       0x39 /usr/lib/gcc/arm-none-eabi/4.9.3/../../../arm-none-eabi/lib/armv6-m/libg_nano.a(lib_a-memcpy.o)
 .comment       0x0000000000000070       0x39 /usr/lib/gcc/arm-none-eabi/4.9.3/../../../arm-none-eabi/lib/armv6-m/libg_nano.a(lib_a-strtol.o)
 .comment       0x0000000000000070       0x39 /usr/lib/gcc/arm-none-eabi/4.9.3/../../../arm-none-eabi/lib/armv6-m/libg_nano.a(lib_a-vsnprintf.o)
 .comment       0x0000000000000070       0x39 /usr/lib/gcc/arm-none-eabi/4.9.3/../../../arm-none-eabi/lib/armv6-m/libg_nano.a(lib_a-ctype_.o)
 .comment       0x0000000000000070       0x39 /usr/lib/gcc/arm-none-eabi/4.9.3/../../../arm-none-eabi/lib/armv6-m/libg_nano.a(lib_a-nano-svfprintf.o)
 .comment       0x0000000000000070       0x39 /usr/lib/gcc/arm-none-eabi/4.9.3/../../../arm-none-eabi/lib/armv6-m/libg_nano.a(lib_a-nano-vfprintf_i.o)
 .comment       0x0000000000000070       0x39 /usr/lib/gcc/arm-none-eabi/4.9.3/../../../arm-none-eabi/lib/armv6-m/libg_nano.a(lib_a-memmove.o)
 .comment       0x0000000000000070       0x39 /usr/lib/gcc/arm-none-eabi/4.9.3/../../../arm-none-eabi/lib/armv6-m/libg_nano.a(lib_a-nano-freer.o)
 .comment       0x0000000000000070       0x39 /usr/lib/gcc/arm-none-eabi/4.9.3/../../../arm-none-eabi/lib/armv6-m/libg_nano.a(lib_a-nano-mallocr.o)
 .comment       0x0000000000000070       0x39 /usr/lib/gcc/arm-none-eabi/4.9.3/../../../arm-none-eabi/lib/armv6-m/libg_nano.a(lib_a-nano-reallocr.o)
 .comment       0x0000000000000070       0x39 /usr/lib/gcc/arm-none-eabi/4.9.3/../../../arm-none-eabi/lib/armv6-m/libg_nano.a(lib_a-sbrkr.o)
 .comment       0x0000000000000070       0x39 /usr/lib/gcc/arm-none-eabi/4.9.3/../../../arm-none-eabi/lib/armv6-m/libg_nano.a(lib_a-nano-msizer.o)

.ARM.attributes
                0x0000000000000000       0x2f
 .ARM.attributes
                0x0000000000000000       0x31 ./system/src/stm32f0xx/stm32f0xx_hal.o
 .ARM.attributes
                0x0000000000000031       0x31 ./system/src/stm32f0xx/stm32f0xx_hal_adc.o
 .ARM.attributes
                0x0000000000000062       0x31 ./system/src/stm32f0xx/stm32f0xx_hal_adc_ex.o
 .ARM.attributes
                0x0000000000000093       0x31 ./system/src/stm32f0xx/stm32f0xx_hal_cortex.o
 .ARM.attributes
                0x00000000000000c4       0x31 ./system/src/stm32f0xx/stm32f0xx_hal_dma.o
 .ARM.attributes
                0x00000000000000f5       0x31 ./system/src/stm32f0xx/stm32f0xx_hal_gpio.o
 .ARM.attributes
                0x0000000000000126       0x31 ./system/src/stm32f0xx/stm32f0xx_hal_iwdg.o
 .ARM.attributes
                0x0000000000000157       0x31 ./system/src/stm32f0xx/stm32f0xx_hal_rcc.o
 .ARM.attributes
                0x0000000000000188       0x31 ./system/src/stm32f0xx/stm32f0xx_hal_rcc_ex.o
 .ARM.attributes
                0x00000000000001b9       0x31 ./system/src/stm32f0xx/stm32f0xx_hal_tim.o
 .ARM.attributes
                0x00000000000001ea       0x31 ./system/src/stm32f0xx/stm32f0xx_hal_tim_ex.o
 .ARM.attributes
                0x000000000000021b       0x31 ./system/src/stm32f0xx/stm32f0xx_hal_uart.o
 .ARM.attributes
                0x000000000000024c       0x31 ./system/src/newlib/_exit.o
 .ARM.attributes
                0x000000000000027d       0x31 ./system/src/newlib/_sbrk.o
 .ARM.attributes
                0x00000000000002ae       0x31 ./system/src/newlib/_startup.o
 .ARM.attributes
                0x00000000000002df       0x31 ./system/src/newlib/_syscalls.o
 .ARM.attributes
                0x0000000000000310       0x31 ./system/src/cortexm/_initialize_hardware.o
 .ARM.attributes
                0x0000000000000341       0x31 ./system/src/cortexm/_reset_hardware.o
 .ARM.attributes
                0x0000000000000372       0x31 ./system/src/cortexm/exception_handlers.o
 .ARM.attributes
                0x00000000000003a3       0x21 ./system/src/cmsis/startup_stm32f030x6.o
 .ARM.attributes
                0x00000000000003c4       0x31 ./system/src/cmsis/system_stm32f0xx.o
 .ARM.attributes
                0x00000000000003f5       0x31 ./src/dimmer.o
 .ARM.attributes
                0x0000000000000426       0x31 ./src/main.o
 .ARM.attributes
                0x0000000000000457       0x31 ./src/stm32f0xx_hal_msp.o
 .ARM.attributes
                0x0000000000000488       0x31 ./src/stm32f0xx_it.o
 .ARM.attributes
                0x00000000000004b9       0x1e /usr/lib/gcc/arm-none-eabi/4.9.3/armv6-m/libgcc.a(_thumb1_case_uqi.o)
 .ARM.attributes
                0x00000000000004d7       0x1e /usr/lib/gcc/arm-none-eabi/4.9.3/armv6-m/libgcc.a(_udivsi3.o)
 .ARM.attributes
                0x00000000000004f5       0x1e /usr/lib/gcc/arm-none-eabi/4.9.3/armv6-m/libgcc.a(_divsi3.o)
 .ARM.attributes
                0x0000000000000513       0x1e /usr/lib/gcc/arm-none-eabi/4.9.3/armv6-m/libgcc.a(_dvmd_tls.o)
 .ARM.attributes
                0x0000000000000531       0x1e /usr/lib/gcc/arm-none-eabi/4.9.3/armv6-m/libgcc.a(_aeabi_uldivmod.o)
 .ARM.attributes
                0x000000000000054f       0x2c /usr/lib/gcc/arm-none-eabi/4.9.3/armv6-m/libgcc.a(bpabi.o)
 .ARM.attributes
                0x000000000000057b       0x2c /usr/lib/gcc/arm-none-eabi/4.9.3/armv6-m/libgcc.a(_muldi3.o)
 .ARM.attributes
                0x00000000000005a7       0x2c /usr/lib/gcc/arm-none-eabi/4.9.3/armv6-m/libgcc.a(_divdi3.o)
 .ARM.attributes
                0x00000000000005d3       0x2c /usr/lib/gcc/arm-none-eabi/4.9.3/armv6-m/libgcc.a(_udivdi3.o)
 .ARM.attributes
                0x00000000000005ff       0x1e /usr/lib/gcc/arm-none-eabi/4.9.3/armv6-m/libgcc.a(_clzdi2.o)
 .ARM.attributes
                0x000000000000061d       0x1e /usr/lib/gcc/arm-none-eabi/4.9.3/armv6-m/libgcc.a(_clzsi2.o)
 .ARM.attributes
                0x000000000000063b       0x2c /usr/lib/gcc/arm-none-eabi/4.9.3/../../../arm-none-eabi/lib/armv6-m/libg_nano.a(lib_a-atoi.o)
 .ARM.attributes
                0x0000000000000667       0x2c /usr/lib/gcc/arm-none-eabi/4.9.3/../../../arm-none-eabi/lib/armv6-m/libg_nano.a(lib_a-errno.o)
 .ARM.attributes
                0x0000000000000693       0x2c /usr/lib/gcc/arm-none-eabi/4.9.3/../../../arm-none-eabi/lib/armv6-m/libg_nano.a(lib_a-impure.o)
 .ARM.attributes
                0x00000000000006bf       0x2c /usr/lib/gcc/arm-none-eabi/4.9.3/../../../arm-none-eabi/lib/armv6-m/libg_nano.a(lib_a-memchr.o)
 .ARM.attributes
                0x00000000000006eb       0x2c /usr/lib/gcc/arm-none-eabi/4.9.3/../../../arm-none-eabi/lib/armv6-m/libg_nano.a(lib_a-memcpy.o)
 .ARM.attributes
                0x0000000000000717       0x2c /usr/lib/gcc/arm-none-eabi/4.9.3/../../../arm-none-eabi/lib/armv6-m/libg_nano.a(lib_a-strtol.o)
 .ARM.attributes
                0x0000000000000743       0x2c /usr/lib/gcc/arm-none-eabi/4.9.3/../../../arm-none-eabi/lib/armv6-m/libg_nano.a(lib_a-vsnprintf.o)
 .ARM.attributes
                0x000000000000076f       0x2c /usr/lib/gcc/arm-none-eabi/4.9.3/../../../arm-none-eabi/lib/armv6-m/libg_nano.a(lib_a-ctype_.o)
 .ARM.attributes
                0x000000000000079b       0x2c /usr/lib/gcc/arm-none-eabi/4.9.3/../../../arm-none-eabi/lib/armv6-m/libg_nano.a(lib_a-nano-svfprintf.o)
 .ARM.attributes
                0x00000000000007c7       0x2c /usr/lib/gcc/arm-none-eabi/4.9.3/../../../arm-none-eabi/lib/armv6-m/libg_nano.a(lib_a-nano-vfprintf_i.o)
 .ARM.attributes
                0x00000000000007f3       0x2c /usr/lib/gcc/arm-none-eabi/4.9.3/../../../arm-none-eabi/lib/armv6-m/libg_nano.a(lib_a-memmove.o)
 .ARM.attributes
                0x000000000000081f       0x2c /usr/lib/gcc/arm-none-eabi/4.9.3/../../../arm-none-eabi/lib/armv6-m/libg_nano.a(lib_a-nano-freer.o)
 .ARM.attributes
                0x000000000000084b       0x2c /usr/lib/gcc/arm-none-eabi/4.9.3/../../../arm-none-eabi/lib/armv6-m/libg_nano.a(lib_a-nano-mallocr.o)
 .ARM.attributes
                0x0000000000000877       0x2c /usr/lib/gcc/arm-none-eabi/4.9.3/../../../arm-none-eabi/lib/armv6-m/libg_nano.a(lib_a-nano-reallocr.o)
 .ARM.attributes
                0x00000000000008a3       0x2c /usr/lib/gcc/arm-none-eabi/4.9.3/../../../arm-none-eabi/lib/armv6-m/libg_nano.a(lib_a-sbrkr.o)
 .ARM.attributes
                0x00000000000008cf       0x2c /usr/lib/gcc/arm-none-eabi/4.9.3/../../../arm-none-eabi/lib/armv6-m/libg_nano.a(lib_a-nano-msizer.o)

.debug
 *(.debug)

.line
 *(.line)

.debug_srcinfo
 *(.debug_srcinfo)

.debug_sfnames
 *(.debug_sfnames)

.debug_aranges  0x0000000000000000     0x1090
 *(.debug_aranges)
 .debug_aranges
                0x0000000000000000       0xa0 ./system/src/stm32f0xx/stm32f0xx_hal.o
 .debug_aranges
                0x00000000000000a0       0xf8 ./system/src/stm32f0xx/stm32f0xx_hal_adc.o
 .debug_aranges
                0x0000000000000198       0x20 ./system/src/stm32f0xx/stm32f0xx_hal_adc_ex.o
 .debug_aranges
                0x00000000000001b8       0x78 ./system/src/stm32f0xx/stm32f0xx_hal_cortex.o
 .debug_aranges
                0x0000000000000230       0x78 ./system/src/stm32f0xx/stm32f0xx_hal_dma.o
 .debug_aranges
                0x00000000000002a8       0x58 ./system/src/stm32f0xx/stm32f0xx_hal_gpio.o
 .debug_aranges
                0x0000000000000300       0x40 ./system/src/stm32f0xx/stm32f0xx_hal_iwdg.o
 .debug_aranges
                0x0000000000000340       0x80 ./system/src/stm32f0xx/stm32f0xx_hal_rcc.o
 .debug_aranges
                0x00000000000003c0       0x30 ./system/src/stm32f0xx/stm32f0xx_hal_rcc_ex.o
 .debug_aranges
                0x00000000000003f0      0x338 ./system/src/stm32f0xx/stm32f0xx_hal_tim.o
 .debug_aranges
                0x0000000000000728      0x140 ./system/src/stm32f0xx/stm32f0xx_hal_tim_ex.o
 .debug_aranges
                0x0000000000000868      0x1d0 ./system/src/stm32f0xx/stm32f0xx_hal_uart.o
 .debug_aranges
                0x0000000000000a38       0x28 ./system/src/newlib/_exit.o
 .debug_aranges
                0x0000000000000a60       0x20 ./system/src/newlib/_sbrk.o
 .debug_aranges
                0x0000000000000a80       0x40 ./system/src/newlib/_startup.o
 .debug_aranges
                0x0000000000000ac0       0x30 ./system/src/newlib/_syscalls.o
 .debug_aranges
                0x0000000000000af0       0x28 ./system/src/cortexm/_initialize_hardware.o
 .debug_aranges
                0x0000000000000b18       0x20 ./system/src/cortexm/_reset_hardware.o
 .debug_aranges
                0x0000000000000b38       0x50 ./system/src/cortexm/exception_handlers.o
 .debug_aranges
                0x0000000000000b88       0x28 ./system/src/cmsis/startup_stm32f030x6.o
 .debug_aranges
                0x0000000000000bb0       0x28 ./system/src/cmsis/system_stm32f0xx.o
 .debug_aranges
                0x0000000000000bd8       0x78 ./src/dimmer.o
 .debug_aranges
                0x0000000000000c50       0x30 ./src/main.o
 .debug_aranges
                0x0000000000000c80       0x58 ./src/stm32f0xx_hal_msp.o
 .debug_aranges
                0x0000000000000cd8       0x38 ./src/stm32f0xx_it.o
 .debug_aranges
                0x0000000000000d10       0x20 /usr/lib/gcc/arm-none-eabi/4.9.3/armv6-m/libgcc.a(_thumb1_case_uqi.o)
 .debug_aranges
                0x0000000000000d30       0x20 /usr/lib/gcc/arm-none-eabi/4.9.3/armv6-m/libgcc.a(_udivsi3.o)
 .debug_aranges
                0x0000000000000d50       0x20 /usr/lib/gcc/arm-none-eabi/4.9.3/armv6-m/libgcc.a(_divsi3.o)
 .debug_aranges
                0x0000000000000d70       0x20 /usr/lib/gcc/arm-none-eabi/4.9.3/armv6-m/libgcc.a(_dvmd_tls.o)
 .debug_aranges
                0x0000000000000d90       0x20 /usr/lib/gcc/arm-none-eabi/4.9.3/armv6-m/libgcc.a(_aeabi_uldivmod.o)
 .debug_aranges
                0x0000000000000db0       0x20 /usr/lib/gcc/arm-none-eabi/4.9.3/armv6-m/libgcc.a(bpabi.o)
 .debug_aranges
                0x0000000000000dd0       0x20 /usr/lib/gcc/arm-none-eabi/4.9.3/armv6-m/libgcc.a(_muldi3.o)
 .debug_aranges
                0x0000000000000df0       0x20 /usr/lib/gcc/arm-none-eabi/4.9.3/armv6-m/libgcc.a(_divdi3.o)
 .debug_aranges
                0x0000000000000e10       0x20 /usr/lib/gcc/arm-none-eabi/4.9.3/armv6-m/libgcc.a(_udivdi3.o)
 .debug_aranges
                0x0000000000000e30       0x20 /usr/lib/gcc/arm-none-eabi/4.9.3/armv6-m/libgcc.a(_clzdi2.o)
 .debug_aranges
                0x0000000000000e50       0x20 /usr/lib/gcc/arm-none-eabi/4.9.3/armv6-m/libgcc.a(_clzsi2.o)
 .debug_aranges
                0x0000000000000e70       0x28 /usr/lib/gcc/arm-none-eabi/4.9.3/../../../arm-none-eabi/lib/armv6-m/libg_nano.a(lib_a-atoi.o)
 .debug_aranges
                0x0000000000000e98       0x20 /usr/lib/gcc/arm-none-eabi/4.9.3/../../../arm-none-eabi/lib/armv6-m/libg_nano.a(lib_a-errno.o)
 .debug_aranges
                0x0000000000000eb8       0x18 /usr/lib/gcc/arm-none-eabi/4.9.3/../../../arm-none-eabi/lib/armv6-m/libg_nano.a(lib_a-impure.o)
 .debug_aranges
                0x0000000000000ed0       0x20 /usr/lib/gcc/arm-none-eabi/4.9.3/../../../arm-none-eabi/lib/armv6-m/libg_nano.a(lib_a-memchr.o)
 .debug_aranges
                0x0000000000000ef0       0x20 /usr/lib/gcc/arm-none-eabi/4.9.3/../../../arm-none-eabi/lib/armv6-m/libg_nano.a(lib_a-memcpy.o)
 .debug_aranges
                0x0000000000000f10       0x28 /usr/lib/gcc/arm-none-eabi/4.9.3/../../../arm-none-eabi/lib/armv6-m/libg_nano.a(lib_a-strtol.o)
 .debug_aranges
                0x0000000000000f38       0x28 /usr/lib/gcc/arm-none-eabi/4.9.3/../../../arm-none-eabi/lib/armv6-m/libg_nano.a(lib_a-vsnprintf.o)
 .debug_aranges
                0x0000000000000f60       0x18 /usr/lib/gcc/arm-none-eabi/4.9.3/../../../arm-none-eabi/lib/armv6-m/libg_nano.a(lib_a-ctype_.o)
 .debug_aranges
                0x0000000000000f78       0x30 /usr/lib/gcc/arm-none-eabi/4.9.3/../../../arm-none-eabi/lib/armv6-m/libg_nano.a(lib_a-nano-svfprintf.o)
 .debug_aranges
                0x0000000000000fa8       0x28 /usr/lib/gcc/arm-none-eabi/4.9.3/../../../arm-none-eabi/lib/armv6-m/libg_nano.a(lib_a-nano-vfprintf_i.o)
 .debug_aranges
                0x0000000000000fd0       0x20 /usr/lib/gcc/arm-none-eabi/4.9.3/../../../arm-none-eabi/lib/armv6-m/libg_nano.a(lib_a-memmove.o)
 .debug_aranges
                0x0000000000000ff0       0x20 /usr/lib/gcc/arm-none-eabi/4.9.3/../../../arm-none-eabi/lib/armv6-m/libg_nano.a(lib_a-nano-freer.o)
 .debug_aranges
                0x0000000000001010       0x20 /usr/lib/gcc/arm-none-eabi/4.9.3/../../../arm-none-eabi/lib/armv6-m/libg_nano.a(lib_a-nano-mallocr.o)
 .debug_aranges
                0x0000000000001030       0x20 /usr/lib/gcc/arm-none-eabi/4.9.3/../../../arm-none-eabi/lib/armv6-m/libg_nano.a(lib_a-nano-reallocr.o)
 .debug_aranges
                0x0000000000001050       0x20 /usr/lib/gcc/arm-none-eabi/4.9.3/../../../arm-none-eabi/lib/armv6-m/libg_nano.a(lib_a-sbrkr.o)
 .debug_aranges
                0x0000000000001070       0x20 /usr/lib/gcc/arm-none-eabi/4.9.3/../../../arm-none-eabi/lib/armv6-m/libg_nano.a(lib_a-nano-msizer.o)

.debug_pubnames
 *(.debug_pubnames)

.debug_info     0x0000000000000000    0x166ce
 *(.debug_info .gnu.linkonce.wi.*)
 .debug_info    0x0000000000000000      0x58a ./system/src/stm32f0xx/stm32f0xx_hal.o
 .debug_info    0x000000000000058a      0xe47 ./system/src/stm32f0xx/stm32f0xx_hal_adc.o
 .debug_info    0x00000000000013d1      0x524 ./system/src/stm32f0xx/stm32f0xx_hal_adc_ex.o
 .debug_info    0x00000000000018f5      0x768 ./system/src/stm32f0xx/stm32f0xx_hal_cortex.o
 .debug_info    0x000000000000205d      0x798 ./system/src/stm32f0xx/stm32f0xx_hal_dma.o
 .debug_info    0x00000000000027f5      0x5c7 ./system/src/stm32f0xx/stm32f0xx_hal_gpio.o
 .debug_info    0x0000000000002dbc      0x362 ./system/src/stm32f0xx/stm32f0xx_hal_iwdg.o
 .debug_info    0x000000000000311e      0x9cf ./system/src/stm32f0xx/stm32f0xx_hal_rcc.o
 .debug_info    0x0000000000003aed      0x388 ./system/src/stm32f0xx/stm32f0xx_hal_rcc_ex.o
 .debug_info    0x0000000000003e75     0x32e3 ./system/src/stm32f0xx/stm32f0xx_hal_tim.o
 .debug_info    0x0000000000007158     0x1241 ./system/src/stm32f0xx/stm32f0xx_hal_tim_ex.o
 .debug_info    0x0000000000008399     0x1887 ./system/src/stm32f0xx/stm32f0xx_hal_uart.o
 .debug_info    0x0000000000009c20      0x100 ./system/src/newlib/_exit.o
 .debug_info    0x0000000000009d20      0x121 ./system/src/newlib/_sbrk.o
 .debug_info    0x0000000000009e41      0x410 ./system/src/newlib/_startup.o
 .debug_info    0x000000000000a251      0x1b8 ./system/src/newlib/_syscalls.o
 .debug_info    0x000000000000a409       0xbf ./system/src/cortexm/_initialize_hardware.o
 .debug_info    0x000000000000a4c8      0x195 ./system/src/cortexm/_reset_hardware.o
 .debug_info    0x000000000000a65d      0x1a7 ./system/src/cortexm/exception_handlers.o
 .debug_info    0x000000000000a804       0x8c ./system/src/cmsis/startup_stm32f030x6.o
 .debug_info    0x000000000000a890      0x21e ./system/src/cmsis/system_stm32f0xx.o
 .debug_info    0x000000000000aaae     0x12de ./src/dimmer.o
 .debug_info    0x000000000000bd8c     0x175a ./src/main.o
 .debug_info    0x000000000000d4e6     0x10c6 ./src/stm32f0xx_hal_msp.o
 .debug_info    0x000000000000e5ac      0x6a6 ./src/stm32f0xx_it.o
 .debug_info    0x000000000000ec52       0xb9 /usr/lib/gcc/arm-none-eabi/4.9.3/armv6-m/libgcc.a(_thumb1_case_uqi.o)
 .debug_info    0x000000000000ed0b       0xb9 /usr/lib/gcc/arm-none-eabi/4.9.3/armv6-m/libgcc.a(_udivsi3.o)
 .debug_info    0x000000000000edc4       0xb9 /usr/lib/gcc/arm-none-eabi/4.9.3/armv6-m/libgcc.a(_divsi3.o)
 .debug_info    0x000000000000ee7d       0xb9 /usr/lib/gcc/arm-none-eabi/4.9.3/armv6-m/libgcc.a(_dvmd_tls.o)
 .debug_info    0x000000000000ef36       0xb9 /usr/lib/gcc/arm-none-eabi/4.9.3/armv6-m/libgcc.a(_aeabi_uldivmod.o)
 .debug_info    0x000000000000efef      0x15e /usr/lib/gcc/arm-none-eabi/4.9.3/armv6-m/libgcc.a(bpabi.o)
 .debug_info    0x000000000000f14d      0x1fa /usr/lib/gcc/arm-none-eabi/4.9.3/armv6-m/libgcc.a(_muldi3.o)
 .debug_info    0x000000000000f347      0x261 /usr/lib/gcc/arm-none-eabi/4.9.3/armv6-m/libgcc.a(_divdi3.o)
 .debug_info    0x000000000000f5a8      0x1c7 /usr/lib/gcc/arm-none-eabi/4.9.3/armv6-m/libgcc.a(_udivdi3.o)
 .debug_info    0x000000000000f76f       0xb9 /usr/lib/gcc/arm-none-eabi/4.9.3/armv6-m/libgcc.a(_clzdi2.o)
 .debug_info    0x000000000000f828       0xb9 /usr/lib/gcc/arm-none-eabi/4.9.3/armv6-m/libgcc.a(_clzsi2.o)
 .debug_info    0x000000000000f8e1      0x7ed /usr/lib/gcc/arm-none-eabi/4.9.3/../../../arm-none-eabi/lib/armv6-m/libg_nano.a(lib_a-atoi.o)
 .debug_info    0x00000000000100ce      0x735 /usr/lib/gcc/arm-none-eabi/4.9.3/../../../arm-none-eabi/lib/armv6-m/libg_nano.a(lib_a-errno.o)
 .debug_info    0x0000000000010803      0x7d3 /usr/lib/gcc/arm-none-eabi/4.9.3/../../../arm-none-eabi/lib/armv6-m/libg_nano.a(lib_a-impure.o)
 .debug_info    0x0000000000010fd6       0xf8 /usr/lib/gcc/arm-none-eabi/4.9.3/../../../arm-none-eabi/lib/armv6-m/libg_nano.a(lib_a-memchr.o)
 .debug_info    0x00000000000110ce      0x102 /usr/lib/gcc/arm-none-eabi/4.9.3/../../../arm-none-eabi/lib/armv6-m/libg_nano.a(lib_a-memcpy.o)
 .debug_info    0x00000000000111d0      0x853 /usr/lib/gcc/arm-none-eabi/4.9.3/../../../arm-none-eabi/lib/armv6-m/libg_nano.a(lib_a-strtol.o)
 .debug_info    0x0000000000011a23      0x89d /usr/lib/gcc/arm-none-eabi/4.9.3/../../../arm-none-eabi/lib/armv6-m/libg_nano.a(lib_a-vsnprintf.o)
 .debug_info    0x00000000000122c0       0x6f /usr/lib/gcc/arm-none-eabi/4.9.3/../../../arm-none-eabi/lib/armv6-m/libg_nano.a(lib_a-ctype_.o)
 .debug_info    0x000000000001232f      0xe05 /usr/lib/gcc/arm-none-eabi/4.9.3/../../../arm-none-eabi/lib/armv6-m/libg_nano.a(lib_a-nano-svfprintf.o)
 .debug_info    0x0000000000013134      0xb77 /usr/lib/gcc/arm-none-eabi/4.9.3/../../../arm-none-eabi/lib/armv6-m/libg_nano.a(lib_a-nano-vfprintf_i.o)
 .debug_info    0x0000000000013cab      0x102 /usr/lib/gcc/arm-none-eabi/4.9.3/../../../arm-none-eabi/lib/armv6-m/libg_nano.a(lib_a-memmove.o)
 .debug_info    0x0000000000013dad      0x81e /usr/lib/gcc/arm-none-eabi/4.9.3/../../../arm-none-eabi/lib/armv6-m/libg_nano.a(lib_a-nano-freer.o)
 .debug_info    0x00000000000145cb      0x8f9 /usr/lib/gcc/arm-none-eabi/4.9.3/../../../arm-none-eabi/lib/armv6-m/libg_nano.a(lib_a-nano-mallocr.o)
 .debug_info    0x0000000000014ec4      0x8b3 /usr/lib/gcc/arm-none-eabi/4.9.3/../../../arm-none-eabi/lib/armv6-m/libg_nano.a(lib_a-nano-reallocr.o)
 .debug_info    0x0000000000015777      0x7a0 /usr/lib/gcc/arm-none-eabi/4.9.3/../../../arm-none-eabi/lib/armv6-m/libg_nano.a(lib_a-sbrkr.o)
 .debug_info    0x0000000000015f17      0x7b7 /usr/lib/gcc/arm-none-eabi/4.9.3/../../../arm-none-eabi/lib/armv6-m/libg_nano.a(lib_a-nano-msizer.o)

.debug_abbrev   0x0000000000000000     0x444a
 *(.debug_abbrev)
 .debug_abbrev  0x0000000000000000      0x207 ./system/src/stm32f0xx/stm32f0xx_hal.o
 .debug_abbrev  0x0000000000000207      0x2a2 ./system/src/stm32f0xx/stm32f0xx_hal_adc.o
 .debug_abbrev  0x00000000000004a9      0x121 ./system/src/stm32f0xx/stm32f0xx_hal_adc_ex.o
 .debug_abbrev  0x00000000000005ca      0x239 ./system/src/stm32f0xx/stm32f0xx_hal_cortex.o
 .debug_abbrev  0x0000000000000803      0x1db ./system/src/stm32f0xx/stm32f0xx_hal_dma.o
 .debug_abbrev  0x00000000000009de      0x1dc ./system/src/stm32f0xx/stm32f0xx_hal_gpio.o
 .debug_abbrev  0x0000000000000bba      0x18e ./system/src/stm32f0xx/stm32f0xx_hal_iwdg.o
 .debug_abbrev  0x0000000000000d48      0x285 ./system/src/stm32f0xx/stm32f0xx_hal_rcc.o
 .debug_abbrev  0x0000000000000fcd      0x17c ./system/src/stm32f0xx/stm32f0xx_hal_rcc_ex.o
 .debug_abbrev  0x0000000000001149      0x305 ./system/src/stm32f0xx/stm32f0xx_hal_tim.o
 .debug_abbrev  0x000000000000144e      0x227 ./system/src/stm32f0xx/stm32f0xx_hal_tim_ex.o
 .debug_abbrev  0x0000000000001675      0x2cc ./system/src/stm32f0xx/stm32f0xx_hal_uart.o
 .debug_abbrev  0x0000000000001941       0xb8 ./system/src/newlib/_exit.o
 .debug_abbrev  0x00000000000019f9       0xb8 ./system/src/newlib/_sbrk.o
 .debug_abbrev  0x0000000000001ab1      0x1db ./system/src/newlib/_startup.o
 .debug_abbrev  0x0000000000001c8c       0xeb ./system/src/newlib/_syscalls.o
 .debug_abbrev  0x0000000000001d77       0x60 ./system/src/cortexm/_initialize_hardware.o
 .debug_abbrev  0x0000000000001dd7       0xd4 ./system/src/cortexm/_reset_hardware.o
 .debug_abbrev  0x0000000000001eab       0xc4 ./system/src/cortexm/exception_handlers.o
 .debug_abbrev  0x0000000000001f6f       0x12 ./system/src/cmsis/startup_stm32f030x6.o
 .debug_abbrev  0x0000000000001f81       0xf0 ./system/src/cmsis/system_stm32f0xx.o
 .debug_abbrev  0x0000000000002071      0x289 ./src/dimmer.o
 .debug_abbrev  0x00000000000022fa      0x2d9 ./src/main.o
 .debug_abbrev  0x00000000000025d3      0x23e ./src/stm32f0xx_hal_msp.o
 .debug_abbrev  0x0000000000002811      0x151 ./src/stm32f0xx_it.o
 .debug_abbrev  0x0000000000002962       0x14 /usr/lib/gcc/arm-none-eabi/4.9.3/armv6-m/libgcc.a(_thumb1_case_uqi.o)
 .debug_abbrev  0x0000000000002976       0x14 /usr/lib/gcc/arm-none-eabi/4.9.3/armv6-m/libgcc.a(_udivsi3.o)
 .debug_abbrev  0x000000000000298a       0x14 /usr/lib/gcc/arm-none-eabi/4.9.3/armv6-m/libgcc.a(_divsi3.o)
 .debug_abbrev  0x000000000000299e       0x14 /usr/lib/gcc/arm-none-eabi/4.9.3/armv6-m/libgcc.a(_dvmd_tls.o)
 .debug_abbrev  0x00000000000029b2       0x14 /usr/lib/gcc/arm-none-eabi/4.9.3/armv6-m/libgcc.a(_aeabi_uldivmod.o)
 .debug_abbrev  0x00000000000029c6       0xb7 /usr/lib/gcc/arm-none-eabi/4.9.3/armv6-m/libgcc.a(bpabi.o)
 .debug_abbrev  0x0000000000002a7d       0xef /usr/lib/gcc/arm-none-eabi/4.9.3/armv6-m/libgcc.a(_muldi3.o)
 .debug_abbrev  0x0000000000002b6c      0x128 /usr/lib/gcc/arm-none-eabi/4.9.3/armv6-m/libgcc.a(_divdi3.o)
 .debug_abbrev  0x0000000000002c94       0xc7 /usr/lib/gcc/arm-none-eabi/4.9.3/armv6-m/libgcc.a(_udivdi3.o)
 .debug_abbrev  0x0000000000002d5b       0x14 /usr/lib/gcc/arm-none-eabi/4.9.3/armv6-m/libgcc.a(_clzdi2.o)
 .debug_abbrev  0x0000000000002d6f       0x14 /usr/lib/gcc/arm-none-eabi/4.9.3/armv6-m/libgcc.a(_clzsi2.o)
 .debug_abbrev  0x0000000000002d83      0x173 /usr/lib/gcc/arm-none-eabi/4.9.3/../../../arm-none-eabi/lib/armv6-m/libg_nano.a(lib_a-atoi.o)
 .debug_abbrev  0x0000000000002ef6      0x134 /usr/lib/gcc/arm-none-eabi/4.9.3/../../../arm-none-eabi/lib/armv6-m/libg_nano.a(lib_a-errno.o)
 .debug_abbrev  0x000000000000302a      0x136 /usr/lib/gcc/arm-none-eabi/4.9.3/../../../arm-none-eabi/lib/armv6-m/libg_nano.a(lib_a-impure.o)
 .debug_abbrev  0x0000000000003160       0xab /usr/lib/gcc/arm-none-eabi/4.9.3/../../../arm-none-eabi/lib/armv6-m/libg_nano.a(lib_a-memchr.o)
 .debug_abbrev  0x000000000000320b       0xa4 /usr/lib/gcc/arm-none-eabi/4.9.3/../../../arm-none-eabi/lib/armv6-m/libg_nano.a(lib_a-memcpy.o)
 .debug_abbrev  0x00000000000032af      0x1b6 /usr/lib/gcc/arm-none-eabi/4.9.3/../../../arm-none-eabi/lib/armv6-m/libg_nano.a(lib_a-strtol.o)
 .debug_abbrev  0x0000000000003465      0x1ba /usr/lib/gcc/arm-none-eabi/4.9.3/../../../arm-none-eabi/lib/armv6-m/libg_nano.a(lib_a-vsnprintf.o)
 .debug_abbrev  0x000000000000361f       0x4e /usr/lib/gcc/arm-none-eabi/4.9.3/../../../arm-none-eabi/lib/armv6-m/libg_nano.a(lib_a-ctype_.o)
 .debug_abbrev  0x000000000000366d      0x269 /usr/lib/gcc/arm-none-eabi/4.9.3/../../../arm-none-eabi/lib/armv6-m/libg_nano.a(lib_a-nano-svfprintf.o)
 .debug_abbrev  0x00000000000038d6      0x21a /usr/lib/gcc/arm-none-eabi/4.9.3/../../../arm-none-eabi/lib/armv6-m/libg_nano.a(lib_a-nano-vfprintf_i.o)
 .debug_abbrev  0x0000000000003af0       0x9c /usr/lib/gcc/arm-none-eabi/4.9.3/../../../arm-none-eabi/lib/armv6-m/libg_nano.a(lib_a-memmove.o)
 .debug_abbrev  0x0000000000003b8c      0x1b8 /usr/lib/gcc/arm-none-eabi/4.9.3/../../../arm-none-eabi/lib/armv6-m/libg_nano.a(lib_a-nano-freer.o)
 .debug_abbrev  0x0000000000003d44      0x248 /usr/lib/gcc/arm-none-eabi/4.9.3/../../../arm-none-eabi/lib/armv6-m/libg_nano.a(lib_a-nano-mallocr.o)
 .debug_abbrev  0x0000000000003f8c      0x1bb /usr/lib/gcc/arm-none-eabi/4.9.3/../../../arm-none-eabi/lib/armv6-m/libg_nano.a(lib_a-nano-reallocr.o)
 .debug_abbrev  0x0000000000004147      0x1a2 /usr/lib/gcc/arm-none-eabi/4.9.3/../../../arm-none-eabi/lib/armv6-m/libg_nano.a(lib_a-sbrkr.o)
 .debug_abbrev  0x00000000000042e9      0x161 /usr/lib/gcc/arm-none-eabi/4.9.3/../../../arm-none-eabi/lib/armv6-m/libg_nano.a(lib_a-nano-msizer.o)

.debug_line     0x0000000000000000     0x7467
 *(.debug_line)
 .debug_line    0x0000000000000000      0x2c6 ./system/src/stm32f0xx/stm32f0xx_hal.o
 .debug_line    0x00000000000002c6      0x6ff ./system/src/stm32f0xx/stm32f0xx_hal_adc.o
 .debug_line    0x00000000000009c5      0x1ae ./system/src/stm32f0xx/stm32f0xx_hal_adc_ex.o
 .debug_line    0x0000000000000b73      0x2b3 ./system/src/stm32f0xx/stm32f0xx_hal_cortex.o
 .debug_line    0x0000000000000e26      0x3c3 ./system/src/stm32f0xx/stm32f0xx_hal_dma.o
 .debug_line    0x00000000000011e9      0x2b5 ./system/src/stm32f0xx/stm32f0xx_hal_gpio.o
 .debug_line    0x000000000000149e      0x22c ./system/src/stm32f0xx/stm32f0xx_hal_iwdg.o
 .debug_line    0x00000000000016ca      0x426 ./system/src/stm32f0xx/stm32f0xx_hal_rcc.o
 .debug_line    0x0000000000001af0      0x268 ./system/src/stm32f0xx/stm32f0xx_hal_rcc_ex.o
 .debug_line    0x0000000000001d58     0x1393 ./system/src/stm32f0xx/stm32f0xx_hal_tim.o
 .debug_line    0x00000000000030eb      0x7ab ./system/src/stm32f0xx/stm32f0xx_hal_tim_ex.o
 .debug_line    0x0000000000003896      0xcc4 ./system/src/stm32f0xx/stm32f0xx_hal_uart.o
 .debug_line    0x000000000000455a       0xc3 ./system/src/newlib/_exit.o
 .debug_line    0x000000000000461d       0x92 ./system/src/newlib/_sbrk.o
 .debug_line    0x00000000000046af       0xfe ./system/src/newlib/_startup.o
 .debug_line    0x00000000000047ad       0xd5 ./system/src/newlib/_syscalls.o
 .debug_line    0x0000000000004882       0xa7 ./system/src/cortexm/_initialize_hardware.o
 .debug_line    0x0000000000004929       0xda ./system/src/cortexm/_reset_hardware.o
 .debug_line    0x0000000000004a03      0x11f ./system/src/cortexm/exception_handlers.o
 .debug_line    0x0000000000004b22       0x8c ./system/src/cmsis/startup_stm32f030x6.o
 .debug_line    0x0000000000004bae      0x100 ./system/src/cmsis/system_stm32f0xx.o
 .debug_line    0x0000000000004cae      0x368 ./src/dimmer.o
 .debug_line    0x0000000000005016      0x373 ./src/main.o
 .debug_line    0x0000000000005389      0x2da ./src/stm32f0xx_hal_msp.o
 .debug_line    0x0000000000005663      0x1a8 ./src/stm32f0xx_it.o
 .debug_line    0x000000000000580b       0x66 /usr/lib/gcc/arm-none-eabi/4.9.3/armv6-m/libgcc.a(_thumb1_case_uqi.o)
 .debug_line    0x0000000000005871       0x6c /usr/lib/gcc/arm-none-eabi/4.9.3/armv6-m/libgcc.a(_udivsi3.o)
 .debug_line    0x00000000000058dd       0x73 /usr/lib/gcc/arm-none-eabi/4.9.3/armv6-m/libgcc.a(_divsi3.o)
 .debug_line    0x0000000000005950       0x5e /usr/lib/gcc/arm-none-eabi/4.9.3/armv6-m/libgcc.a(_dvmd_tls.o)
 .debug_line    0x00000000000059ae       0x69 /usr/lib/gcc/arm-none-eabi/4.9.3/armv6-m/libgcc.a(_aeabi_uldivmod.o)
 .debug_line    0x0000000000005a17       0x68 /usr/lib/gcc/arm-none-eabi/4.9.3/armv6-m/libgcc.a(bpabi.o)
 .debug_line    0x0000000000005a7f       0x8d /usr/lib/gcc/arm-none-eabi/4.9.3/armv6-m/libgcc.a(_muldi3.o)
 .debug_line    0x0000000000005b0c       0xab /usr/lib/gcc/arm-none-eabi/4.9.3/armv6-m/libgcc.a(_divdi3.o)
 .debug_line    0x0000000000005bb7       0x9a /usr/lib/gcc/arm-none-eabi/4.9.3/armv6-m/libgcc.a(_udivdi3.o)
 .debug_line    0x0000000000005c51       0x68 /usr/lib/gcc/arm-none-eabi/4.9.3/armv6-m/libgcc.a(_clzdi2.o)
 .debug_line    0x0000000000005cb9       0x72 /usr/lib/gcc/arm-none-eabi/4.9.3/armv6-m/libgcc.a(_clzsi2.o)
 .debug_line    0x0000000000005d2b      0x16a /usr/lib/gcc/arm-none-eabi/4.9.3/../../../arm-none-eabi/lib/armv6-m/libg_nano.a(lib_a-atoi.o)
 .debug_line    0x0000000000005e95      0x10e /usr/lib/gcc/arm-none-eabi/4.9.3/../../../arm-none-eabi/lib/armv6-m/libg_nano.a(lib_a-errno.o)
 .debug_line    0x0000000000005fa3       0xf1 /usr/lib/gcc/arm-none-eabi/4.9.3/../../../arm-none-eabi/lib/armv6-m/libg_nano.a(lib_a-impure.o)
 .debug_line    0x0000000000006094       0xf1 /usr/lib/gcc/arm-none-eabi/4.9.3/../../../arm-none-eabi/lib/armv6-m/libg_nano.a(lib_a-memchr.o)
 .debug_line    0x0000000000006185       0xf1 /usr/lib/gcc/arm-none-eabi/4.9.3/../../../arm-none-eabi/lib/armv6-m/libg_nano.a(lib_a-memcpy.o)
 .debug_line    0x0000000000006276      0x20b /usr/lib/gcc/arm-none-eabi/4.9.3/../../../arm-none-eabi/lib/armv6-m/libg_nano.a(lib_a-strtol.o)
 .debug_line    0x0000000000006481      0x1bb /usr/lib/gcc/arm-none-eabi/4.9.3/../../../arm-none-eabi/lib/armv6-m/libg_nano.a(lib_a-vsnprintf.o)
 .debug_line    0x000000000000663c       0x72 /usr/lib/gcc/arm-none-eabi/4.9.3/../../../arm-none-eabi/lib/armv6-m/libg_nano.a(lib_a-ctype_.o)
 .debug_line    0x00000000000066ae      0x309 /usr/lib/gcc/arm-none-eabi/4.9.3/../../../arm-none-eabi/lib/armv6-m/libg_nano.a(lib_a-nano-svfprintf.o)
 .debug_line    0x00000000000069b7      0x2fd /usr/lib/gcc/arm-none-eabi/4.9.3/../../../arm-none-eabi/lib/armv6-m/libg_nano.a(lib_a-nano-vfprintf_i.o)
 .debug_line    0x0000000000006cb4       0xf8 /usr/lib/gcc/arm-none-eabi/4.9.3/../../../arm-none-eabi/lib/armv6-m/libg_nano.a(lib_a-memmove.o)
 .debug_line    0x0000000000006dac      0x140 /usr/lib/gcc/arm-none-eabi/4.9.3/../../../arm-none-eabi/lib/armv6-m/libg_nano.a(lib_a-nano-freer.o)
 .debug_line    0x0000000000006eec      0x19a /usr/lib/gcc/arm-none-eabi/4.9.3/../../../arm-none-eabi/lib/armv6-m/libg_nano.a(lib_a-nano-mallocr.o)
 .debug_line    0x0000000000007086      0x170 /usr/lib/gcc/arm-none-eabi/4.9.3/../../../arm-none-eabi/lib/armv6-m/libg_nano.a(lib_a-nano-reallocr.o)
 .debug_line    0x00000000000071f6      0x162 /usr/lib/gcc/arm-none-eabi/4.9.3/../../../arm-none-eabi/lib/armv6-m/libg_nano.a(lib_a-sbrkr.o)
 .debug_line    0x0000000000007358      0x10f /usr/lib/gcc/arm-none-eabi/4.9.3/../../../arm-none-eabi/lib/armv6-m/libg_nano.a(lib_a-nano-msizer.o)

.debug_frame    0x0000000000000000     0x24c0
 *(.debug_frame)
 .debug_frame   0x0000000000000000      0x144 ./system/src/stm32f0xx/stm32f0xx_hal.o
 .debug_frame   0x0000000000000144      0x2d0 ./system/src/stm32f0xx/stm32f0xx_hal_adc.o
 .debug_frame   0x0000000000000414       0x2c ./system/src/stm32f0xx/stm32f0xx_hal_adc_ex.o
 .debug_frame   0x0000000000000440       0xe4 ./system/src/stm32f0xx/stm32f0xx_hal_cortex.o
 .debug_frame   0x0000000000000524      0x154 ./system/src/stm32f0xx/stm32f0xx_hal_dma.o
 .debug_frame   0x0000000000000678       0xc0 ./system/src/stm32f0xx/stm32f0xx_hal_gpio.o
 .debug_frame   0x0000000000000738       0x84 ./system/src/stm32f0xx/stm32f0xx_hal_iwdg.o
 .debug_frame   0x00000000000007bc      0x130 ./system/src/stm32f0xx/stm32f0xx_hal_rcc.o
 .debug_frame   0x00000000000008ec       0x58 ./system/src/stm32f0xx/stm32f0xx_hal_rcc_ex.o
 .debug_frame   0x0000000000000944      0x920 ./system/src/stm32f0xx/stm32f0xx_hal_tim.o
 .debug_frame   0x0000000000001264      0x390 ./system/src/stm32f0xx/stm32f0xx_hal_tim_ex.o
 .debug_frame   0x00000000000015f4      0x528 ./system/src/stm32f0xx/stm32f0xx_hal_uart.o
 .debug_frame   0x0000000000001b1c       0x40 ./system/src/newlib/_exit.o
 .debug_frame   0x0000000000001b5c       0x28 ./system/src/newlib/_sbrk.o
 .debug_frame   0x0000000000001b84       0x88 ./system/src/newlib/_startup.o
 .debug_frame   0x0000000000001c0c       0x50 ./system/src/newlib/_syscalls.o
 .debug_frame   0x0000000000001c5c       0x40 ./system/src/cortexm/_initialize_hardware.o
 .debug_frame   0x0000000000001c9c       0x20 ./system/src/cortexm/_reset_hardware.o
 .debug_frame   0x0000000000001cbc       0x80 ./system/src/cortexm/exception_handlers.o
 .debug_frame   0x0000000000001d3c       0x3c ./system/src/cmsis/system_stm32f0xx.o
 .debug_frame   0x0000000000001d78      0x160 ./src/dimmer.o
 .debug_frame   0x0000000000001ed8       0x5c ./src/main.o
 .debug_frame   0x0000000000001f34       0xdc ./src/stm32f0xx_hal_msp.o
 .debug_frame   0x0000000000002010       0x70 ./src/stm32f0xx_it.o
 .debug_frame   0x0000000000002080       0x20 /usr/lib/gcc/arm-none-eabi/4.9.3/armv6-m/libgcc.a(_udivsi3.o)
 .debug_frame   0x00000000000020a0       0x20 /usr/lib/gcc/arm-none-eabi/4.9.3/armv6-m/libgcc.a(_divsi3.o)
 .debug_frame   0x00000000000020c0       0x50 /usr/lib/gcc/arm-none-eabi/4.9.3/armv6-m/libgcc.a(bpabi.o)
 .debug_frame   0x0000000000002110       0x34 /usr/lib/gcc/arm-none-eabi/4.9.3/armv6-m/libgcc.a(_muldi3.o)
 .debug_frame   0x0000000000002144       0x3c /usr/lib/gcc/arm-none-eabi/4.9.3/armv6-m/libgcc.a(_divdi3.o)
 .debug_frame   0x0000000000002180       0x3c /usr/lib/gcc/arm-none-eabi/4.9.3/armv6-m/libgcc.a(_udivdi3.o)
 .debug_frame   0x00000000000021bc       0x40 /usr/lib/gcc/arm-none-eabi/4.9.3/../../../arm-none-eabi/lib/armv6-m/libg_nano.a(lib_a-atoi.o)
 .debug_frame   0x00000000000021fc       0x20 /usr/lib/gcc/arm-none-eabi/4.9.3/../../../arm-none-eabi/lib/armv6-m/libg_nano.a(lib_a-errno.o)
 .debug_frame   0x000000000000221c       0x20 /usr/lib/gcc/arm-none-eabi/4.9.3/../../../arm-none-eabi/lib/armv6-m/libg_nano.a(lib_a-memchr.o)
 .debug_frame   0x000000000000223c       0x28 /usr/lib/gcc/arm-none-eabi/4.9.3/../../../arm-none-eabi/lib/armv6-m/libg_nano.a(lib_a-memcpy.o)
 .debug_frame   0x0000000000002264       0x4c /usr/lib/gcc/arm-none-eabi/4.9.3/../../../arm-none-eabi/lib/armv6-m/libg_nano.a(lib_a-strtol.o)
 .debug_frame   0x00000000000022b0       0x4c /usr/lib/gcc/arm-none-eabi/4.9.3/../../../arm-none-eabi/lib/armv6-m/libg_nano.a(lib_a-vsnprintf.o)
 .debug_frame   0x00000000000022fc       0x74 /usr/lib/gcc/arm-none-eabi/4.9.3/../../../arm-none-eabi/lib/armv6-m/libg_nano.a(lib_a-nano-svfprintf.o)
 .debug_frame   0x0000000000002370       0x54 /usr/lib/gcc/arm-none-eabi/4.9.3/../../../arm-none-eabi/lib/armv6-m/libg_nano.a(lib_a-nano-vfprintf_i.o)
 .debug_frame   0x00000000000023c4       0x28 /usr/lib/gcc/arm-none-eabi/4.9.3/../../../arm-none-eabi/lib/armv6-m/libg_nano.a(lib_a-memmove.o)
 .debug_frame   0x00000000000023ec       0x2c /usr/lib/gcc/arm-none-eabi/4.9.3/../../../arm-none-eabi/lib/armv6-m/libg_nano.a(lib_a-nano-freer.o)
 .debug_frame   0x0000000000002418       0x2c /usr/lib/gcc/arm-none-eabi/4.9.3/../../../arm-none-eabi/lib/armv6-m/libg_nano.a(lib_a-nano-mallocr.o)
 .debug_frame   0x0000000000002444       0x30 /usr/lib/gcc/arm-none-eabi/4.9.3/../../../arm-none-eabi/lib/armv6-m/libg_nano.a(lib_a-nano-reallocr.o)
 .debug_frame   0x0000000000002474       0x2c /usr/lib/gcc/arm-none-eabi/4.9.3/../../../arm-none-eabi/lib/armv6-m/libg_nano.a(lib_a-sbrkr.o)
 .debug_frame   0x00000000000024a0       0x20 /usr/lib/gcc/arm-none-eabi/4.9.3/../../../arm-none-eabi/lib/armv6-m/libg_nano.a(lib_a-nano-msizer.o)

.debug_str      0x0000000000000000     0x49a4
 *(.debug_str)
 .debug_str     0x0000000000000000      0x53c ./system/src/stm32f0xx/stm32f0xx_hal.o
                                        0x589 (size before relaxing)
 .debug_str     0x000000000000053c      0x67f ./system/src/stm32f0xx/stm32f0xx_hal_adc.o
                                        0x8c3 (size before relaxing)
 .debug_str     0x0000000000000bbb       0x4b ./system/src/stm32f0xx/stm32f0xx_hal_adc_ex.o
                                        0x579 (size before relaxing)
 .debug_str     0x0000000000000c06      0x1b0 ./system/src/stm32f0xx/stm32f0xx_hal_cortex.o
                                        0x5a9 (size before relaxing)
 .debug_str     0x0000000000000db6      0x227 ./system/src/stm32f0xx/stm32f0xx_hal_dma.o
                                        0x61c (size before relaxing)
 .debug_str     0x0000000000000fdd      0x1b5 ./system/src/stm32f0xx/stm32f0xx_hal_gpio.o
                                        0x404 (size before relaxing)
 .debug_str     0x0000000000001192      0x148 ./system/src/stm32f0xx/stm32f0xx_hal_iwdg.o
                                        0x379 (size before relaxing)
 .debug_str     0x00000000000012da      0x308 ./system/src/stm32f0xx/stm32f0xx_hal_rcc.o
                                        0x629 (size before relaxing)
 .debug_str     0x00000000000015e2      0x11b ./system/src/stm32f0xx/stm32f0xx_hal_rcc_ex.o
                                        0x3b7 (size before relaxing)
 .debug_str     0x00000000000016fd      0xee5 ./system/src/stm32f0xx/stm32f0xx_hal_tim.o
                                       0x1333 (size before relaxing)
 .debug_str     0x00000000000025e2      0x501 ./system/src/stm32f0xx/stm32f0xx_hal_tim_ex.o
                                        0xbf1 (size before relaxing)
 .debug_str     0x0000000000002ae3      0x85c ./system/src/stm32f0xx/stm32f0xx_hal_uart.o
                                        0xd65 (size before relaxing)
 .debug_str     0x000000000000333f       0x4a ./system/src/newlib/_exit.o
                                        0x1c8 (size before relaxing)
 .debug_str     0x0000000000003389       0x77 ./system/src/newlib/_sbrk.o
                                        0x1f5 (size before relaxing)
 .debug_str     0x0000000000003400      0x16d ./system/src/newlib/_startup.o
                                        0x30d (size before relaxing)
 .debug_str     0x000000000000356d       0x52 ./system/src/newlib/_syscalls.o
                                        0x1f5 (size before relaxing)
 .debug_str     0x00000000000035bf       0x4e ./system/src/cortexm/_initialize_hardware.o
                                        0x1ed (size before relaxing)
 .debug_str     0x000000000000360d       0x28 ./system/src/cortexm/_reset_hardware.o
                                        0x200 (size before relaxing)
 .debug_str     0x0000000000003635       0xb0 ./system/src/cortexm/exception_handlers.o
                                        0x242 (size before relaxing)
 .debug_str     0x00000000000036e5       0x46 ./system/src/cmsis/system_stm32f0xx.o
                                        0x264 (size before relaxing)
 .debug_str     0x000000000000372b      0x19b ./src/dimmer.o
                                        0xc6e (size before relaxing)
 .debug_str     0x00000000000038c6       0xd8 ./src/main.o
                                       0x1134 (size before relaxing)
 .debug_str     0x000000000000399e       0x35 ./src/stm32f0xx_hal_msp.o
                                        0xce8 (size before relaxing)
 .debug_str     0x00000000000039d3       0x5c ./src/stm32f0xx_it.o
                                        0x6ec (size before relaxing)
 .debug_str     0x0000000000003a2f      0x1a8 /usr/lib/gcc/arm-none-eabi/4.9.3/armv6-m/libgcc.a(bpabi.o)
                                        0x1cd (size before relaxing)
 .debug_str     0x0000000000003bd7       0x8d /usr/lib/gcc/arm-none-eabi/4.9.3/armv6-m/libgcc.a(_muldi3.o)
                                        0x25e (size before relaxing)
 .debug_str     0x0000000000003c64       0xea /usr/lib/gcc/arm-none-eabi/4.9.3/armv6-m/libgcc.a(_divdi3.o)
                                        0x258 (size before relaxing)
 .debug_str     0x0000000000003d4e      0x235 /usr/lib/gcc/arm-none-eabi/4.9.3/armv6-m/libgcc.a(_udivdi3.o)
 .debug_str     0x0000000000003d4e      0x454 /usr/lib/gcc/arm-none-eabi/4.9.3/../../../arm-none-eabi/lib/armv6-m/libg_nano.a(lib_a-atoi.o)
                                        0x530 (size before relaxing)
 .debug_str     0x00000000000041a2       0x95 /usr/lib/gcc/arm-none-eabi/4.9.3/../../../arm-none-eabi/lib/armv6-m/libg_nano.a(lib_a-errno.o)
                                        0x525 (size before relaxing)
 .debug_str     0x0000000000004237       0xf4 /usr/lib/gcc/arm-none-eabi/4.9.3/../../../arm-none-eabi/lib/armv6-m/libg_nano.a(lib_a-impure.o)
                                        0x57c (size before relaxing)
 .debug_str     0x000000000000432b       0xa8 /usr/lib/gcc/arm-none-eabi/4.9.3/../../../arm-none-eabi/lib/armv6-m/libg_nano.a(lib_a-memchr.o)
                                        0x1e4 (size before relaxing)
 .debug_str     0x00000000000043d3       0x42 /usr/lib/gcc/arm-none-eabi/4.9.3/../../../arm-none-eabi/lib/armv6-m/libg_nano.a(lib_a-memcpy.o)
                                        0x1e8 (size before relaxing)
 .debug_str     0x0000000000004415       0x5b /usr/lib/gcc/arm-none-eabi/4.9.3/../../../arm-none-eabi/lib/armv6-m/libg_nano.a(lib_a-strtol.o)
                                        0x563 (size before relaxing)
 .debug_str     0x0000000000004470       0xb3 /usr/lib/gcc/arm-none-eabi/4.9.3/../../../arm-none-eabi/lib/armv6-m/libg_nano.a(lib_a-vsnprintf.o)
                                        0x57c (size before relaxing)
 .debug_str     0x0000000000004523       0x9e /usr/lib/gcc/arm-none-eabi/4.9.3/../../../arm-none-eabi/lib/armv6-m/libg_nano.a(lib_a-ctype_.o)
                                        0x156 (size before relaxing)
 .debug_str     0x00000000000045c1      0x1df /usr/lib/gcc/arm-none-eabi/4.9.3/../../../arm-none-eabi/lib/armv6-m/libg_nano.a(lib_a-nano-svfprintf.o)
                                        0x6ae (size before relaxing)
 .debug_str     0x00000000000047a0       0x8e /usr/lib/gcc/arm-none-eabi/4.9.3/../../../arm-none-eabi/lib/armv6-m/libg_nano.a(lib_a-nano-vfprintf_i.o)
                                        0x64d (size before relaxing)
 .debug_str     0x000000000000482e       0x38 /usr/lib/gcc/arm-none-eabi/4.9.3/../../../arm-none-eabi/lib/armv6-m/libg_nano.a(lib_a-memmove.o)
                                        0x1ef (size before relaxing)
 .debug_str     0x0000000000004866       0x90 /usr/lib/gcc/arm-none-eabi/4.9.3/../../../arm-none-eabi/lib/armv6-m/libg_nano.a(lib_a-nano-freer.o)
                                        0x595 (size before relaxing)
 .debug_str     0x00000000000048f6       0x50 /usr/lib/gcc/arm-none-eabi/4.9.3/../../../arm-none-eabi/lib/armv6-m/libg_nano.a(lib_a-nano-mallocr.o)
                                        0x5ca (size before relaxing)
 .debug_str     0x0000000000004946       0x23 /usr/lib/gcc/arm-none-eabi/4.9.3/../../../arm-none-eabi/lib/armv6-m/libg_nano.a(lib_a-nano-reallocr.o)
                                        0x59d (size before relaxing)
 .debug_str     0x0000000000004969       0x2c /usr/lib/gcc/arm-none-eabi/4.9.3/../../../arm-none-eabi/lib/armv6-m/libg_nano.a(lib_a-sbrkr.o)
                                        0x534 (size before relaxing)
 .debug_str     0x0000000000004995        0xf /usr/lib/gcc/arm-none-eabi/4.9.3/../../../arm-none-eabi/lib/armv6-m/libg_nano.a(lib_a-nano-msizer.o)
                                        0x57b (size before relaxing)

.debug_loc      0x0000000000000000     0xa966
 *(.debug_loc)
 .debug_loc     0x0000000000000000       0x6a ./system/src/stm32f0xx/stm32f0xx_hal.o
 .debug_loc     0x000000000000006a      0xa0f ./system/src/stm32f0xx/stm32f0xx_hal_adc.o
 .debug_loc     0x0000000000000a79       0xb3 ./system/src/stm32f0xx/stm32f0xx_hal_adc_ex.o
 .debug_loc     0x0000000000000b2c      0x233 ./system/src/stm32f0xx/stm32f0xx_hal_cortex.o
 .debug_loc     0x0000000000000d5f      0x73a ./system/src/stm32f0xx/stm32f0xx_hal_dma.o
 .debug_loc     0x0000000000001499      0x31e ./system/src/stm32f0xx/stm32f0xx_hal_gpio.o
 .debug_loc     0x00000000000017b7      0x10d ./system/src/stm32f0xx/stm32f0xx_hal_iwdg.o
 .debug_loc     0x00000000000018c4      0x44d ./system/src/stm32f0xx/stm32f0xx_hal_rcc.o
 .debug_loc     0x0000000000001d11      0x253 ./system/src/stm32f0xx/stm32f0xx_hal_rcc_ex.o
 .debug_loc     0x0000000000001f64     0x3b6e ./system/src/stm32f0xx/stm32f0xx_hal_tim.o
 .debug_loc     0x0000000000005ad2      0xf3e ./system/src/stm32f0xx/stm32f0xx_hal_tim_ex.o
 .debug_loc     0x0000000000006a10     0x1314 ./system/src/stm32f0xx/stm32f0xx_hal_uart.o
 .debug_loc     0x0000000000007d24       0x21 ./system/src/newlib/_exit.o
 .debug_loc     0x0000000000007d45       0x5f ./system/src/newlib/_sbrk.o
 .debug_loc     0x0000000000007da4      0x236 ./system/src/newlib/_startup.o
 .debug_loc     0x0000000000007fda       0x63 ./system/src/newlib/_syscalls.o
 .debug_loc     0x000000000000803d      0x126 ./system/src/cmsis/system_stm32f0xx.o
 .debug_loc     0x0000000000008163      0x25b ./src/dimmer.o
 .debug_loc     0x00000000000083be       0xea ./src/stm32f0xx_hal_msp.o
 .debug_loc     0x00000000000084a8       0xe0 /usr/lib/gcc/arm-none-eabi/4.9.3/armv6-m/libgcc.a(bpabi.o)
 .debug_loc     0x0000000000008588      0x191 /usr/lib/gcc/arm-none-eabi/4.9.3/armv6-m/libgcc.a(_muldi3.o)
 .debug_loc     0x0000000000008719      0x541 /usr/lib/gcc/arm-none-eabi/4.9.3/armv6-m/libgcc.a(_divdi3.o)
 .debug_loc     0x0000000000008c5a      0x479 /usr/lib/gcc/arm-none-eabi/4.9.3/armv6-m/libgcc.a(_udivdi3.o)
 .debug_loc     0x00000000000090d3       0x63 /usr/lib/gcc/arm-none-eabi/4.9.3/../../../arm-none-eabi/lib/armv6-m/libg_nano.a(lib_a-atoi.o)
 .debug_loc     0x0000000000009136       0xa7 /usr/lib/gcc/arm-none-eabi/4.9.3/../../../arm-none-eabi/lib/armv6-m/libg_nano.a(lib_a-memchr.o)
 .debug_loc     0x00000000000091dd       0xcf /usr/lib/gcc/arm-none-eabi/4.9.3/../../../arm-none-eabi/lib/armv6-m/libg_nano.a(lib_a-memcpy.o)
 .debug_loc     0x00000000000092ac      0x350 /usr/lib/gcc/arm-none-eabi/4.9.3/../../../arm-none-eabi/lib/armv6-m/libg_nano.a(lib_a-strtol.o)
 .debug_loc     0x00000000000095fc      0x1a4 /usr/lib/gcc/arm-none-eabi/4.9.3/../../../arm-none-eabi/lib/armv6-m/libg_nano.a(lib_a-vsnprintf.o)
 .debug_loc     0x00000000000097a0      0x581 /usr/lib/gcc/arm-none-eabi/4.9.3/../../../arm-none-eabi/lib/armv6-m/libg_nano.a(lib_a-nano-svfprintf.o)
 .debug_loc     0x0000000000009d21      0x57d /usr/lib/gcc/arm-none-eabi/4.9.3/../../../arm-none-eabi/lib/armv6-m/libg_nano.a(lib_a-nano-vfprintf_i.o)
 .debug_loc     0x000000000000a29e      0x152 /usr/lib/gcc/arm-none-eabi/4.9.3/../../../arm-none-eabi/lib/armv6-m/libg_nano.a(lib_a-memmove.o)
 .debug_loc     0x000000000000a3f0      0x137 /usr/lib/gcc/arm-none-eabi/4.9.3/../../../arm-none-eabi/lib/armv6-m/libg_nano.a(lib_a-nano-freer.o)
 .debug_loc     0x000000000000a527      0x214 /usr/lib/gcc/arm-none-eabi/4.9.3/../../../arm-none-eabi/lib/armv6-m/libg_nano.a(lib_a-nano-mallocr.o)
 .debug_loc     0x000000000000a73b      0x142 /usr/lib/gcc/arm-none-eabi/4.9.3/../../../arm-none-eabi/lib/armv6-m/libg_nano.a(lib_a-nano-reallocr.o)
 .debug_loc     0x000000000000a87d       0x4d /usr/lib/gcc/arm-none-eabi/4.9.3/../../../arm-none-eabi/lib/armv6-m/libg_nano.a(lib_a-sbrkr.o)
 .debug_loc     0x000000000000a8ca       0x9c /usr/lib/gcc/arm-none-eabi/4.9.3/../../../arm-none-eabi/lib/armv6-m/libg_nano.a(lib_a-nano-msizer.o)

.debug_macinfo
 *(.debug_macinfo)

.debug_weaknames
 *(.debug_weaknames)

.debug_funcnames
 *(.debug_funcnames)

.debug_typenames
 *(.debug_typenames)

.debug_varnames
 *(.debug_varnames)
OUTPUT(dimmer4ch-Eclipse.elf elf32-littlearm)

.debug_ranges   0x0000000000000000     0x1348
 .debug_ranges  0x0000000000000000       0x90 ./system/src/stm32f0xx/stm32f0xx_hal.o
 .debug_ranges  0x0000000000000090       0xe8 ./system/src/stm32f0xx/stm32f0xx_hal_adc.o
 .debug_ranges  0x0000000000000178       0x10 ./system/src/stm32f0xx/stm32f0xx_hal_adc_ex.o
 .debug_ranges  0x0000000000000188       0xe8 ./system/src/stm32f0xx/stm32f0xx_hal_cortex.o
 .debug_ranges  0x0000000000000270       0xd0 ./system/src/stm32f0xx/stm32f0xx_hal_dma.o
 .debug_ranges  0x0000000000000340       0x60 ./system/src/stm32f0xx/stm32f0xx_hal_gpio.o
 .debug_ranges  0x00000000000003a0       0x30 ./system/src/stm32f0xx/stm32f0xx_hal_iwdg.o
 .debug_ranges  0x00000000000003d0       0xc8 ./system/src/stm32f0xx/stm32f0xx_hal_rcc.o
 .debug_ranges  0x0000000000000498       0x20 ./system/src/stm32f0xx/stm32f0xx_hal_rcc_ex.o
 .debug_ranges  0x00000000000004b8      0x5a8 ./system/src/stm32f0xx/stm32f0xx_hal_tim.o
 .debug_ranges  0x0000000000000a60      0x130 ./system/src/stm32f0xx/stm32f0xx_hal_tim_ex.o
 .debug_ranges  0x0000000000000b90      0x238 ./system/src/stm32f0xx/stm32f0xx_hal_uart.o
 .debug_ranges  0x0000000000000dc8       0x18 ./system/src/newlib/_exit.o
 .debug_ranges  0x0000000000000de0       0x10 ./system/src/newlib/_sbrk.o
 .debug_ranges  0x0000000000000df0       0x48 ./system/src/newlib/_startup.o